start...
2021-09-25T02:12:13.317+0800: [GC (Allocation Failure) 2021-09-25T02:12:13.317+0800: [ParNew: 409024K->51070K(460096K), 0.0216675 secs] 409024K->120042K(4143232K), 0.0217917 secs] [Times: user=0.16 sys=0.03, real=0.02 secs] 
2021-09-25T02:12:13.385+0800: [GC (Allocation Failure) 2021-09-25T02:12:13.385+0800: [ParNew: 460094K->51072K(460096K), 0.0268856 secs] 529066K->231008K(4143232K), 0.0269862 secs] [Times: user=0.06 sys=0.03, real=0.03 secs] 
2021-09-25T02:12:13.461+0800: [GC (Allocation Failure) 2021-09-25T02:12:13.461+0800: [ParNew: 460096K->51071K(460096K), 0.0389862 secs] 640032K->331120K(4143232K), 0.0390857 secs] [Times: user=0.16 sys=0.02, real=0.04 secs] 
2021-09-25T02:12:13.548+0800: [GC (Allocation Failure) 2021-09-25T02:12:13.549+0800: [ParNew: 460095K->51072K(460096K), 0.0420777 secs] 740144K->440392K(4143232K), 0.0428538 secs] [Times: user=0.27 sys=0.02, real=0.04 secs] 
2021-09-25T02:12:13.639+0800: [GC (Allocation Failure) 2021-09-25T02:12:13.639+0800: [ParNew: 460096K->51072K(460096K), 0.0410244 secs] 849416K->548444K(4143232K), 0.0410790 secs] [Times: user=0.20 sys=0.03, real=0.04 secs] 
2021-09-25T02:12:13.724+0800: [GC (Allocation Failure) 2021-09-25T02:12:13.724+0800: [ParNew: 460096K->51072K(460096K), 0.0387346 secs] 957468K->646334K(4143232K), 0.0387904 secs] [Times: user=0.27 sys=0.01, real=0.04 secs] 
2021-09-25T02:12:13.810+0800: [GC (Allocation Failure) 2021-09-25T02:12:13.810+0800: [ParNew: 460096K->51072K(460096K), 0.0424113 secs] 1055358K->756794K(4143232K), 0.0424851 secs] [Times: user=0.26 sys=0.00, real=0.04 secs] 
2021-09-25T02:12:13.900+0800: [GC (Allocation Failure) 2021-09-25T02:12:13.901+0800: [ParNew: 460096K->51072K(460096K), 0.0414772 secs] 1165818K->865896K(4143232K), 0.0415311 secs] [Times: user=0.14 sys=0.03, real=0.04 secs] 
2021-09-25T02:12:13.989+0800: [GC (Allocation Failure) 2021-09-25T02:12:13.989+0800: [ParNew: 460096K->51071K(460096K), 0.0406058 secs] 1274920K->969640K(4143232K), 0.0406618 secs] [Times: user=0.25 sys=0.00, real=0.04 secs] 
2021-09-25T02:12:14.081+0800: [GC (Allocation Failure) 2021-09-25T02:12:14.081+0800: [ParNew: 460095K->51071K(460096K), 0.0396714 secs] 1378664K->1073271K(4143232K), 0.0397230 secs] [Times: user=0.25 sys=0.03, real=0.04 secs] 
2021-09-25T02:12:14.170+0800: [GC (Allocation Failure) 2021-09-25T02:12:14.170+0800: [ParNew: 460095K->51071K(460096K), 0.0481760 secs] 1482295K->1182664K(4143232K), 0.0482315 secs] [Times: user=0.19 sys=0.03, real=0.05 secs] 
end all count:16960
Heap
 par new generation   total 460096K, used 67504K [0x00000006c0000000, 0x00000006df330000, 0x00000006df330000)
  eden space 409024K,   4% used [0x00000006c0000000, 0x00000006c100c738, 0x00000006d8f70000)
  from space 51072K,  99% used [0x00000006dc150000, 0x00000006df32fc50, 0x00000006df330000)
  to   space 51072K,   0% used [0x00000006d8f70000, 0x00000006d8f70000, 0x00000006dc150000)
 concurrent mark-sweep generation total 3683136K, used 1131593K [0x00000006df330000, 0x00000007c0000000, 0x00000007c0000000)
 Metaspace       used 2851K, capacity 4486K, committed 4864K, reserved 1056768K
  class space    used 309K, capacity 386K, committed 512K, reserved 1048576K
