start...
2021-09-25T02:12:09.552+0800: [GC (Allocation Failure) [PSYoungGen: 131584K->21503K(153088K)] 131584K->41902K(502784K), 0.0066328 secs] [Times: user=0.01 sys=0.08, real=0.01 secs] 
2021-09-25T02:12:09.577+0800: [GC (Allocation Failure) [PSYoungGen: 153033K->21501K(153088K)] 173432K->77738K(502784K), 0.0088635 secs] [Times: user=0.00 sys=0.00, real=0.01 secs] 
2021-09-25T02:12:09.602+0800: [GC (Allocation Failure) [PSYoungGen: 152980K->21494K(153088K)] 209217K->115399K(502784K), 0.0105497 secs] [Times: user=0.00 sys=0.00, real=0.01 secs] 
2021-09-25T02:12:09.631+0800: [GC (Allocation Failure) [PSYoungGen: 153052K->21501K(153088K)] 246957K->159802K(502784K), 0.0098031 secs] [Times: user=0.09 sys=0.00, real=0.01 secs] 
2021-09-25T02:12:09.658+0800: [GC (Allocation Failure) [PSYoungGen: 153077K->21500K(153088K)] 291377K->202528K(502784K), 0.0095778 secs] [Times: user=0.03 sys=0.06, real=0.01 secs] 
2021-09-25T02:12:09.685+0800: [GC (Allocation Failure) [PSYoungGen: 153084K->21493K(80384K)] 334112K->248776K(430080K), 0.0101563 secs] [Times: user=0.06 sys=0.03, real=0.01 secs] 
2021-09-25T02:12:09.703+0800: [GC (Allocation Failure) [PSYoungGen: 80373K->36944K(116736K)] 307656K->268760K(466432K), 0.0061340 secs] [Times: user=0.00 sys=0.00, real=0.01 secs] 
2021-09-25T02:12:09.718+0800: [GC (Allocation Failure) [PSYoungGen: 95707K->47794K(116736K)] 327523K->285240K(466432K), 0.0075410 secs] [Times: user=0.00 sys=0.00, real=0.01 secs] 
2021-09-25T02:12:09.734+0800: [GC (Allocation Failure) [PSYoungGen: 106674K->56936K(116736K)] 344120K->302578K(466432K), 0.0093562 secs] [Times: user=0.06 sys=0.03, real=0.01 secs] 
2021-09-25T02:12:09.750+0800: [GC (Allocation Failure) [PSYoungGen: 115816K->36166K(116736K)] 361458K->317068K(466432K), 0.0101072 secs] [Times: user=0.08 sys=0.02, real=0.01 secs] 
2021-09-25T02:12:09.767+0800: [GC (Allocation Failure) [PSYoungGen: 95046K->20905K(116736K)] 375948K->336995K(466432K), 0.0082575 secs] [Times: user=0.03 sys=0.06, real=0.01 secs] 
2021-09-25T02:12:09.776+0800: [Full GC (Ergonomics) [PSYoungGen: 20905K->0K(116736K)] [ParOldGen: 316090K->237207K(349696K)] 336995K->237207K(466432K), [Metaspace: 2844K->2844K(1056768K)], 0.0369483 secs] [Times: user=0.19 sys=0.00, real=0.04 secs] 
2021-09-25T02:12:09.819+0800: [GC (Allocation Failure) [PSYoungGen: 58880K->24886K(116736K)] 296087K->262093K(466432K), 0.0038588 secs] [Times: user=0.09 sys=0.00, real=0.00 secs] 
2021-09-25T02:12:09.830+0800: [GC (Allocation Failure) [PSYoungGen: 83766K->20286K(116736K)] 320973K->281652K(466432K), 0.0067596 secs] [Times: user=0.09 sys=0.00, real=0.01 secs] 
2021-09-25T02:12:09.844+0800: [GC (Allocation Failure) [PSYoungGen: 78847K->17199K(116736K)] 340213K->297309K(466432K), 0.0055299 secs] [Times: user=0.00 sys=0.00, real=0.01 secs] 
2021-09-25T02:12:09.858+0800: [GC (Allocation Failure) [PSYoungGen: 76079K->17498K(116736K)] 356189K->314418K(466432K), 0.0056483 secs] [Times: user=0.00 sys=0.00, real=0.00 secs] 
2021-09-25T02:12:09.863+0800: [Full GC (Ergonomics) [PSYoungGen: 17498K->0K(116736K)] [ParOldGen: 296919K->265293K(349696K)] 314418K->265293K(466432K), [Metaspace: 2844K->2844K(1056768K)], 0.0380400 secs] [Times: user=0.24 sys=0.00, real=0.04 secs] 
2021-09-25T02:12:09.909+0800: [GC (Allocation Failure) [PSYoungGen: 58880K->21233K(116736K)] 324173K->286527K(466432K), 0.0037428 secs] [Times: user=0.00 sys=0.00, real=0.00 secs] 
2021-09-25T02:12:09.920+0800: [GC (Allocation Failure) [PSYoungGen: 80055K->23870K(116736K)] 345349K->308450K(466432K), 0.0060909 secs] [Times: user=0.00 sys=0.00, real=0.01 secs] 
2021-09-25T02:12:09.934+0800: [GC (Allocation Failure) [PSYoungGen: 82697K->17749K(116736K)] 367277K->324417K(466432K), 0.0058644 secs] [Times: user=0.00 sys=0.00, real=0.00 secs] 
2021-09-25T02:12:09.939+0800: [Full GC (Ergonomics) [PSYoungGen: 17749K->0K(116736K)] [ParOldGen: 306668K->277898K(349696K)] 324417K->277898K(466432K), [Metaspace: 2844K->2844K(1056768K)], 0.0395511 secs] [Times: user=0.28 sys=0.00, real=0.04 secs] 
2021-09-25T02:12:09.986+0800: [GC (Allocation Failure) [PSYoungGen: 58201K->20627K(116736K)] 336100K->298525K(466432K), 0.0034744 secs] [Times: user=0.00 sys=0.00, real=0.00 secs] 
2021-09-25T02:12:09.997+0800: [GC (Allocation Failure) [PSYoungGen: 79507K->18767K(116736K)] 357405K->316614K(466432K), 0.0056480 secs] [Times: user=0.00 sys=0.00, real=0.01 secs] 
2021-09-25T02:12:10.011+0800: [GC (Allocation Failure) [PSYoungGen: 77555K->18324K(116736K)] 375401K->333431K(466432K), 0.0052936 secs] [Times: user=0.00 sys=0.00, real=0.01 secs] 
2021-09-25T02:12:10.017+0800: [Full GC (Ergonomics) [PSYoungGen: 18324K->0K(116736K)] [ParOldGen: 315106K->292571K(349696K)] 333431K->292571K(466432K), [Metaspace: 2844K->2844K(1056768K)], 0.0431950 secs] [Times: user=0.22 sys=0.00, real=0.04 secs] 
2021-09-25T02:12:10.067+0800: [GC (Allocation Failure) [PSYoungGen: 58809K->19844K(116736K)] 351380K->312415K(466432K), 0.0033023 secs] [Times: user=0.09 sys=0.00, real=0.00 secs] 
2021-09-25T02:12:10.079+0800: [GC (Allocation Failure) [PSYoungGen: 78724K->17870K(116736K)] 371295K->329801K(466432K), 0.0055960 secs] [Times: user=0.00 sys=0.00, real=0.01 secs] 
2021-09-25T02:12:10.091+0800: [GC (Allocation Failure) [PSYoungGen: 76735K->22385K(116736K)] 388667K->351032K(466432K), 0.0061806 secs] [Times: user=0.00 sys=0.00, real=0.01 secs] 
2021-09-25T02:12:10.098+0800: [Full GC (Ergonomics) [PSYoungGen: 22385K->0K(116736K)] [ParOldGen: 328646K->305450K(349696K)] 351032K->305450K(466432K), [Metaspace: 2844K->2844K(1056768K)], 0.0440105 secs] [Times: user=0.28 sys=0.00, real=0.04 secs] 
2021-09-25T02:12:10.149+0800: [GC (Allocation Failure) [PSYoungGen: 58880K->21447K(116736K)] 364330K->326898K(466432K), 0.0033717 secs] [Times: user=0.00 sys=0.00, real=0.00 secs] 
2021-09-25T02:12:10.159+0800: [GC (Allocation Failure) [PSYoungGen: 80327K->20921K(116736K)] 385778K->346713K(466432K), 0.0061499 secs] [Times: user=0.09 sys=0.00, real=0.01 secs] 
2021-09-25T02:12:10.166+0800: [Full GC (Ergonomics) [PSYoungGen: 20921K->0K(116736K)] [ParOldGen: 325791K->315784K(349696K)] 346713K->315784K(466432K), [Metaspace: 2844K->2844K(1056768K)], 0.0458268 secs] [Times: user=0.17 sys=0.00, real=0.05 secs] 
2021-09-25T02:12:10.219+0800: [GC (Allocation Failure) [PSYoungGen: 58878K->21719K(116736K)] 374662K->337503K(466432K), 0.0036562 secs] [Times: user=0.00 sys=0.00, real=0.00 secs] 
2021-09-25T02:12:10.229+0800: [GC (Allocation Failure) [PSYoungGen: 79919K->43979K(116736K)] 395703K->359764K(466432K), 0.0065583 secs] [Times: user=0.00 sys=0.00, real=0.01 secs] 
2021-09-25T02:12:10.242+0800: [GC (Allocation Failure) --[PSYoungGen: 102859K->102859K(116736K)] 418644K->452546K(466432K), 0.0082205 secs] [Times: user=0.09 sys=0.00, real=0.01 secs] 
2021-09-25T02:12:10.251+0800: [Full GC (Ergonomics) [PSYoungGen: 102859K->0K(116736K)] [ParOldGen: 349686K->321959K(349696K)] 452546K->321959K(466432K), [Metaspace: 2844K->2844K(1056768K)], 0.0474957 secs] [Times: user=0.28 sys=0.00, real=0.05 secs] 
2021-09-25T02:12:10.305+0800: [Full GC (Ergonomics) [PSYoungGen: 58235K->0K(116736K)] [ParOldGen: 321959K->323033K(349696K)] 380194K->323033K(466432K), [Metaspace: 2844K->2844K(1056768K)], 0.0453285 secs] [Times: user=0.19 sys=0.00, real=0.04 secs] 
2021-09-25T02:12:10.357+0800: [Full GC (Ergonomics) [PSYoungGen: 58815K->0K(116736K)] [ParOldGen: 323033K->328793K(349696K)] 381849K->328793K(466432K), [Metaspace: 2844K->2844K(1056768K)], 0.0462113 secs] [Times: user=0.23 sys=0.00, real=0.05 secs] 
2021-09-25T02:12:10.411+0800: [Full GC (Ergonomics) [PSYoungGen: 58674K->0K(116736K)] [ParOldGen: 328793K->334120K(349696K)] 387468K->334120K(466432K), [Metaspace: 2844K->2844K(1056768K)], 0.0453502 secs] [Times: user=0.28 sys=0.00, real=0.05 secs] 
2021-09-25T02:12:10.464+0800: [Full GC (Ergonomics) [PSYoungGen: 58702K->0K(116736K)] [ParOldGen: 334120K->333339K(349696K)] 392823K->333339K(466432K), [Metaspace: 2844K->2844K(1056768K)], 0.0470144 secs] [Times: user=0.26 sys=0.00, real=0.05 secs] 
end all count:9057
Heap
 PSYoungGen      total 116736K, used 2741K [0x00000000f5580000, 0x0000000100000000, 0x0000000100000000)
  eden space 58880K, 4% used [0x00000000f5580000,0x00000000f582d408,0x00000000f8f00000)
  from space 57856K, 0% used [0x00000000fc780000,0x00000000fc780000,0x0000000100000000)
  to   space 57856K, 0% used [0x00000000f8f00000,0x00000000f8f00000,0x00000000fc780000)
 ParOldGen       total 349696K, used 333339K [0x00000000e0000000, 0x00000000f5580000, 0x00000000f5580000)
  object space 349696K, 95% used [0x00000000e0000000,0x00000000f4586e28,0x00000000f5580000)
 Metaspace       used 2851K, capacity 4486K, committed 4864K, reserved 1056768K
  class space    used 309K, capacity 386K, committed 512K, reserved 1048576K
