start...
2021-09-25T02:12:11.974+0800: [GC pause (G1 Evacuation Pause) (young), 0.0022594 secs]
   [Parallel Time: 1.9 ms, GC Workers: 6]
      [GC Worker Start (ms): Min: 109.1, Avg: 109.4, Max: 110.2, Diff: 1.1]
      [Ext Root Scanning (ms): Min: 0.0, Avg: 0.1, Max: 0.2, Diff: 0.2, Sum: 0.7]
      [Update RS (ms): Min: 0.0, Avg: 0.0, Max: 0.0, Diff: 0.0, Sum: 0.0]
         [Processed Buffers: Min: 0, Avg: 0.0, Max: 0, Diff: 0, Sum: 0]
      [Scan RS (ms): Min: 0.0, Avg: 0.0, Max: 0.0, Diff: 0.0, Sum: 0.0]
      [Code Root Scanning (ms): Min: 0.0, Avg: 0.0, Max: 0.0, Diff: 0.0, Sum: 0.0]
      [Object Copy (ms): Min: 0.8, Avg: 1.5, Max: 1.6, Diff: 0.9, Sum: 8.8]
      [Termination (ms): Min: 0.0, Avg: 0.0, Max: 0.0, Diff: 0.0, Sum: 0.1]
         [Termination Attempts: Min: 1, Avg: 1.7, Max: 3, Diff: 2, Sum: 10]
      [GC Worker Other (ms): Min: 0.0, Avg: 0.0, Max: 0.0, Diff: 0.0, Sum: 0.1]
      [GC Worker Total (ms): Min: 0.8, Avg: 1.6, Max: 1.9, Diff: 1.1, Sum: 9.8]
      [GC Worker End (ms): Min: 111.0, Avg: 111.0, Max: 111.0, Diff: 0.0]
   [Code Root Fixup: 0.0 ms]
   [Code Root Purge: 0.0 ms]
   [Clear CT: 0.0 ms]
   [Other: 0.3 ms]
      [Choose CSet: 0.0 ms]
      [Ref Proc: 0.1 ms]
      [Ref Enq: 0.0 ms]
      [Redirty Cards: 0.0 ms]
      [Humongous Register: 0.0 ms]
      [Humongous Reclaim: 0.0 ms]
      [Free CSet: 0.0 ms]
   [Eden: 25.0M(25.0M)->0.0B(21.0M) Survivors: 0.0B->4096.0K Heap: 31.5M(512.0M)->13.4M(512.0M)]
 [Times: user=0.00 sys=0.00, real=0.00 secs] 
2021-09-25T02:12:11.983+0800: [GC pause (G1 Evacuation Pause) (young), 0.0020066 secs]
   [Parallel Time: 1.8 ms, GC Workers: 6]
      [GC Worker Start (ms): Min: 118.2, Avg: 118.2, Max: 118.4, Diff: 0.2]
      [Ext Root Scanning (ms): Min: 0.0, Avg: 0.1, Max: 0.2, Diff: 0.2, Sum: 0.7]
      [Update RS (ms): Min: 0.0, Avg: 0.1, Max: 0.1, Diff: 0.0, Sum: 0.3]
         [Processed Buffers: Min: 1, Avg: 1.2, Max: 2, Diff: 1, Sum: 7]
      [Scan RS (ms): Min: 0.0, Avg: 0.0, Max: 0.0, Diff: 0.0, Sum: 0.0]
      [Code Root Scanning (ms): Min: 0.0, Avg: 0.0, Max: 0.0, Diff: 0.0, Sum: 0.0]
      [Object Copy (ms): Min: 1.3, Avg: 1.4, Max: 1.5, Diff: 0.2, Sum: 8.5]
      [Termination (ms): Min: 0.0, Avg: 0.1, Max: 0.1, Diff: 0.1, Sum: 0.5]
         [Termination Attempts: Min: 1, Avg: 1.0, Max: 1, Diff: 0, Sum: 6]
      [GC Worker Other (ms): Min: 0.0, Avg: 0.0, Max: 0.0, Diff: 0.0, Sum: 0.0]
      [GC Worker Total (ms): Min: 1.5, Avg: 1.7, Max: 1.7, Diff: 0.2, Sum: 10.0]
      [GC Worker End (ms): Min: 119.9, Avg: 119.9, Max: 119.9, Diff: 0.0]
   [Code Root Fixup: 0.0 ms]
   [Code Root Purge: 0.0 ms]
   [Clear CT: 0.0 ms]
   [Other: 0.2 ms]
      [Choose CSet: 0.0 ms]
      [Ref Proc: 0.1 ms]
      [Ref Enq: 0.0 ms]
      [Redirty Cards: 0.0 ms]
      [Humongous Register: 0.0 ms]
      [Humongous Reclaim: 0.0 ms]
      [Free CSet: 0.0 ms]
   [Eden: 21.0M(21.0M)->0.0B(32.0M) Survivors: 4096.0K->4096.0K Heap: 39.1M(512.0M)->25.8M(512.0M)]
 [Times: user=0.00 sys=0.00, real=0.00 secs] 
2021-09-25T02:12:11.993+0800: [GC pause (G1 Evacuation Pause) (young), 0.0026088 secs]
   [Parallel Time: 2.2 ms, GC Workers: 6]
      [GC Worker Start (ms): Min: 128.7, Avg: 128.9, Max: 129.2, Diff: 0.5]
      [Ext Root Scanning (ms): Min: 0.0, Avg: 0.2, Max: 0.3, Diff: 0.3, Sum: 1.0]
      [Update RS (ms): Min: 0.0, Avg: 0.1, Max: 0.2, Diff: 0.2, Sum: 0.3]
         [Processed Buffers: Min: 0, Avg: 1.2, Max: 3, Diff: 3, Sum: 7]
      [Scan RS (ms): Min: 0.0, Avg: 0.0, Max: 0.0, Diff: 0.0, Sum: 0.0]
      [Code Root Scanning (ms): Min: 0.0, Avg: 0.0, Max: 0.0, Diff: 0.0, Sum: 0.0]
      [Object Copy (ms): Min: 1.7, Avg: 1.8, Max: 1.8, Diff: 0.1, Sum: 10.6]
      [Termination (ms): Min: 0.0, Avg: 0.1, Max: 0.1, Diff: 0.1, Sum: 0.4]
         [Termination Attempts: Min: 1, Avg: 1.0, Max: 1, Diff: 0, Sum: 6]
      [GC Worker Other (ms): Min: 0.0, Avg: 0.0, Max: 0.0, Diff: 0.0, Sum: 0.1]
      [GC Worker Total (ms): Min: 1.8, Avg: 2.1, Max: 2.2, Diff: 0.5, Sum: 12.5]
      [GC Worker End (ms): Min: 130.9, Avg: 130.9, Max: 130.9, Diff: 0.0]
   [Code Root Fixup: 0.0 ms]
   [Code Root Purge: 0.0 ms]
   [Clear CT: 0.1 ms]
   [Other: 0.3 ms]
      [Choose CSet: 0.0 ms]
      [Ref Proc: 0.1 ms]
      [Ref Enq: 0.0 ms]
      [Redirty Cards: 0.1 ms]
      [Humongous Register: 0.0 ms]
      [Humongous Reclaim: 0.0 ms]
      [Free CSet: 0.0 ms]
   [Eden: 32.0M(32.0M)->0.0B(56.0M) Survivors: 4096.0K->5120.0K Heap: 66.8M(512.0M)->39.2M(512.0M)]
 [Times: user=0.00 sys=0.00, real=0.00 secs] 
2021-09-25T02:12:12.012+0800: [GC pause (G1 Evacuation Pause) (young), 0.0035867 secs]
   [Parallel Time: 3.3 ms, GC Workers: 6]
      [GC Worker Start (ms): Min: 147.6, Avg: 147.6, Max: 147.6, Diff: 0.0]
      [Ext Root Scanning (ms): Min: 0.1, Avg: 0.1, Max: 0.2, Diff: 0.0, Sum: 0.8]
      [Update RS (ms): Min: 0.3, Avg: 0.3, Max: 0.3, Diff: 0.0, Sum: 2.0]
         [Processed Buffers: Min: 7, Avg: 7.3, Max: 9, Diff: 2, Sum: 44]
      [Scan RS (ms): Min: 0.0, Avg: 0.0, Max: 0.0, Diff: 0.0, Sum: 0.0]
      [Code Root Scanning (ms): Min: 0.0, Avg: 0.0, Max: 0.0, Diff: 0.0, Sum: 0.0]
      [Object Copy (ms): Min: 2.6, Avg: 2.7, Max: 2.8, Diff: 0.2, Sum: 16.1]
      [Termination (ms): Min: 0.0, Avg: 0.1, Max: 0.2, Diff: 0.2, Sum: 0.4]
         [Termination Attempts: Min: 1, Avg: 1.0, Max: 1, Diff: 0, Sum: 6]
      [GC Worker Other (ms): Min: 0.0, Avg: 0.0, Max: 0.0, Diff: 0.0, Sum: 0.0]
      [GC Worker Total (ms): Min: 3.2, Avg: 3.2, Max: 3.3, Diff: 0.0, Sum: 19.4]
      [GC Worker End (ms): Min: 150.9, Avg: 150.9, Max: 150.9, Diff: 0.0]
   [Code Root Fixup: 0.0 ms]
   [Code Root Purge: 0.0 ms]
   [Clear CT: 0.0 ms]
   [Other: 0.3 ms]
      [Choose CSet: 0.0 ms]
      [Ref Proc: 0.0 ms]
      [Ref Enq: 0.0 ms]
      [Redirty Cards: 0.0 ms]
      [Humongous Register: 0.0 ms]
      [Humongous Reclaim: 0.0 ms]
      [Free CSet: 0.0 ms]
   [Eden: 56.0M(56.0M)->0.0B(85.0M) Survivors: 5120.0K->8192.0K Heap: 108.8M(512.0M)->61.0M(512.0M)]
 [Times: user=0.00 sys=0.00, real=0.00 secs] 
2021-09-25T02:12:12.039+0800: [GC pause (G1 Evacuation Pause) (young), 0.0052138 secs]
   [Parallel Time: 4.8 ms, GC Workers: 6]
      [GC Worker Start (ms): Min: 174.1, Avg: 174.1, Max: 174.1, Diff: 0.0]
      [Ext Root Scanning (ms): Min: 0.1, Avg: 0.1, Max: 0.1, Diff: 0.0, Sum: 0.8]
      [Update RS (ms): Min: 0.4, Avg: 0.4, Max: 0.4, Diff: 0.0, Sum: 2.5]
         [Processed Buffers: Min: 8, Avg: 8.5, Max: 10, Diff: 2, Sum: 51]
      [Scan RS (ms): Min: 0.0, Avg: 0.0, Max: 0.0, Diff: 0.0, Sum: 0.0]
      [Code Root Scanning (ms): Min: 0.0, Avg: 0.0, Max: 0.0, Diff: 0.0, Sum: 0.0]
      [Object Copy (ms): Min: 4.1, Avg: 4.2, Max: 4.2, Diff: 0.1, Sum: 24.9]
      [Termination (ms): Min: 0.0, Avg: 0.1, Max: 0.1, Diff: 0.1, Sum: 0.4]
         [Termination Attempts: Min: 1, Avg: 1.0, Max: 1, Diff: 0, Sum: 6]
      [GC Worker Other (ms): Min: 0.0, Avg: 0.0, Max: 0.0, Diff: 0.0, Sum: 0.0]
      [GC Worker Total (ms): Min: 4.8, Avg: 4.8, Max: 4.8, Diff: 0.0, Sum: 28.7]
      [GC Worker End (ms): Min: 178.9, Avg: 178.9, Max: 178.9, Diff: 0.0]
   [Code Root Fixup: 0.0 ms]
   [Code Root Purge: 0.0 ms]
   [Clear CT: 0.1 ms]
   [Other: 0.3 ms]
      [Choose CSet: 0.0 ms]
      [Ref Proc: 0.1 ms]
      [Ref Enq: 0.0 ms]
      [Redirty Cards: 0.0 ms]
      [Humongous Register: 0.0 ms]
      [Humongous Reclaim: 0.0 ms]
      [Free CSet: 0.0 ms]
   [Eden: 85.0M(85.0M)->0.0B(99.0M) Survivors: 8192.0K->12.0M Heap: 166.1M(512.0M)->96.3M(512.0M)]
 [Times: user=0.00 sys=0.00, real=0.00 secs] 
2021-09-25T02:12:12.068+0800: [GC pause (G1 Evacuation Pause) (young), 0.0060797 secs]
   [Parallel Time: 5.7 ms, GC Workers: 6]
      [GC Worker Start (ms): Min: 203.1, Avg: 203.1, Max: 203.1, Diff: 0.0]
      [Ext Root Scanning (ms): Min: 0.1, Avg: 0.1, Max: 0.2, Diff: 0.0, Sum: 0.8]
      [Update RS (ms): Min: 0.4, Avg: 0.5, Max: 0.5, Diff: 0.1, Sum: 2.9]
         [Processed Buffers: Min: 8, Avg: 9.3, Max: 10, Diff: 2, Sum: 56]
      [Scan RS (ms): Min: 0.0, Avg: 0.0, Max: 0.0, Diff: 0.0, Sum: 0.1]
      [Code Root Scanning (ms): Min: 0.0, Avg: 0.0, Max: 0.0, Diff: 0.0, Sum: 0.0]
      [Object Copy (ms): Min: 4.9, Avg: 5.0, Max: 5.0, Diff: 0.1, Sum: 29.9]
      [Termination (ms): Min: 0.0, Avg: 0.1, Max: 0.2, Diff: 0.2, Sum: 0.4]
         [Termination Attempts: Min: 1, Avg: 1.0, Max: 1, Diff: 0, Sum: 6]
      [GC Worker Other (ms): Min: 0.0, Avg: 0.0, Max: 0.0, Diff: 0.0, Sum: 0.1]
      [GC Worker Total (ms): Min: 5.7, Avg: 5.7, Max: 5.7, Diff: 0.0, Sum: 34.1]
      [GC Worker End (ms): Min: 208.8, Avg: 208.8, Max: 208.8, Diff: 0.0]
   [Code Root Fixup: 0.0 ms]
   [Code Root Purge: 0.0 ms]
   [Clear CT: 0.1 ms]
   [Other: 0.3 ms]
      [Choose CSet: 0.0 ms]
      [Ref Proc: 0.1 ms]
      [Ref Enq: 0.0 ms]
      [Redirty Cards: 0.0 ms]
      [Humongous Register: 0.0 ms]
      [Humongous Reclaim: 0.0 ms]
      [Free CSet: 0.0 ms]
   [Eden: 99.0M(99.0M)->0.0B(260.0M) Survivors: 12.0M->14.0M Heap: 219.2M(512.0M)->135.7M(512.0M)]
 [Times: user=0.08 sys=0.00, real=0.01 secs] 
2021-09-25T02:12:12.127+0800: [GC pause (G1 Humongous Allocation) (young) (initial-mark), 0.0086785 secs]
   [Parallel Time: 8.2 ms, GC Workers: 6]
      [GC Worker Start (ms): Min: 262.5, Avg: 262.5, Max: 262.7, Diff: 0.2]
      [Ext Root Scanning (ms): Min: 0.0, Avg: 0.1, Max: 0.2, Diff: 0.2, Sum: 0.9]
      [Update RS (ms): Min: 0.1, Avg: 0.1, Max: 0.1, Diff: 0.0, Sum: 0.6]
         [Processed Buffers: Min: 0, Avg: 2.2, Max: 4, Diff: 4, Sum: 13]
      [Scan RS (ms): Min: 0.0, Avg: 0.0, Max: 0.0, Diff: 0.0, Sum: 0.1]
      [Code Root Scanning (ms): Min: 0.0, Avg: 0.0, Max: 0.0, Diff: 0.0, Sum: 0.0]
      [Object Copy (ms): Min: 7.7, Avg: 7.8, Max: 7.8, Diff: 0.1, Sum: 46.6]
      [Termination (ms): Min: 0.0, Avg: 0.1, Max: 0.1, Diff: 0.1, Sum: 0.3]
         [Termination Attempts: Min: 1, Avg: 2.5, Max: 6, Diff: 5, Sum: 15]
      [GC Worker Other (ms): Min: 0.0, Avg: 0.0, Max: 0.0, Diff: 0.0, Sum: 0.1]
      [GC Worker Total (ms): Min: 8.0, Avg: 8.1, Max: 8.2, Diff: 0.2, Sum: 48.7]
      [GC Worker End (ms): Min: 270.6, Avg: 270.6, Max: 270.6, Diff: 0.0]
   [Code Root Fixup: 0.0 ms]
   [Code Root Purge: 0.0 ms]
   [Clear CT: 0.1 ms]
   [Other: 0.4 ms]
      [Choose CSet: 0.0 ms]
      [Ref Proc: 0.0 ms]
      [Ref Enq: 0.0 ms]
      [Redirty Cards: 0.0 ms]
      [Humongous Register: 0.1 ms]
      [Humongous Reclaim: 0.0 ms]
      [Free CSet: 0.1 ms]
   [Eden: 183.0M(260.0M)->0.0B(129.0M) Survivors: 14.0M->35.0M Heap: 373.2M(512.0M)->203.9M(512.0M)]
 [Times: user=0.06 sys=0.03, real=0.01 secs] 
2021-09-25T02:12:12.136+0800: [GC concurrent-root-region-scan-start]
2021-09-25T02:12:12.136+0800: [GC concurrent-root-region-scan-end, 0.0001391 secs]
2021-09-25T02:12:12.136+0800: [GC concurrent-mark-start]
2021-09-25T02:12:12.137+0800: [GC concurrent-mark-end, 0.0008529 secs]
2021-09-25T02:12:12.137+0800: [GC remark 2021-09-25T02:12:12.137+0800: [Finalize Marking, 0.0000575 secs] 2021-09-25T02:12:12.137+0800: [GC ref-proc, 0.0000559 secs] 2021-09-25T02:12:12.138+0800: [Unloading, 0.0003804 secs], 0.0007201 secs]
 [Times: user=0.00 sys=0.00, real=0.00 secs] 
2021-09-25T02:12:12.138+0800: [GC cleanup 212M->211M(512M), 0.0003117 secs]
 [Times: user=0.00 sys=0.00, real=0.00 secs] 
2021-09-25T02:12:12.139+0800: [GC concurrent-cleanup-start]
2021-09-25T02:12:12.139+0800: [GC concurrent-cleanup-end, 0.0000204 secs]
2021-09-25T02:12:12.159+0800: [GC pause (G1 Evacuation Pause) (young), 0.0100329 secs]
   [Parallel Time: 9.5 ms, GC Workers: 6]
      [GC Worker Start (ms): Min: 293.9, Avg: 293.9, Max: 293.9, Diff: 0.0]
      [Ext Root Scanning (ms): Min: 0.1, Avg: 0.1, Max: 0.2, Diff: 0.0, Sum: 0.8]
      [Update RS (ms): Min: 0.1, Avg: 0.1, Max: 0.2, Diff: 0.1, Sum: 0.7]
         [Processed Buffers: Min: 0, Avg: 2.2, Max: 3, Diff: 3, Sum: 13]
      [Scan RS (ms): Min: 0.0, Avg: 0.0, Max: 0.0, Diff: 0.0, Sum: 0.1]
      [Code Root Scanning (ms): Min: 0.0, Avg: 0.0, Max: 0.0, Diff: 0.0, Sum: 0.0]
      [Object Copy (ms): Min: 9.0, Avg: 9.1, Max: 9.1, Diff: 0.1, Sum: 54.3]
      [Termination (ms): Min: 0.0, Avg: 0.1, Max: 0.1, Diff: 0.1, Sum: 0.5]
         [Termination Attempts: Min: 1, Avg: 1.0, Max: 1, Diff: 0, Sum: 6]
      [GC Worker Other (ms): Min: 0.0, Avg: 0.0, Max: 0.0, Diff: 0.0, Sum: 0.1]
      [GC Worker Total (ms): Min: 9.4, Avg: 9.4, Max: 9.5, Diff: 0.1, Sum: 56.5]
      [GC Worker End (ms): Min: 303.3, Avg: 303.4, Max: 303.4, Diff: 0.1]
   [Code Root Fixup: 0.0 ms]
   [Code Root Purge: 0.0 ms]
   [Clear CT: 0.0 ms]
   [Other: 0.5 ms]
      [Choose CSet: 0.0 ms]
      [Ref Proc: 0.1 ms]
      [Ref Enq: 0.0 ms]
      [Redirty Cards: 0.0 ms]
      [Humongous Register: 0.1 ms]
      [Humongous Reclaim: 0.1 ms]
      [Free CSet: 0.1 ms]
   [Eden: 129.0M(129.0M)->0.0B(5120.0K) Survivors: 35.0M->21.0M Heap: 356.9M(512.0M)->242.5M(512.0M)]
 [Times: user=0.02 sys=0.08, real=0.01 secs] 
2021-09-25T02:12:12.171+0800: [GC pause (G1 Evacuation Pause) (mixed), 0.0040315 secs]
   [Parallel Time: 3.7 ms, GC Workers: 6]
      [GC Worker Start (ms): Min: 305.4, Avg: 305.6, Max: 306.4, Diff: 1.0]
      [Ext Root Scanning (ms): Min: 0.0, Avg: 0.1, Max: 0.2, Diff: 0.1, Sum: 0.7]
      [Update RS (ms): Min: 0.0, Avg: 0.3, Max: 0.8, Diff: 0.8, Sum: 1.7]
         [Processed Buffers: Min: 0, Avg: 2.7, Max: 5, Diff: 5, Sum: 16]
      [Scan RS (ms): Min: 0.0, Avg: 0.0, Max: 0.1, Diff: 0.1, Sum: 0.1]
      [Code Root Scanning (ms): Min: 0.0, Avg: 0.0, Max: 0.0, Diff: 0.0, Sum: 0.0]
      [Object Copy (ms): Min: 2.6, Avg: 3.0, Max: 3.3, Diff: 0.7, Sum: 18.2]
      [Termination (ms): Min: 0.0, Avg: 0.1, Max: 0.1, Diff: 0.1, Sum: 0.3]
         [Termination Attempts: Min: 1, Avg: 1.0, Max: 1, Diff: 0, Sum: 6]
      [GC Worker Other (ms): Min: 0.0, Avg: 0.0, Max: 0.0, Diff: 0.0, Sum: 0.0]
      [GC Worker Total (ms): Min: 2.7, Avg: 3.5, Max: 3.7, Diff: 1.0, Sum: 21.1]
      [GC Worker End (ms): Min: 309.1, Avg: 309.1, Max: 309.1, Diff: 0.0]
   [Code Root Fixup: 0.0 ms]
   [Code Root Purge: 0.0 ms]
   [Clear CT: 0.0 ms]
   [Other: 0.3 ms]
      [Choose CSet: 0.0 ms]
      [Ref Proc: 0.1 ms]
      [Ref Enq: 0.0 ms]
      [Redirty Cards: 0.0 ms]
      [Humongous Register: 0.1 ms]
      [Humongous Reclaim: 0.0 ms]
      [Free CSet: 0.0 ms]
   [Eden: 5120.0K(5120.0K)->0.0B(135.0M) Survivors: 21.0M->3072.0K Heap: 249.5M(512.0M)->234.5M(512.0M)]
 [Times: user=0.00 sys=0.00, real=0.00 secs] 
2021-09-25T02:12:12.175+0800: [GC pause (G1 Humongous Allocation) (young) (initial-mark), 0.0007620 secs]
   [Parallel Time: 0.5 ms, GC Workers: 6]
      [GC Worker Start (ms): Min: 309.8, Avg: 309.8, Max: 309.8, Diff: 0.0]
      [Ext Root Scanning (ms): Min: 0.1, Avg: 0.1, Max: 0.1, Diff: 0.0, Sum: 0.8]
      [Update RS (ms): Min: 0.0, Avg: 0.1, Max: 0.1, Diff: 0.1, Sum: 0.3]
         [Processed Buffers: Min: 1, Avg: 1.3, Max: 2, Diff: 1, Sum: 8]
      [Scan RS (ms): Min: 0.0, Avg: 0.0, Max: 0.0, Diff: 0.0, Sum: 0.0]
      [Code Root Scanning (ms): Min: 0.0, Avg: 0.0, Max: 0.0, Diff: 0.0, Sum: 0.0]
      [Object Copy (ms): Min: 0.1, Avg: 0.3, Max: 0.3, Diff: 0.2, Sum: 1.5]
      [Termination (ms): Min: 0.0, Avg: 0.0, Max: 0.1, Diff: 0.1, Sum: 0.3]
         [Termination Attempts: Min: 1, Avg: 1.0, Max: 1, Diff: 0, Sum: 6]
      [GC Worker Other (ms): Min: 0.0, Avg: 0.0, Max: 0.0, Diff: 0.0, Sum: 0.0]
      [GC Worker Total (ms): Min: 0.5, Avg: 0.5, Max: 0.5, Diff: 0.0, Sum: 3.0]
      [GC Worker End (ms): Min: 310.3, Avg: 310.3, Max: 310.3, Diff: 0.0]
   [Code Root Fixup: 0.0 ms]
   [Code Root Purge: 0.0 ms]
   [Clear CT: 0.0 ms]
   [Other: 0.2 ms]
      [Choose CSet: 0.0 ms]
      [Ref Proc: 0.0 ms]
      [Ref Enq: 0.0 ms]
      [Redirty Cards: 0.0 ms]
      [Humongous Register: 0.0 ms]
      [Humongous Reclaim: 0.0 ms]
      [Free CSet: 0.0 ms]
   [Eden: 2048.0K(135.0M)->0.0B(142.0M) Survivors: 3072.0K->3072.0K Heap: 236.1M(512.0M)->234.2M(512.0M)]
 [Times: user=0.00 sys=0.00, real=0.00 secs] 
2021-09-25T02:12:12.176+0800: [GC concurrent-root-region-scan-start]
2021-09-25T02:12:12.176+0800: [GC concurrent-root-region-scan-end, 0.0000846 secs]
2021-09-25T02:12:12.176+0800: [GC concurrent-mark-start]
2021-09-25T02:12:12.177+0800: [GC concurrent-mark-end, 0.0008310 secs]
2021-09-25T02:12:12.177+0800: [GC remark 2021-09-25T02:12:12.177+0800: [Finalize Marking, 0.0000541 secs] 2021-09-25T02:12:12.177+0800: [GC ref-proc, 0.0000546 secs] 2021-09-25T02:12:12.177+0800: [Unloading, 0.0004734 secs], 0.0009674 secs]
 [Times: user=0.00 sys=0.00, real=0.00 secs] 
2021-09-25T02:12:12.178+0800: [GC cleanup 241M->241M(512M), 0.0002457 secs]
 [Times: user=0.00 sys=0.00, real=0.00 secs] 
2021-09-25T02:12:12.201+0800: [GC pause (G1 Evacuation Pause) (young), 0.0059556 secs]
   [Parallel Time: 5.6 ms, GC Workers: 6]
      [GC Worker Start (ms): Min: 337.1, Avg: 337.2, Max: 337.2, Diff: 0.0]
      [Ext Root Scanning (ms): Min: 0.1, Avg: 0.1, Max: 0.2, Diff: 0.0, Sum: 0.8]
      [Update RS (ms): Min: 0.1, Avg: 0.1, Max: 0.2, Diff: 0.1, Sum: 0.8]
         [Processed Buffers: Min: 0, Avg: 2.5, Max: 3, Diff: 3, Sum: 15]
      [Scan RS (ms): Min: 0.0, Avg: 0.0, Max: 0.0, Diff: 0.0, Sum: 0.1]
      [Code Root Scanning (ms): Min: 0.0, Avg: 0.0, Max: 0.0, Diff: 0.0, Sum: 0.0]
      [Object Copy (ms): Min: 5.2, Avg: 5.2, Max: 5.2, Diff: 0.1, Sum: 31.2]
      [Termination (ms): Min: 0.0, Avg: 0.0, Max: 0.1, Diff: 0.1, Sum: 0.2]
         [Termination Attempts: Min: 1, Avg: 1.0, Max: 1, Diff: 0, Sum: 6]
      [GC Worker Other (ms): Min: 0.0, Avg: 0.0, Max: 0.0, Diff: 0.0, Sum: 0.1]
      [GC Worker Total (ms): Min: 5.5, Avg: 5.5, Max: 5.5, Diff: 0.0, Sum: 33.2]
      [GC Worker End (ms): Min: 342.7, Avg: 342.7, Max: 342.7, Diff: 0.0]
   [Code Root Fixup: 0.0 ms]
   [Code Root Purge: 0.0 ms]
   [Clear CT: 0.1 ms]
   [Other: 0.3 ms]
      [Choose CSet: 0.0 ms]
      [Ref Proc: 0.1 ms]
      [Ref Enq: 0.0 ms]
      [Redirty Cards: 0.0 ms]
      [Humongous Register: 0.1 ms]
      [Humongous Reclaim: 0.0 ms]
      [Free CSet: 0.0 ms]
   [Eden: 142.0M(142.0M)->0.0B(6144.0K) Survivors: 3072.0K->19.0M Heap: 414.8M(512.0M)->279.7M(512.0M)]
 [Times: user=0.00 sys=0.00, real=0.01 secs] 
2021-09-25T02:12:12.209+0800: [GC pause (G1 Evacuation Pause) (mixed), 0.0049882 secs]
   [Parallel Time: 4.6 ms, GC Workers: 6]
      [GC Worker Start (ms): Min: 344.3, Avg: 344.3, Max: 344.3, Diff: 0.0]
      [Ext Root Scanning (ms): Min: 0.1, Avg: 0.1, Max: 0.1, Diff: 0.0, Sum: 0.8]
      [Update RS (ms): Min: 0.2, Avg: 0.2, Max: 0.2, Diff: 0.0, Sum: 1.1]
         [Processed Buffers: Min: 1, Avg: 3.5, Max: 4, Diff: 3, Sum: 21]
      [Scan RS (ms): Min: 0.0, Avg: 0.0, Max: 0.0, Diff: 0.0, Sum: 0.1]
      [Code Root Scanning (ms): Min: 0.0, Avg: 0.0, Max: 0.0, Diff: 0.0, Sum: 0.0]
      [Object Copy (ms): Min: 4.1, Avg: 4.1, Max: 4.2, Diff: 0.1, Sum: 24.8]
      [Termination (ms): Min: 0.0, Avg: 0.1, Max: 0.1, Diff: 0.1, Sum: 0.4]
         [Termination Attempts: Min: 1, Avg: 1.0, Max: 1, Diff: 0, Sum: 6]
      [GC Worker Other (ms): Min: 0.0, Avg: 0.0, Max: 0.0, Diff: 0.0, Sum: 0.0]
      [GC Worker Total (ms): Min: 4.5, Avg: 4.5, Max: 4.5, Diff: 0.0, Sum: 27.2]
      [GC Worker End (ms): Min: 348.9, Avg: 348.9, Max: 348.9, Diff: 0.0]
   [Code Root Fixup: 0.0 ms]
   [Code Root Purge: 0.0 ms]
   [Clear CT: 0.0 ms]
   [Other: 0.4 ms]
      [Choose CSet: 0.0 ms]
      [Ref Proc: 0.1 ms]
      [Ref Enq: 0.0 ms]
      [Redirty Cards: 0.0 ms]
      [Humongous Register: 0.1 ms]
      [Humongous Reclaim: 0.0 ms]
      [Free CSet: 0.1 ms]
   [Eden: 6144.0K(6144.0K)->0.0B(116.0M) Survivors: 19.0M->2048.0K Heap: 288.3M(512.0M)->267.0M(512.0M)]
 [Times: user=0.08 sys=0.00, real=0.00 secs] 
2021-09-25T02:12:12.214+0800: [GC pause (G1 Humongous Allocation) (young) (initial-mark), 0.0008293 secs]
   [Parallel Time: 0.6 ms, GC Workers: 6]
      [GC Worker Start (ms): Min: 349.9, Avg: 349.9, Max: 349.9, Diff: 0.0]
      [Ext Root Scanning (ms): Min: 0.1, Avg: 0.1, Max: 0.1, Diff: 0.0, Sum: 0.8]
      [Update RS (ms): Min: 0.0, Avg: 0.0, Max: 0.1, Diff: 0.0, Sum: 0.3]
         [Processed Buffers: Min: 1, Avg: 1.2, Max: 2, Diff: 1, Sum: 7]
      [Scan RS (ms): Min: 0.0, Avg: 0.0, Max: 0.0, Diff: 0.0, Sum: 0.0]
      [Code Root Scanning (ms): Min: 0.0, Avg: 0.0, Max: 0.0, Diff: 0.0, Sum: 0.0]
      [Object Copy (ms): Min: 0.3, Avg: 0.3, Max: 0.4, Diff: 0.1, Sum: 2.0]
      [Termination (ms): Min: 0.0, Avg: 0.0, Max: 0.1, Diff: 0.1, Sum: 0.2]
         [Termination Attempts: Min: 1, Avg: 1.0, Max: 1, Diff: 0, Sum: 6]
      [GC Worker Other (ms): Min: 0.0, Avg: 0.0, Max: 0.0, Diff: 0.0, Sum: 0.1]
      [GC Worker Total (ms): Min: 0.5, Avg: 0.6, Max: 0.6, Diff: 0.0, Sum: 3.3]
      [GC Worker End (ms): Min: 350.4, Avg: 350.4, Max: 350.4, Diff: 0.0]
   [Code Root Fixup: 0.0 ms]
   [Code Root Purge: 0.0 ms]
   [Clear CT: 0.0 ms]
   [Other: 0.2 ms]
      [Choose CSet: 0.0 ms]
      [Ref Proc: 0.0 ms]
      [Ref Enq: 0.0 ms]
      [Redirty Cards: 0.0 ms]
      [Humongous Register: 0.0 ms]
      [Humongous Reclaim: 0.0 ms]
      [Free CSet: 0.0 ms]
   [Eden: 4096.0K(116.0M)->0.0B(106.0M) Survivors: 2048.0K->4096.0K Heap: 270.4M(512.0M)->268.7M(512.0M)]
 [Times: user=0.00 sys=0.00, real=0.00 secs] 
2021-09-25T02:12:12.215+0800: [GC concurrent-root-region-scan-start]
2021-09-25T02:12:12.215+0800: [GC concurrent-root-region-scan-end, 0.0000967 secs]
2021-09-25T02:12:12.215+0800: [GC concurrent-mark-start]
2021-09-25T02:12:12.216+0800: [GC concurrent-mark-end, 0.0008780 secs]
2021-09-25T02:12:12.216+0800: [GC remark 2021-09-25T02:12:12.216+0800: [Finalize Marking, 0.0000549 secs] 2021-09-25T02:12:12.216+0800: [GC ref-proc, 0.0000552 secs] 2021-09-25T02:12:12.216+0800: [Unloading, 0.0003771 secs], 0.0008235 secs]
 [Times: user=0.00 sys=0.00, real=0.00 secs] 
2021-09-25T02:12:12.217+0800: [GC cleanup 277M->277M(512M), 0.0003013 secs]
 [Times: user=0.00 sys=0.00, real=0.00 secs] 
2021-09-25T02:12:12.235+0800: [GC pause (G1 Evacuation Pause) (young), 0.0055695 secs]
   [Parallel Time: 5.2 ms, GC Workers: 6]
      [GC Worker Start (ms): Min: 370.5, Avg: 370.5, Max: 370.5, Diff: 0.0]
      [Ext Root Scanning (ms): Min: 0.1, Avg: 0.1, Max: 0.1, Diff: 0.0, Sum: 0.8]
      [Update RS (ms): Min: 0.1, Avg: 0.2, Max: 0.2, Diff: 0.0, Sum: 1.0]
         [Processed Buffers: Min: 0, Avg: 3.3, Max: 4, Diff: 4, Sum: 20]
      [Scan RS (ms): Min: 0.0, Avg: 0.0, Max: 0.0, Diff: 0.0, Sum: 0.1]
      [Code Root Scanning (ms): Min: 0.0, Avg: 0.0, Max: 0.0, Diff: 0.0, Sum: 0.0]
      [Object Copy (ms): Min: 4.7, Avg: 4.8, Max: 4.8, Diff: 0.1, Sum: 28.5]
      [Termination (ms): Min: 0.0, Avg: 0.1, Max: 0.1, Diff: 0.1, Sum: 0.3]
         [Termination Attempts: Min: 1, Avg: 1.0, Max: 1, Diff: 0, Sum: 6]
      [GC Worker Other (ms): Min: 0.0, Avg: 0.0, Max: 0.0, Diff: 0.0, Sum: 0.0]
      [GC Worker Total (ms): Min: 5.1, Avg: 5.1, Max: 5.1, Diff: 0.0, Sum: 30.8]
      [GC Worker End (ms): Min: 375.6, Avg: 375.6, Max: 375.6, Diff: 0.0]
   [Code Root Fixup: 0.0 ms]
   [Code Root Purge: 0.0 ms]
   [Clear CT: 0.0 ms]
   [Other: 0.3 ms]
      [Choose CSet: 0.0 ms]
      [Ref Proc: 0.1 ms]
      [Ref Enq: 0.0 ms]
      [Redirty Cards: 0.0 ms]
      [Humongous Register: 0.1 ms]
      [Humongous Reclaim: 0.0 ms]
      [Free CSet: 0.0 ms]
   [Eden: 106.0M(106.0M)->0.0B(11.0M) Survivors: 4096.0K->14.0M Heap: 405.2M(512.0M)->306.4M(512.0M)]
 [Times: user=0.00 sys=0.00, real=0.01 secs] 
2021-09-25T02:12:12.242+0800: [GC pause (G1 Evacuation Pause) (mixed), 0.0054507 secs]
   [Parallel Time: 5.0 ms, GC Workers: 6]
      [GC Worker Start (ms): Min: 377.9, Avg: 378.0, Max: 378.0, Diff: 0.0]
      [Ext Root Scanning (ms): Min: 0.1, Avg: 0.1, Max: 0.1, Diff: 0.0, Sum: 0.8]
      [Update RS (ms): Min: 0.2, Avg: 0.2, Max: 0.2, Diff: 0.1, Sum: 1.2]
         [Processed Buffers: Min: 1, Avg: 3.7, Max: 6, Diff: 5, Sum: 22]
      [Scan RS (ms): Min: 0.0, Avg: 0.0, Max: 0.1, Diff: 0.1, Sum: 0.2]
      [Code Root Scanning (ms): Min: 0.0, Avg: 0.0, Max: 0.0, Diff: 0.0, Sum: 0.0]
      [Object Copy (ms): Min: 4.5, Avg: 4.6, Max: 4.6, Diff: 0.1, Sum: 27.4]
      [Termination (ms): Min: 0.0, Avg: 0.1, Max: 0.1, Diff: 0.1, Sum: 0.4]
         [Termination Attempts: Min: 1, Avg: 1.0, Max: 1, Diff: 0, Sum: 6]
      [GC Worker Other (ms): Min: 0.0, Avg: 0.0, Max: 0.0, Diff: 0.0, Sum: 0.0]
      [GC Worker Total (ms): Min: 5.0, Avg: 5.0, Max: 5.0, Diff: 0.0, Sum: 29.9]
      [GC Worker End (ms): Min: 382.9, Avg: 382.9, Max: 383.0, Diff: 0.0]
   [Code Root Fixup: 0.0 ms]
   [Code Root Purge: 0.0 ms]
   [Clear CT: 0.1 ms]
   [Other: 0.4 ms]
      [Choose CSet: 0.0 ms]
      [Ref Proc: 0.1 ms]
      [Ref Enq: 0.0 ms]
      [Redirty Cards: 0.0 ms]
      [Humongous Register: 0.1 ms]
      [Humongous Reclaim: 0.0 ms]
      [Free CSet: 0.1 ms]
   [Eden: 11.0M(11.0M)->0.0B(94.0M) Survivors: 14.0M->3072.0K Heap: 320.1M(512.0M)->286.9M(512.0M)]
 [Times: user=0.00 sys=0.00, real=0.01 secs] 
2021-09-25T02:12:12.248+0800: [GC pause (G1 Humongous Allocation) (young) (initial-mark), 0.0009567 secs]
   [Parallel Time: 0.7 ms, GC Workers: 6]
      [GC Worker Start (ms): Min: 383.6, Avg: 383.7, Max: 383.8, Diff: 0.1]
      [Ext Root Scanning (ms): Min: 0.0, Avg: 0.2, Max: 0.6, Diff: 0.6, Sum: 1.3]
      [Update RS (ms): Min: 0.0, Avg: 0.1, Max: 0.2, Diff: 0.2, Sum: 0.4]
         [Processed Buffers: Min: 0, Avg: 1.2, Max: 2, Diff: 2, Sum: 7]
      [Scan RS (ms): Min: 0.0, Avg: 0.0, Max: 0.0, Diff: 0.0, Sum: 0.0]
      [Code Root Scanning (ms): Min: 0.0, Avg: 0.0, Max: 0.0, Diff: 0.0, Sum: 0.0]
      [Object Copy (ms): Min: 0.0, Avg: 0.3, Max: 0.4, Diff: 0.4, Sum: 1.8]
      [Termination (ms): Min: 0.0, Avg: 0.0, Max: 0.1, Diff: 0.1, Sum: 0.3]
         [Termination Attempts: Min: 1, Avg: 1.0, Max: 1, Diff: 0, Sum: 6]
      [GC Worker Other (ms): Min: 0.0, Avg: 0.0, Max: 0.0, Diff: 0.0, Sum: 0.0]
      [GC Worker Total (ms): Min: 0.5, Avg: 0.6, Max: 0.7, Diff: 0.2, Sum: 3.8]
      [GC Worker End (ms): Min: 384.3, Avg: 384.3, Max: 384.3, Diff: 0.0]
   [Code Root Fixup: 0.0 ms]
   [Code Root Purge: 0.0 ms]
   [Clear CT: 0.0 ms]
   [Other: 0.2 ms]
      [Choose CSet: 0.0 ms]
      [Ref Proc: 0.1 ms]
      [Ref Enq: 0.0 ms]
      [Redirty Cards: 0.0 ms]
      [Humongous Register: 0.1 ms]
      [Humongous Reclaim: 0.0 ms]
      [Free CSet: 0.0 ms]
   [Eden: 1024.0K(94.0M)->0.0B(100.0M) Survivors: 3072.0K->3072.0K Heap: 287.2M(512.0M)->287.0M(512.0M)]
 [Times: user=0.00 sys=0.00, real=0.00 secs] 
2021-09-25T02:12:12.249+0800: [GC concurrent-root-region-scan-start]
2021-09-25T02:12:12.249+0800: [GC concurrent-root-region-scan-end, 0.0001207 secs]
2021-09-25T02:12:12.249+0800: [GC concurrent-mark-start]
2021-09-25T02:12:12.251+0800: [GC concurrent-mark-end, 0.0012587 secs]
2021-09-25T02:12:12.251+0800: [GC remark 2021-09-25T02:12:12.251+0800: [Finalize Marking, 0.0000511 secs] 2021-09-25T02:12:12.251+0800: [GC ref-proc, 0.0000554 secs] 2021-09-25T02:12:12.251+0800: [Unloading, 0.0003646 secs], 0.0008197 secs]
 [Times: user=0.00 sys=0.00, real=0.00 secs] 
2021-09-25T02:12:12.252+0800: [GC cleanup 296M->296M(512M), 0.0003396 secs]
 [Times: user=0.00 sys=0.00, real=0.00 secs] 
2021-09-25T02:12:12.267+0800: [GC pause (G1 Evacuation Pause) (young), 0.0050084 secs]
   [Parallel Time: 4.6 ms, GC Workers: 6]
      [GC Worker Start (ms): Min: 402.4, Avg: 402.4, Max: 402.4, Diff: 0.0]
      [Ext Root Scanning (ms): Min: 0.1, Avg: 0.1, Max: 0.2, Diff: 0.0, Sum: 0.8]
      [Update RS (ms): Min: 0.1, Avg: 0.2, Max: 0.2, Diff: 0.0, Sum: 1.0]
         [Processed Buffers: Min: 0, Avg: 3.2, Max: 4, Diff: 4, Sum: 19]
      [Scan RS (ms): Min: 0.0, Avg: 0.0, Max: 0.0, Diff: 0.0, Sum: 0.0]
      [Code Root Scanning (ms): Min: 0.0, Avg: 0.0, Max: 0.0, Diff: 0.0, Sum: 0.0]
      [Object Copy (ms): Min: 4.1, Avg: 4.2, Max: 4.3, Diff: 0.2, Sum: 25.1]
      [Termination (ms): Min: 0.0, Avg: 0.1, Max: 0.1, Diff: 0.1, Sum: 0.5]
         [Termination Attempts: Min: 1, Avg: 1.0, Max: 1, Diff: 0, Sum: 6]
      [GC Worker Other (ms): Min: 0.0, Avg: 0.0, Max: 0.0, Diff: 0.0, Sum: 0.1]
      [GC Worker Total (ms): Min: 4.6, Avg: 4.6, Max: 4.6, Diff: 0.0, Sum: 27.5]
      [GC Worker End (ms): Min: 407.0, Avg: 407.0, Max: 407.0, Diff: 0.0]
   [Code Root Fixup: 0.0 ms]
   [Code Root Purge: 0.0 ms]
   [Clear CT: 0.0 ms]
   [Other: 0.3 ms]
      [Choose CSet: 0.0 ms]
      [Ref Proc: 0.1 ms]
      [Ref Enq: 0.0 ms]
      [Redirty Cards: 0.0 ms]
      [Humongous Register: 0.1 ms]
      [Humongous Reclaim: 0.0 ms]
      [Free CSet: 0.0 ms]
   [Eden: 100.0M(100.0M)->0.0B(12.0M) Survivors: 3072.0K->13.0M Heap: 409.7M(512.0M)->316.3M(512.0M)]
 [Times: user=0.00 sys=0.00, real=0.01 secs] 
2021-09-25T02:12:12.274+0800: [GC pause (G1 Evacuation Pause) (mixed), 0.0057453 secs]
   [Parallel Time: 5.4 ms, GC Workers: 6]
      [GC Worker Start (ms): Min: 409.4, Avg: 409.4, Max: 409.4, Diff: 0.0]
      [Ext Root Scanning (ms): Min: 0.1, Avg: 0.1, Max: 0.1, Diff: 0.0, Sum: 0.8]
      [Update RS (ms): Min: 0.2, Avg: 0.2, Max: 0.2, Diff: 0.0, Sum: 1.3]
         [Processed Buffers: Min: 4, Avg: 4.5, Max: 5, Diff: 1, Sum: 27]
      [Scan RS (ms): Min: 0.0, Avg: 0.0, Max: 0.1, Diff: 0.1, Sum: 0.2]
      [Code Root Scanning (ms): Min: 0.0, Avg: 0.0, Max: 0.0, Diff: 0.0, Sum: 0.0]
      [Object Copy (ms): Min: 4.9, Avg: 4.9, Max: 4.9, Diff: 0.0, Sum: 29.5]
      [Termination (ms): Min: 0.0, Avg: 0.0, Max: 0.1, Diff: 0.1, Sum: 0.2]
         [Termination Attempts: Min: 1, Avg: 1.0, Max: 1, Diff: 0, Sum: 6]
      [GC Worker Other (ms): Min: 0.0, Avg: 0.0, Max: 0.0, Diff: 0.0, Sum: 0.0]
      [GC Worker Total (ms): Min: 5.3, Avg: 5.3, Max: 5.3, Diff: 0.0, Sum: 32.0]
      [GC Worker End (ms): Min: 414.7, Avg: 414.7, Max: 414.7, Diff: 0.0]
   [Code Root Fixup: 0.0 ms]
   [Code Root Purge: 0.0 ms]
   [Clear CT: 0.0 ms]
   [Other: 0.3 ms]
      [Choose CSet: 0.0 ms]
      [Ref Proc: 0.1 ms]
      [Ref Enq: 0.0 ms]
      [Redirty Cards: 0.0 ms]
      [Humongous Register: 0.1 ms]
      [Humongous Reclaim: 0.0 ms]
      [Free CSet: 0.0 ms]
   [Eden: 12.0M(12.0M)->0.0B(89.0M) Survivors: 13.0M->4096.0K Heap: 330.8M(512.0M)->297.0M(512.0M)]
 [Times: user=0.00 sys=0.00, real=0.01 secs] 
2021-09-25T02:12:12.280+0800: [GC pause (G1 Humongous Allocation) (young) (initial-mark), 0.0009888 secs]
   [Parallel Time: 0.7 ms, GC Workers: 6]
      [GC Worker Start (ms): Min: 415.7, Avg: 415.7, Max: 415.7, Diff: 0.0]
      [Ext Root Scanning (ms): Min: 0.1, Avg: 0.1, Max: 0.1, Diff: 0.0, Sum: 0.8]
      [Update RS (ms): Min: 0.0, Avg: 0.1, Max: 0.2, Diff: 0.1, Sum: 0.4]
         [Processed Buffers: Min: 1, Avg: 1.2, Max: 2, Diff: 1, Sum: 7]
      [Scan RS (ms): Min: 0.0, Avg: 0.0, Max: 0.0, Diff: 0.0, Sum: 0.0]
      [Code Root Scanning (ms): Min: 0.0, Avg: 0.0, Max: 0.0, Diff: 0.0, Sum: 0.0]
      [Object Copy (ms): Min: 0.4, Avg: 0.5, Max: 0.6, Diff: 0.2, Sum: 2.9]
      [Termination (ms): Min: 0.0, Avg: 0.0, Max: 0.1, Diff: 0.1, Sum: 0.2]
         [Termination Attempts: Min: 1, Avg: 1.0, Max: 1, Diff: 0, Sum: 6]
      [GC Worker Other (ms): Min: 0.0, Avg: 0.0, Max: 0.0, Diff: 0.0, Sum: 0.0]
      [GC Worker Total (ms): Min: 0.7, Avg: 0.7, Max: 0.7, Diff: 0.0, Sum: 4.3]
      [GC Worker End (ms): Min: 416.4, Avg: 416.4, Max: 416.4, Diff: 0.0]
   [Code Root Fixup: 0.0 ms]
   [Code Root Purge: 0.0 ms]
   [Clear CT: 0.0 ms]
   [Other: 0.2 ms]
      [Choose CSet: 0.0 ms]
      [Ref Proc: 0.0 ms]
      [Ref Enq: 0.0 ms]
      [Redirty Cards: 0.0 ms]
      [Humongous Register: 0.0 ms]
      [Humongous Reclaim: 0.0 ms]
      [Free CSet: 0.0 ms]
   [Eden: 4096.0K(89.0M)->0.0B(88.0M) Survivors: 4096.0K->5120.0K Heap: 300.3M(512.0M)->297.7M(512.0M)]
 [Times: user=0.00 sys=0.00, real=0.00 secs] 
2021-09-25T02:12:12.281+0800: [GC concurrent-root-region-scan-start]
2021-09-25T02:12:12.281+0800: [GC concurrent-root-region-scan-end, 0.0000916 secs]
2021-09-25T02:12:12.281+0800: [GC concurrent-mark-start]
2021-09-25T02:12:12.282+0800: [GC concurrent-mark-end, 0.0009180 secs]
2021-09-25T02:12:12.282+0800: [GC remark 2021-09-25T02:12:12.282+0800: [Finalize Marking, 0.0000420 secs] 2021-09-25T02:12:12.282+0800: [GC ref-proc, 0.0000573 secs] 2021-09-25T02:12:12.283+0800: [Unloading, 0.0003687 secs], 0.0008186 secs]
 [Times: user=0.00 sys=0.00, real=0.00 secs] 
2021-09-25T02:12:12.283+0800: [GC cleanup 305M->305M(512M), 0.0002723 secs]
 [Times: user=0.00 sys=0.00, real=0.00 secs] 
2021-09-25T02:12:12.298+0800: [GC pause (G1 Evacuation Pause) (young), 0.0045972 secs]
   [Parallel Time: 4.2 ms, GC Workers: 6]
      [GC Worker Start (ms): Min: 433.3, Avg: 433.3, Max: 433.3, Diff: 0.0]
      [Ext Root Scanning (ms): Min: 0.1, Avg: 0.1, Max: 0.1, Diff: 0.0, Sum: 0.8]
      [Update RS (ms): Min: 0.2, Avg: 0.2, Max: 0.2, Diff: 0.0, Sum: 1.1]
         [Processed Buffers: Min: 1, Avg: 3.5, Max: 4, Diff: 3, Sum: 21]
      [Scan RS (ms): Min: 0.0, Avg: 0.0, Max: 0.0, Diff: 0.0, Sum: 0.0]
      [Code Root Scanning (ms): Min: 0.0, Avg: 0.0, Max: 0.0, Diff: 0.0, Sum: 0.0]
      [Object Copy (ms): Min: 3.7, Avg: 3.8, Max: 3.9, Diff: 0.1, Sum: 22.7]
      [Termination (ms): Min: 0.0, Avg: 0.1, Max: 0.1, Diff: 0.1, Sum: 0.4]
         [Termination Attempts: Min: 1, Avg: 1.0, Max: 1, Diff: 0, Sum: 6]
      [GC Worker Other (ms): Min: 0.0, Avg: 0.0, Max: 0.0, Diff: 0.0, Sum: 0.0]
      [GC Worker Total (ms): Min: 4.2, Avg: 4.2, Max: 4.2, Diff: 0.0, Sum: 25.2]
      [GC Worker End (ms): Min: 437.5, Avg: 437.5, Max: 437.5, Diff: 0.0]
   [Code Root Fixup: 0.0 ms]
   [Code Root Purge: 0.0 ms]
   [Clear CT: 0.1 ms]
   [Other: 0.3 ms]
      [Choose CSet: 0.0 ms]
      [Ref Proc: 0.1 ms]
      [Ref Enq: 0.0 ms]
      [Redirty Cards: 0.0 ms]
      [Humongous Register: 0.1 ms]
      [Humongous Reclaim: 0.0 ms]
      [Free CSet: 0.0 ms]
   [Eden: 88.0M(88.0M)->0.0B(13.0M) Survivors: 5120.0K->12.0M Heap: 407.3M(512.0M)->327.8M(512.0M)]
 [Times: user=0.00 sys=0.00, real=0.00 secs] 
2021-09-25T02:12:12.304+0800: [GC pause (G1 Evacuation Pause) (mixed), 0.0049674 secs]
   [Parallel Time: 4.6 ms, GC Workers: 6]
      [GC Worker Start (ms): Min: 440.0, Avg: 440.0, Max: 440.0, Diff: 0.0]
      [Ext Root Scanning (ms): Min: 0.1, Avg: 0.1, Max: 0.1, Diff: 0.0, Sum: 0.8]
      [Update RS (ms): Min: 0.2, Avg: 0.2, Max: 0.2, Diff: 0.0, Sum: 1.3]
         [Processed Buffers: Min: 4, Avg: 4.5, Max: 5, Diff: 1, Sum: 27]
      [Scan RS (ms): Min: 0.0, Avg: 0.0, Max: 0.0, Diff: 0.0, Sum: 0.1]
      [Code Root Scanning (ms): Min: 0.0, Avg: 0.0, Max: 0.0, Diff: 0.0, Sum: 0.0]
      [Object Copy (ms): Min: 4.1, Avg: 4.1, Max: 4.2, Diff: 0.1, Sum: 24.7]
      [Termination (ms): Min: 0.0, Avg: 0.1, Max: 0.1, Diff: 0.1, Sum: 0.3]
         [Termination Attempts: Min: 1, Avg: 1.0, Max: 1, Diff: 0, Sum: 6]
      [GC Worker Other (ms): Min: 0.0, Avg: 0.0, Max: 0.0, Diff: 0.0, Sum: 0.0]
      [GC Worker Total (ms): Min: 4.5, Avg: 4.5, Max: 4.6, Diff: 0.0, Sum: 27.3]
      [GC Worker End (ms): Min: 444.5, Avg: 444.5, Max: 444.6, Diff: 0.0]
   [Code Root Fixup: 0.0 ms]
   [Code Root Purge: 0.0 ms]
   [Clear CT: 0.1 ms]
   [Other: 0.3 ms]
      [Choose CSet: 0.0 ms]
      [Ref Proc: 0.0 ms]
      [Ref Enq: 0.0 ms]
      [Redirty Cards: 0.1 ms]
      [Humongous Register: 0.1 ms]
      [Humongous Reclaim: 0.0 ms]
      [Free CSet: 0.1 ms]
   [Eden: 13.0M(13.0M)->0.0B(76.0M) Survivors: 12.0M->4096.0K Heap: 343.2M(512.0M)->311.8M(512.0M)]
 [Times: user=0.02 sys=0.00, real=0.01 secs] 
2021-09-25T02:12:12.310+0800: [GC pause (G1 Humongous Allocation) (young) (initial-mark), 0.0012245 secs]
   [Parallel Time: 0.8 ms, GC Workers: 6]
      [GC Worker Start (ms): Min: 445.5, Avg: 445.5, Max: 445.7, Diff: 0.2]
      [Ext Root Scanning (ms): Min: 0.0, Avg: 0.2, Max: 0.5, Diff: 0.5, Sum: 1.5]
      [Update RS (ms): Min: 0.0, Avg: 0.1, Max: 0.1, Diff: 0.1, Sum: 0.3]
         [Processed Buffers: Min: 0, Avg: 1.2, Max: 2, Diff: 2, Sum: 7]
      [Scan RS (ms): Min: 0.0, Avg: 0.0, Max: 0.0, Diff: 0.0, Sum: 0.0]
      [Code Root Scanning (ms): Min: 0.0, Avg: 0.0, Max: 0.0, Diff: 0.0, Sum: 0.0]
      [Object Copy (ms): Min: 0.1, Avg: 0.4, Max: 0.5, Diff: 0.4, Sum: 2.2]
      [Termination (ms): Min: 0.0, Avg: 0.0, Max: 0.1, Diff: 0.1, Sum: 0.3]
         [Termination Attempts: Min: 1, Avg: 1.0, Max: 1, Diff: 0, Sum: 6]
      [GC Worker Other (ms): Min: 0.0, Avg: 0.0, Max: 0.0, Diff: 0.0, Sum: 0.0]
      [GC Worker Total (ms): Min: 0.6, Avg: 0.7, Max: 0.8, Diff: 0.2, Sum: 4.4]
      [GC Worker End (ms): Min: 446.3, Avg: 446.3, Max: 446.3, Diff: 0.0]
   [Code Root Fixup: 0.0 ms]
   [Code Root Purge: 0.0 ms]
   [Clear CT: 0.0 ms]
   [Other: 0.3 ms]
      [Choose CSet: 0.0 ms]
      [Ref Proc: 0.1 ms]
      [Ref Enq: 0.0 ms]
      [Redirty Cards: 0.0 ms]
      [Humongous Register: 0.1 ms]
      [Humongous Reclaim: 0.0 ms]
      [Free CSet: 0.0 ms]
   [Eden: 1024.0K(76.0M)->0.0B(78.0M) Survivors: 4096.0K->4096.0K Heap: 312.5M(512.0M)->311.5M(512.0M)]
 [Times: user=0.00 sys=0.00, real=0.00 secs] 
2021-09-25T02:12:12.311+0800: [GC concurrent-root-region-scan-start]
2021-09-25T02:12:12.311+0800: [GC concurrent-root-region-scan-end, 0.0001230 secs]
2021-09-25T02:12:12.311+0800: [GC concurrent-mark-start]
2021-09-25T02:12:12.313+0800: [GC concurrent-mark-end, 0.0013054 secs]
2021-09-25T02:12:12.313+0800: [GC remark 2021-09-25T02:12:12.313+0800: [Finalize Marking, 0.0000822 secs] 2021-09-25T02:12:12.313+0800: [GC ref-proc, 0.0000566 secs] 2021-09-25T02:12:12.313+0800: [Unloading, 0.0004180 secs], 0.0010899 secs]
 [Times: user=0.00 sys=0.00, real=0.00 secs] 
2021-09-25T02:12:12.314+0800: [GC cleanup 320M->320M(512M), 0.0003608 secs]
 [Times: user=0.00 sys=0.00, real=0.00 secs] 
2021-09-25T02:12:12.326+0800: [GC pause (G1 Evacuation Pause) (young), 0.0049397 secs]
   [Parallel Time: 4.5 ms, GC Workers: 6]
      [GC Worker Start (ms): Min: 461.6, Avg: 461.6, Max: 461.7, Diff: 0.1]
      [Ext Root Scanning (ms): Min: 0.1, Avg: 0.4, Max: 1.7, Diff: 1.6, Sum: 2.3]
      [Update RS (ms): Min: 0.0, Avg: 0.3, Max: 0.4, Diff: 0.4, Sum: 1.7]
         [Processed Buffers: Min: 0, Avg: 5.7, Max: 9, Diff: 9, Sum: 34]
      [Scan RS (ms): Min: 0.0, Avg: 0.0, Max: 0.0, Diff: 0.0, Sum: 0.0]
      [Code Root Scanning (ms): Min: 0.0, Avg: 0.0, Max: 0.0, Diff: 0.0, Sum: 0.0]
      [Object Copy (ms): Min: 2.8, Avg: 3.7, Max: 4.0, Diff: 1.2, Sum: 22.5]
      [Termination (ms): Min: 0.0, Avg: 0.1, Max: 0.1, Diff: 0.1, Sum: 0.4]
         [Termination Attempts: Min: 1, Avg: 1.0, Max: 1, Diff: 0, Sum: 6]
      [GC Worker Other (ms): Min: 0.0, Avg: 0.0, Max: 0.0, Diff: 0.0, Sum: 0.1]
      [GC Worker Total (ms): Min: 4.4, Avg: 4.5, Max: 4.5, Diff: 0.1, Sum: 27.0]
      [GC Worker End (ms): Min: 466.1, Avg: 466.1, Max: 466.1, Diff: 0.0]
   [Code Root Fixup: 0.0 ms]
   [Code Root Purge: 0.0 ms]
   [Clear CT: 0.1 ms]
   [Other: 0.3 ms]
      [Choose CSet: 0.0 ms]
      [Ref Proc: 0.1 ms]
      [Ref Enq: 0.0 ms]
      [Redirty Cards: 0.0 ms]
      [Humongous Register: 0.1 ms]
      [Humongous Reclaim: 0.0 ms]
      [Free CSet: 0.0 ms]
   [Eden: 78.0M(78.0M)->0.0B(14.0M) Survivors: 4096.0K->11.0M Heap: 415.0M(512.0M)->342.2M(512.0M)]
 [Times: user=0.00 sys=0.00, real=0.01 secs] 
2021-09-25T02:12:12.333+0800: [GC pause (G1 Evacuation Pause) (mixed), 0.0052465 secs]
   [Parallel Time: 4.9 ms, GC Workers: 6]
      [GC Worker Start (ms): Min: 468.6, Avg: 468.6, Max: 468.6, Diff: 0.0]
      [Ext Root Scanning (ms): Min: 0.1, Avg: 0.1, Max: 0.1, Diff: 0.0, Sum: 0.8]
      [Update RS (ms): Min: 0.2, Avg: 0.2, Max: 0.2, Diff: 0.0, Sum: 1.2]
         [Processed Buffers: Min: 3, Avg: 4.0, Max: 5, Diff: 2, Sum: 24]
      [Scan RS (ms): Min: 0.0, Avg: 0.0, Max: 0.1, Diff: 0.1, Sum: 0.2]
      [Code Root Scanning (ms): Min: 0.0, Avg: 0.0, Max: 0.0, Diff: 0.0, Sum: 0.0]
      [Object Copy (ms): Min: 4.4, Avg: 4.4, Max: 4.5, Diff: 0.1, Sum: 26.6]
      [Termination (ms): Min: 0.0, Avg: 0.0, Max: 0.1, Diff: 0.1, Sum: 0.2]
         [Termination Attempts: Min: 1, Avg: 1.0, Max: 1, Diff: 0, Sum: 6]
      [GC Worker Other (ms): Min: 0.0, Avg: 0.0, Max: 0.0, Diff: 0.0, Sum: 0.0]
      [GC Worker Total (ms): Min: 4.8, Avg: 4.8, Max: 4.9, Diff: 0.0, Sum: 29.1]
      [GC Worker End (ms): Min: 473.5, Avg: 473.5, Max: 473.5, Diff: 0.0]
   [Code Root Fixup: 0.0 ms]
   [Code Root Purge: 0.0 ms]
   [Clear CT: 0.0 ms]
   [Other: 0.3 ms]
      [Choose CSet: 0.0 ms]
      [Ref Proc: 0.1 ms]
      [Ref Enq: 0.0 ms]
      [Redirty Cards: 0.0 ms]
      [Humongous Register: 0.1 ms]
      [Humongous Reclaim: 0.0 ms]
      [Free CSet: 0.1 ms]
   [Eden: 14.0M(14.0M)->0.0B(62.0M) Survivors: 11.0M->4096.0K Heap: 358.3M(512.0M)->328.9M(512.0M)]
 [Times: user=0.09 sys=0.00, real=0.01 secs] 
2021-09-25T02:12:12.339+0800: [GC pause (G1 Humongous Allocation) (young) (initial-mark), 0.0009657 secs]
   [Parallel Time: 0.7 ms, GC Workers: 6]
      [GC Worker Start (ms): Min: 474.3, Avg: 474.3, Max: 474.3, Diff: 0.0]
      [Ext Root Scanning (ms): Min: 0.1, Avg: 0.1, Max: 0.1, Diff: 0.0, Sum: 0.8]
      [Update RS (ms): Min: 0.0, Avg: 0.1, Max: 0.2, Diff: 0.2, Sum: 0.5]
         [Processed Buffers: Min: 1, Avg: 1.2, Max: 2, Diff: 1, Sum: 7]
      [Scan RS (ms): Min: 0.0, Avg: 0.0, Max: 0.0, Diff: 0.0, Sum: 0.0]
      [Code Root Scanning (ms): Min: 0.0, Avg: 0.0, Max: 0.0, Diff: 0.0, Sum: 0.0]
      [Object Copy (ms): Min: 0.3, Avg: 0.4, Max: 0.5, Diff: 0.2, Sum: 2.6]
      [Termination (ms): Min: 0.0, Avg: 0.0, Max: 0.1, Diff: 0.1, Sum: 0.3]
         [Termination Attempts: Min: 1, Avg: 1.0, Max: 1, Diff: 0, Sum: 6]
      [GC Worker Other (ms): Min: 0.0, Avg: 0.0, Max: 0.0, Diff: 0.0, Sum: 0.0]
      [GC Worker Total (ms): Min: 0.7, Avg: 0.7, Max: 0.7, Diff: 0.0, Sum: 4.2]
      [GC Worker End (ms): Min: 475.0, Avg: 475.0, Max: 475.0, Diff: 0.0]
   [Code Root Fixup: 0.0 ms]
   [Code Root Purge: 0.0 ms]
   [Clear CT: 0.0 ms]
   [Other: 0.2 ms]
      [Choose CSet: 0.0 ms]
      [Ref Proc: 0.0 ms]
      [Ref Enq: 0.0 ms]
      [Redirty Cards: 0.0 ms]
      [Humongous Register: 0.1 ms]
      [Humongous Reclaim: 0.0 ms]
      [Free CSet: 0.0 ms]
   [Eden: 3072.0K(62.0M)->0.0B(65.0M) Survivors: 4096.0K->4096.0K Heap: 331.2M(512.0M)->328.1M(512.0M)]
 [Times: user=0.00 sys=0.00, real=0.00 secs] 
2021-09-25T02:12:12.340+0800: [GC concurrent-root-region-scan-start]
2021-09-25T02:12:12.340+0800: [GC concurrent-root-region-scan-end, 0.0000886 secs]
2021-09-25T02:12:12.340+0800: [GC concurrent-mark-start]
2021-09-25T02:12:12.341+0800: [GC concurrent-mark-end, 0.0009716 secs]
2021-09-25T02:12:12.341+0800: [GC remark 2021-09-25T02:12:12.341+0800: [Finalize Marking, 0.0000472 secs] 2021-09-25T02:12:12.341+0800: [GC ref-proc, 0.0000549 secs] 2021-09-25T02:12:12.341+0800: [Unloading, 0.0003806 secs], 0.0008606 secs]
 [Times: user=0.00 sys=0.00, real=0.00 secs] 
2021-09-25T02:12:12.342+0800: [GC cleanup 336M->336M(512M), 0.0002876 secs]
 [Times: user=0.00 sys=0.00, real=0.00 secs] 
2021-09-25T02:12:12.352+0800: [GC pause (G1 Evacuation Pause) (young), 0.0037023 secs]
   [Parallel Time: 3.3 ms, GC Workers: 6]
      [GC Worker Start (ms): Min: 487.0, Avg: 487.0, Max: 487.0, Diff: 0.0]
      [Ext Root Scanning (ms): Min: 0.1, Avg: 0.1, Max: 0.1, Diff: 0.0, Sum: 0.8]
      [Update RS (ms): Min: 0.3, Avg: 0.3, Max: 0.3, Diff: 0.0, Sum: 1.6]
         [Processed Buffers: Min: 2, Avg: 5.0, Max: 6, Diff: 4, Sum: 30]
      [Scan RS (ms): Min: 0.0, Avg: 0.0, Max: 0.0, Diff: 0.0, Sum: 0.0]
      [Code Root Scanning (ms): Min: 0.0, Avg: 0.0, Max: 0.0, Diff: 0.0, Sum: 0.0]
      [Object Copy (ms): Min: 2.8, Avg: 2.9, Max: 2.9, Diff: 0.1, Sum: 17.1]
      [Termination (ms): Min: 0.0, Avg: 0.0, Max: 0.1, Diff: 0.1, Sum: 0.2]
         [Termination Attempts: Min: 1, Avg: 1.0, Max: 1, Diff: 0, Sum: 6]
      [GC Worker Other (ms): Min: 0.0, Avg: 0.0, Max: 0.0, Diff: 0.0, Sum: 0.0]
      [GC Worker Total (ms): Min: 3.3, Avg: 3.3, Max: 3.3, Diff: 0.0, Sum: 19.8]
      [GC Worker End (ms): Min: 490.3, Avg: 490.3, Max: 490.3, Diff: 0.0]
   [Code Root Fixup: 0.0 ms]
   [Code Root Purge: 0.0 ms]
   [Clear CT: 0.0 ms]
   [Other: 0.3 ms]
      [Choose CSet: 0.0 ms]
      [Ref Proc: 0.1 ms]
      [Ref Enq: 0.0 ms]
      [Redirty Cards: 0.0 ms]
      [Humongous Register: 0.1 ms]
      [Humongous Reclaim: 0.0 ms]
      [Free CSet: 0.0 ms]
   [Eden: 65.0M(65.0M)->0.0B(16.0M) Survivors: 4096.0K->9216.0K Heap: 403.9M(512.0M)->349.1M(512.0M)]
 [Times: user=0.00 sys=0.00, real=0.00 secs] 
2021-09-25T02:12:12.358+0800: [GC pause (G1 Evacuation Pause) (mixed), 0.0063174 secs]
   [Parallel Time: 6.0 ms, GC Workers: 6]
      [GC Worker Start (ms): Min: 493.4, Avg: 493.4, Max: 493.4, Diff: 0.0]
      [Ext Root Scanning (ms): Min: 0.1, Avg: 0.1, Max: 0.1, Diff: 0.0, Sum: 0.8]
      [Update RS (ms): Min: 0.3, Avg: 0.3, Max: 0.3, Diff: 0.0, Sum: 1.7]
         [Processed Buffers: Min: 2, Avg: 5.3, Max: 6, Diff: 4, Sum: 32]
      [Scan RS (ms): Min: 0.0, Avg: 0.0, Max: 0.0, Diff: 0.0, Sum: 0.1]
      [Code Root Scanning (ms): Min: 0.0, Avg: 0.0, Max: 0.0, Diff: 0.0, Sum: 0.0]
      [Object Copy (ms): Min: 5.4, Avg: 5.5, Max: 5.5, Diff: 0.0, Sum: 32.7]
      [Termination (ms): Min: 0.0, Avg: 0.0, Max: 0.0, Diff: 0.0, Sum: 0.1]
         [Termination Attempts: Min: 1, Avg: 1.0, Max: 1, Diff: 0, Sum: 6]
      [GC Worker Other (ms): Min: 0.0, Avg: 0.0, Max: 0.0, Diff: 0.0, Sum: 0.0]
      [GC Worker Total (ms): Min: 5.9, Avg: 5.9, Max: 5.9, Diff: 0.0, Sum: 35.5]
      [GC Worker End (ms): Min: 499.3, Avg: 499.3, Max: 499.3, Diff: 0.0]
   [Code Root Fixup: 0.0 ms]
   [Code Root Purge: 0.0 ms]
   [Clear CT: 0.0 ms]
   [Other: 0.3 ms]
      [Choose CSet: 0.0 ms]
      [Ref Proc: 0.0 ms]
      [Ref Enq: 0.0 ms]
      [Redirty Cards: 0.1 ms]
      [Humongous Register: 0.1 ms]
      [Humongous Reclaim: 0.0 ms]
      [Free CSet: 0.1 ms]
   [Eden: 16.0M(16.0M)->0.0B(60.0M) Survivors: 9216.0K->4096.0K Heap: 370.4M(512.0M)->332.3M(512.0M)]
 [Times: user=0.00 sys=0.00, real=0.01 secs] 
2021-09-25T02:12:12.365+0800: [GC pause (G1 Humongous Allocation) (young) (initial-mark), 0.0012610 secs]
   [Parallel Time: 0.9 ms, GC Workers: 6]
      [GC Worker Start (ms): Min: 500.3, Avg: 500.3, Max: 500.4, Diff: 0.2]
      [Ext Root Scanning (ms): Min: 0.1, Avg: 0.3, Max: 0.9, Diff: 0.8, Sum: 1.7]
      [Update RS (ms): Min: 0.0, Avg: 0.1, Max: 0.1, Diff: 0.1, Sum: 0.4]
         [Processed Buffers: Min: 0, Avg: 1.2, Max: 2, Diff: 2, Sum: 7]
      [Scan RS (ms): Min: 0.0, Avg: 0.0, Max: 0.0, Diff: 0.0, Sum: 0.0]
      [Code Root Scanning (ms): Min: 0.0, Avg: 0.0, Max: 0.0, Diff: 0.0, Sum: 0.0]
      [Object Copy (ms): Min: 0.0, Avg: 0.5, Max: 0.6, Diff: 0.6, Sum: 3.0]
      [Termination (ms): Min: 0.0, Avg: 0.0, Max: 0.0, Diff: 0.0, Sum: 0.2]
         [Termination Attempts: Min: 1, Avg: 1.0, Max: 1, Diff: 0, Sum: 6]
      [GC Worker Other (ms): Min: 0.0, Avg: 0.0, Max: 0.0, Diff: 0.0, Sum: 0.0]
      [GC Worker Total (ms): Min: 0.7, Avg: 0.9, Max: 0.9, Diff: 0.2, Sum: 5.3]
      [GC Worker End (ms): Min: 501.2, Avg: 501.2, Max: 501.2, Diff: 0.0]
   [Code Root Fixup: 0.0 ms]
   [Code Root Purge: 0.0 ms]
   [Clear CT: 0.0 ms]
   [Other: 0.3 ms]
      [Choose CSet: 0.0 ms]
      [Ref Proc: 0.1 ms]
      [Ref Enq: 0.0 ms]
      [Redirty Cards: 0.0 ms]
      [Humongous Register: 0.1 ms]
      [Humongous Reclaim: 0.0 ms]
      [Free CSet: 0.0 ms]
   [Eden: 3072.0K(60.0M)->0.0B(63.0M) Survivors: 4096.0K->5120.0K Heap: 335.0M(512.0M)->332.3M(512.0M)]
 [Times: user=0.00 sys=0.00, real=0.00 secs] 
2021-09-25T02:12:12.366+0800: [GC concurrent-root-region-scan-start]
2021-09-25T02:12:12.367+0800: [GC concurrent-root-region-scan-end, 0.0001874 secs]
2021-09-25T02:12:12.367+0800: [GC concurrent-mark-start]
2021-09-25T02:12:12.368+0800: [GC concurrent-mark-end, 0.0012331 secs]
2021-09-25T02:12:12.368+0800: [GC remark 2021-09-25T02:12:12.368+0800: [Finalize Marking, 0.0000597 secs] 2021-09-25T02:12:12.368+0800: [GC ref-proc, 0.0000554 secs] 2021-09-25T02:12:12.368+0800: [Unloading, 0.0003592 secs], 0.0008688 secs]
 [Times: user=0.00 sys=0.00, real=0.00 secs] 
2021-09-25T02:12:12.369+0800: [GC cleanup 341M->341M(512M), 0.0003154 secs]
 [Times: user=0.00 sys=0.00, real=0.00 secs] 
2021-09-25T02:12:12.378+0800: [GC pause (G1 Evacuation Pause) (young), 0.0040639 secs]
   [Parallel Time: 3.7 ms, GC Workers: 6]
      [GC Worker Start (ms): Min: 513.7, Avg: 513.7, Max: 513.8, Diff: 0.1]
      [Ext Root Scanning (ms): Min: 0.1, Avg: 0.1, Max: 0.2, Diff: 0.1, Sum: 0.8]
      [Update RS (ms): Min: 0.3, Avg: 0.3, Max: 0.3, Diff: 0.0, Sum: 1.8]
         [Processed Buffers: Min: 2, Avg: 5.7, Max: 8, Diff: 6, Sum: 34]
      [Scan RS (ms): Min: 0.0, Avg: 0.0, Max: 0.0, Diff: 0.0, Sum: 0.0]
      [Code Root Scanning (ms): Min: 0.0, Avg: 0.0, Max: 0.0, Diff: 0.0, Sum: 0.0]
      [Object Copy (ms): Min: 3.1, Avg: 3.1, Max: 3.2, Diff: 0.1, Sum: 18.9]
      [Termination (ms): Min: 0.0, Avg: 0.1, Max: 0.1, Diff: 0.1, Sum: 0.5]
         [Termination Attempts: Min: 1, Avg: 1.0, Max: 1, Diff: 0, Sum: 6]
      [GC Worker Other (ms): Min: 0.0, Avg: 0.0, Max: 0.0, Diff: 0.0, Sum: 0.0]
      [GC Worker Total (ms): Min: 3.6, Avg: 3.7, Max: 3.7, Diff: 0.1, Sum: 22.0]
      [GC Worker End (ms): Min: 517.4, Avg: 517.4, Max: 517.4, Diff: 0.0]
   [Code Root Fixup: 0.0 ms]
   [Code Root Purge: 0.0 ms]
   [Clear CT: 0.0 ms]
   [Other: 0.3 ms]
      [Choose CSet: 0.0 ms]
      [Ref Proc: 0.1 ms]
      [Ref Enq: 0.0 ms]
      [Redirty Cards: 0.0 ms]
      [Humongous Register: 0.1 ms]
      [Humongous Reclaim: 0.0 ms]
      [Free CSet: 0.0 ms]
   [Eden: 63.0M(63.0M)->0.0B(16.0M) Survivors: 5120.0K->9216.0K Heap: 410.2M(512.0M)->352.8M(512.0M)]
 [Times: user=0.01 sys=0.00, real=0.00 secs] 
2021-09-25T02:12:12.385+0800: [GC pause (G1 Evacuation Pause) (mixed), 0.0059584 secs]
   [Parallel Time: 5.6 ms, GC Workers: 6]
      [GC Worker Start (ms): Min: 520.6, Avg: 520.6, Max: 520.6, Diff: 0.0]
      [Ext Root Scanning (ms): Min: 0.1, Avg: 0.1, Max: 0.1, Diff: 0.0, Sum: 0.8]
      [Update RS (ms): Min: 0.3, Avg: 0.3, Max: 0.3, Diff: 0.0, Sum: 1.8]
         [Processed Buffers: Min: 4, Avg: 5.8, Max: 7, Diff: 3, Sum: 35]
      [Scan RS (ms): Min: 0.0, Avg: 0.0, Max: 0.0, Diff: 0.0, Sum: 0.1]
      [Code Root Scanning (ms): Min: 0.0, Avg: 0.0, Max: 0.0, Diff: 0.0, Sum: 0.0]
      [Object Copy (ms): Min: 5.0, Avg: 5.1, Max: 5.1, Diff: 0.1, Sum: 30.4]
      [Termination (ms): Min: 0.0, Avg: 0.1, Max: 0.1, Diff: 0.1, Sum: 0.3]
         [Termination Attempts: Min: 1, Avg: 1.0, Max: 1, Diff: 0, Sum: 6]
      [GC Worker Other (ms): Min: 0.0, Avg: 0.0, Max: 0.0, Diff: 0.0, Sum: 0.0]
      [GC Worker Total (ms): Min: 5.6, Avg: 5.6, Max: 5.6, Diff: 0.0, Sum: 33.5]
      [GC Worker End (ms): Min: 526.1, Avg: 526.1, Max: 526.2, Diff: 0.0]
   [Code Root Fixup: 0.0 ms]
   [Code Root Purge: 0.0 ms]
   [Clear CT: 0.0 ms]
   [Other: 0.3 ms]
      [Choose CSet: 0.0 ms]
      [Ref Proc: 0.1 ms]
      [Ref Enq: 0.0 ms]
      [Redirty Cards: 0.0 ms]
      [Humongous Register: 0.1 ms]
      [Humongous Reclaim: 0.0 ms]
      [Free CSet: 0.0 ms]
   [Eden: 16.0M(16.0M)->0.0B(55.0M) Survivors: 9216.0K->4096.0K Heap: 375.3M(512.0M)->338.5M(512.0M)]
 [Times: user=0.00 sys=0.00, real=0.01 secs] 
2021-09-25T02:12:12.392+0800: [GC pause (G1 Humongous Allocation) (young) (initial-mark), 0.0010026 secs]
   [Parallel Time: 0.7 ms, GC Workers: 6]
      [GC Worker Start (ms): Min: 527.1, Avg: 527.1, Max: 527.2, Diff: 0.1]
      [Ext Root Scanning (ms): Min: 0.0, Avg: 0.1, Max: 0.2, Diff: 0.2, Sum: 0.7]
      [Update RS (ms): Min: 0.0, Avg: 0.1, Max: 0.1, Diff: 0.1, Sum: 0.4]
         [Processed Buffers: Min: 1, Avg: 1.2, Max: 2, Diff: 1, Sum: 7]
      [Scan RS (ms): Min: 0.0, Avg: 0.0, Max: 0.0, Diff: 0.0, Sum: 0.0]
      [Code Root Scanning (ms): Min: 0.0, Avg: 0.0, Max: 0.0, Diff: 0.0, Sum: 0.0]
      [Object Copy (ms): Min: 0.4, Avg: 0.4, Max: 0.5, Diff: 0.1, Sum: 2.6]
      [Termination (ms): Min: 0.0, Avg: 0.1, Max: 0.1, Diff: 0.1, Sum: 0.4]
         [Termination Attempts: Min: 1, Avg: 1.0, Max: 1, Diff: 0, Sum: 6]
      [GC Worker Other (ms): Min: 0.0, Avg: 0.0, Max: 0.0, Diff: 0.0, Sum: 0.0]
      [GC Worker Total (ms): Min: 0.6, Avg: 0.7, Max: 0.7, Diff: 0.2, Sum: 4.1]
      [GC Worker End (ms): Min: 527.8, Avg: 527.8, Max: 527.8, Diff: 0.0]
   [Code Root Fixup: 0.0 ms]
   [Code Root Purge: 0.0 ms]
   [Clear CT: 0.0 ms]
   [Other: 0.2 ms]
      [Choose CSet: 0.0 ms]
      [Ref Proc: 0.1 ms]
      [Ref Enq: 0.0 ms]
      [Redirty Cards: 0.0 ms]
      [Humongous Register: 0.1 ms]
      [Humongous Reclaim: 0.0 ms]
      [Free CSet: 0.0 ms]
   [Eden: 3072.0K(55.0M)->0.0B(58.0M) Survivors: 4096.0K->4096.0K Heap: 341.0M(512.0M)->338.3M(512.0M)]
 [Times: user=0.00 sys=0.00, real=0.00 secs] 
2021-09-25T02:12:12.393+0800: [GC concurrent-root-region-scan-start]
2021-09-25T02:12:12.393+0800: [GC concurrent-root-region-scan-end, 0.0002248 secs]
2021-09-25T02:12:12.393+0800: [GC concurrent-mark-start]
2021-09-25T02:12:12.395+0800: [GC concurrent-mark-end, 0.0013932 secs]
2021-09-25T02:12:12.395+0800: [GC remark 2021-09-25T02:12:12.395+0800: [Finalize Marking, 0.0000522 secs] 2021-09-25T02:12:12.395+0800: [GC ref-proc, 0.0000571 secs] 2021-09-25T02:12:12.395+0800: [Unloading, 0.0003981 secs], 0.0009947 secs]
 [Times: user=0.00 sys=0.00, real=0.00 secs] 
2021-09-25T02:12:12.396+0800: [GC cleanup 352M->352M(512M), 0.0003749 secs]
 [Times: user=0.00 sys=0.00, real=0.00 secs] 
2021-09-25T02:12:12.404+0800: [GC pause (G1 Evacuation Pause) (young), 0.0039595 secs]
   [Parallel Time: 3.5 ms, GC Workers: 6]
      [GC Worker Start (ms): Min: 539.1, Avg: 539.1, Max: 539.1, Diff: 0.0]
      [Ext Root Scanning (ms): Min: 0.1, Avg: 0.1, Max: 0.2, Diff: 0.0, Sum: 0.8]
      [Update RS (ms): Min: 0.3, Avg: 0.4, Max: 0.7, Diff: 0.3, Sum: 2.4]
         [Processed Buffers: Min: 4, Avg: 6.7, Max: 8, Diff: 4, Sum: 40]
      [Scan RS (ms): Min: 0.0, Avg: 0.0, Max: 0.0, Diff: 0.0, Sum: 0.0]
      [Code Root Scanning (ms): Min: 0.0, Avg: 0.0, Max: 0.0, Diff: 0.0, Sum: 0.0]
      [Object Copy (ms): Min: 2.7, Avg: 2.9, Max: 3.0, Diff: 0.3, Sum: 17.4]
      [Termination (ms): Min: 0.0, Avg: 0.0, Max: 0.1, Diff: 0.1, Sum: 0.2]
         [Termination Attempts: Min: 1, Avg: 1.0, Max: 1, Diff: 0, Sum: 6]
      [GC Worker Other (ms): Min: 0.0, Avg: 0.0, Max: 0.0, Diff: 0.0, Sum: 0.0]
      [GC Worker Total (ms): Min: 3.5, Avg: 3.5, Max: 3.5, Diff: 0.0, Sum: 21.0]
      [GC Worker End (ms): Min: 542.6, Avg: 542.6, Max: 542.6, Diff: 0.0]
   [Code Root Fixup: 0.0 ms]
   [Code Root Purge: 0.0 ms]
   [Clear CT: 0.0 ms]
   [Other: 0.4 ms]
      [Choose CSet: 0.0 ms]
      [Ref Proc: 0.1 ms]
      [Ref Enq: 0.0 ms]
      [Redirty Cards: 0.0 ms]
      [Humongous Register: 0.1 ms]
      [Humongous Reclaim: 0.1 ms]
      [Free CSet: 0.0 ms]
   [Eden: 58.0M(58.0M)->0.0B(17.0M) Survivors: 4096.0K->8192.0K Heap: 408.7M(512.0M)->354.1M(512.0M)]
 [Times: user=0.00 sys=0.00, real=0.00 secs] 
2021-09-25T02:12:12.411+0800: [GC pause (G1 Evacuation Pause) (mixed), 0.0059955 secs]
   [Parallel Time: 5.5 ms, GC Workers: 6]
      [GC Worker Start (ms): Min: 546.0, Avg: 546.0, Max: 546.0, Diff: 0.1]
      [Ext Root Scanning (ms): Min: 0.1, Avg: 0.1, Max: 0.2, Diff: 0.1, Sum: 0.8]
      [Update RS (ms): Min: 0.2, Avg: 0.2, Max: 0.2, Diff: 0.0, Sum: 1.4]
         [Processed Buffers: Min: 4, Avg: 4.8, Max: 6, Diff: 2, Sum: 29]
      [Scan RS (ms): Min: 0.0, Avg: 0.0, Max: 0.1, Diff: 0.1, Sum: 0.2]
      [Code Root Scanning (ms): Min: 0.0, Avg: 0.0, Max: 0.0, Diff: 0.0, Sum: 0.0]
      [Object Copy (ms): Min: 4.9, Avg: 5.0, Max: 5.0, Diff: 0.1, Sum: 29.9]
      [Termination (ms): Min: 0.0, Avg: 0.0, Max: 0.1, Diff: 0.1, Sum: 0.2]
         [Termination Attempts: Min: 1, Avg: 1.0, Max: 1, Diff: 0, Sum: 6]
      [GC Worker Other (ms): Min: 0.0, Avg: 0.0, Max: 0.0, Diff: 0.0, Sum: 0.0]
      [GC Worker Total (ms): Min: 5.4, Avg: 5.4, Max: 5.4, Diff: 0.1, Sum: 32.5]
      [GC Worker End (ms): Min: 551.4, Avg: 551.4, Max: 551.4, Diff: 0.0]
   [Code Root Fixup: 0.0 ms]
   [Code Root Purge: 0.0 ms]
   [Clear CT: 0.1 ms]
   [Other: 0.5 ms]
      [Choose CSet: 0.0 ms]
      [Ref Proc: 0.1 ms]
      [Ref Enq: 0.0 ms]
      [Redirty Cards: 0.1 ms]
      [Humongous Register: 0.1 ms]
      [Humongous Reclaim: 0.0 ms]
      [Free CSet: 0.1 ms]
   [Eden: 17.0M(17.0M)->0.0B(53.0M) Survivors: 8192.0K->4096.0K Heap: 373.8M(512.0M)->343.8M(512.0M)]
 [Times: user=0.09 sys=0.00, real=0.01 secs] 
2021-09-25T02:12:12.417+0800: [GC pause (G1 Humongous Allocation) (young) (initial-mark), 0.0009992 secs]
   [Parallel Time: 0.8 ms, GC Workers: 6]
      [GC Worker Start (ms): Min: 552.3, Avg: 552.4, Max: 552.4, Diff: 0.0]
      [Ext Root Scanning (ms): Min: 0.1, Avg: 0.1, Max: 0.1, Diff: 0.0, Sum: 0.8]
      [Update RS (ms): Min: 0.0, Avg: 0.1, Max: 0.1, Diff: 0.1, Sum: 0.4]
         [Processed Buffers: Min: 1, Avg: 1.2, Max: 2, Diff: 1, Sum: 7]
      [Scan RS (ms): Min: 0.0, Avg: 0.0, Max: 0.0, Diff: 0.0, Sum: 0.0]
      [Code Root Scanning (ms): Min: 0.0, Avg: 0.0, Max: 0.0, Diff: 0.0, Sum: 0.0]
      [Object Copy (ms): Min: 0.4, Avg: 0.5, Max: 0.5, Diff: 0.1, Sum: 3.0]
      [Termination (ms): Min: 0.0, Avg: 0.0, Max: 0.1, Diff: 0.1, Sum: 0.1]
         [Termination Attempts: Min: 1, Avg: 1.0, Max: 1, Diff: 0, Sum: 6]
      [GC Worker Other (ms): Min: 0.0, Avg: 0.0, Max: 0.0, Diff: 0.0, Sum: 0.0]
      [GC Worker Total (ms): Min: 0.7, Avg: 0.7, Max: 0.7, Diff: 0.0, Sum: 4.3]
      [GC Worker End (ms): Min: 553.1, Avg: 553.1, Max: 553.1, Diff: 0.0]
   [Code Root Fixup: 0.0 ms]
   [Code Root Purge: 0.0 ms]
   [Clear CT: 0.0 ms]
   [Other: 0.2 ms]
      [Choose CSet: 0.0 ms]
      [Ref Proc: 0.0 ms]
      [Ref Enq: 0.0 ms]
      [Redirty Cards: 0.0 ms]
      [Humongous Register: 0.1 ms]
      [Humongous Reclaim: 0.0 ms]
      [Free CSet: 0.0 ms]
   [Eden: 2048.0K(53.0M)->0.0B(54.0M) Survivors: 4096.0K->5120.0K Heap: 345.8M(512.0M)->344.0M(512.0M)]
 [Times: user=0.00 sys=0.00, real=0.00 secs] 
2021-09-25T02:12:12.418+0800: [GC concurrent-root-region-scan-start]
2021-09-25T02:12:12.418+0800: [GC concurrent-root-region-scan-end, 0.0001079 secs]
2021-09-25T02:12:12.418+0800: [GC concurrent-mark-start]
2021-09-25T02:12:12.420+0800: [GC concurrent-mark-end, 0.0012348 secs]
2021-09-25T02:12:12.420+0800: [GC remark 2021-09-25T02:12:12.420+0800: [Finalize Marking, 0.0000698 secs] 2021-09-25T02:12:12.420+0800: [GC ref-proc, 0.0000552 secs] 2021-09-25T02:12:12.420+0800: [Unloading, 0.0003743 secs], 0.0009150 secs]
 [Times: user=0.00 sys=0.00, real=0.00 secs] 
2021-09-25T02:12:12.421+0800: [GC cleanup 352M->352M(512M), 0.0002567 secs]
 [Times: user=0.00 sys=0.00, real=0.00 secs] 
2021-09-25T02:12:12.429+0800: [GC pause (G1 Evacuation Pause) (young), 0.0036702 secs]
   [Parallel Time: 3.3 ms, GC Workers: 6]
      [GC Worker Start (ms): Min: 564.1, Avg: 564.1, Max: 564.1, Diff: 0.0]
      [Ext Root Scanning (ms): Min: 0.1, Avg: 0.1, Max: 0.1, Diff: 0.0, Sum: 0.8]
      [Update RS (ms): Min: 0.5, Avg: 0.5, Max: 0.5, Diff: 0.0, Sum: 2.8]
         [Processed Buffers: Min: 6, Avg: 8.8, Max: 11, Diff: 5, Sum: 53]
      [Scan RS (ms): Min: 0.0, Avg: 0.0, Max: 0.0, Diff: 0.0, Sum: 0.0]
      [Code Root Scanning (ms): Min: 0.0, Avg: 0.0, Max: 0.0, Diff: 0.0, Sum: 0.0]
      [Object Copy (ms): Min: 2.6, Avg: 2.6, Max: 2.6, Diff: 0.1, Sum: 15.7]
      [Termination (ms): Min: 0.0, Avg: 0.0, Max: 0.1, Diff: 0.1, Sum: 0.2]
         [Termination Attempts: Min: 1, Avg: 1.0, Max: 1, Diff: 0, Sum: 6]
      [GC Worker Other (ms): Min: 0.0, Avg: 0.0, Max: 0.0, Diff: 0.0, Sum: 0.0]
      [GC Worker Total (ms): Min: 3.2, Avg: 3.3, Max: 3.3, Diff: 0.1, Sum: 19.5]
      [GC Worker End (ms): Min: 567.3, Avg: 567.3, Max: 567.4, Diff: 0.0]
   [Code Root Fixup: 0.0 ms]
   [Code Root Purge: 0.0 ms]
   [Clear CT: 0.0 ms]
   [Other: 0.3 ms]
      [Choose CSet: 0.0 ms]
      [Ref Proc: 0.1 ms]
      [Ref Enq: 0.0 ms]
      [Redirty Cards: 0.0 ms]
      [Humongous Register: 0.1 ms]
      [Humongous Reclaim: 0.0 ms]
      [Free CSet: 0.0 ms]
   [Eden: 54.0M(54.0M)->0.0B(17.0M) Survivors: 5120.0K->8192.0K Heap: 413.6M(512.0M)->363.5M(512.0M)]
 [Times: user=0.09 sys=0.00, real=0.00 secs] 
2021-09-25T02:12:12.435+0800: [GC pause (G1 Evacuation Pause) (mixed), 0.0060210 secs]
   [Parallel Time: 5.7 ms, GC Workers: 6]
      [GC Worker Start (ms): Min: 570.1, Avg: 570.1, Max: 570.1, Diff: 0.0]
      [Ext Root Scanning (ms): Min: 0.1, Avg: 0.1, Max: 0.1, Diff: 0.0, Sum: 0.8]
      [Update RS (ms): Min: 0.2, Avg: 0.2, Max: 0.2, Diff: 0.0, Sum: 1.1]
         [Processed Buffers: Min: 3, Avg: 3.8, Max: 5, Diff: 2, Sum: 23]
      [Scan RS (ms): Min: 0.0, Avg: 0.0, Max: 0.0, Diff: 0.0, Sum: 0.1]
      [Code Root Scanning (ms): Min: 0.0, Avg: 0.0, Max: 0.0, Diff: 0.0, Sum: 0.0]
      [Object Copy (ms): Min: 5.3, Avg: 5.3, Max: 5.3, Diff: 0.0, Sum: 31.6]
      [Termination (ms): Min: 0.0, Avg: 0.0, Max: 0.0, Diff: 0.0, Sum: 0.1]
         [Termination Attempts: Min: 1, Avg: 1.0, Max: 1, Diff: 0, Sum: 6]
      [GC Worker Other (ms): Min: 0.0, Avg: 0.0, Max: 0.0, Diff: 0.0, Sum: 0.0]
      [GC Worker Total (ms): Min: 5.6, Avg: 5.6, Max: 5.6, Diff: 0.0, Sum: 33.8]
      [GC Worker End (ms): Min: 575.7, Avg: 575.7, Max: 575.7, Diff: 0.0]
   [Code Root Fixup: 0.0 ms]
   [Code Root Purge: 0.0 ms]
   [Clear CT: 0.1 ms]
   [Other: 0.3 ms]
      [Choose CSet: 0.0 ms]
      [Ref Proc: 0.1 ms]
      [Ref Enq: 0.0 ms]
      [Redirty Cards: 0.0 ms]
      [Humongous Register: 0.1 ms]
      [Humongous Reclaim: 0.0 ms]
      [Free CSet: 0.0 ms]
   [Eden: 17.0M(17.0M)->0.0B(49.0M) Survivors: 8192.0K->4096.0K Heap: 382.4M(512.0M)->348.5M(512.0M)]
 [Times: user=0.00 sys=0.00, real=0.01 secs] 
2021-09-25T02:12:12.442+0800: [GC pause (G1 Humongous Allocation) (young) (initial-mark), 0.0013097 secs]
   [Parallel Time: 1.1 ms, GC Workers: 6]
      [GC Worker Start (ms): Min: 577.4, Avg: 577.4, Max: 577.4, Diff: 0.0]
      [Ext Root Scanning (ms): Min: 0.1, Avg: 0.1, Max: 0.1, Diff: 0.0, Sum: 0.8]
      [Update RS (ms): Min: 0.0, Avg: 0.1, Max: 0.1, Diff: 0.1, Sum: 0.3]
         [Processed Buffers: Min: 1, Avg: 1.2, Max: 2, Diff: 1, Sum: 7]
      [Scan RS (ms): Min: 0.0, Avg: 0.0, Max: 0.0, Diff: 0.0, Sum: 0.0]
      [Code Root Scanning (ms): Min: 0.0, Avg: 0.0, Max: 0.0, Diff: 0.0, Sum: 0.0]
      [Object Copy (ms): Min: 0.7, Avg: 0.7, Max: 0.8, Diff: 0.1, Sum: 4.4]
      [Termination (ms): Min: 0.0, Avg: 0.1, Max: 0.2, Diff: 0.2, Sum: 0.6]
         [Termination Attempts: Min: 1, Avg: 1.0, Max: 1, Diff: 0, Sum: 6]
      [GC Worker Other (ms): Min: 0.0, Avg: 0.0, Max: 0.0, Diff: 0.0, Sum: 0.0]
      [GC Worker Total (ms): Min: 1.0, Avg: 1.0, Max: 1.0, Diff: 0.0, Sum: 6.2]
      [GC Worker End (ms): Min: 578.4, Avg: 578.4, Max: 578.4, Diff: 0.0]
   [Code Root Fixup: 0.0 ms]
   [Code Root Purge: 0.0 ms]
   [Clear CT: 0.0 ms]
   [Other: 0.2 ms]
      [Choose CSet: 0.0 ms]
      [Ref Proc: 0.0 ms]
      [Ref Enq: 0.0 ms]
      [Redirty Cards: 0.0 ms]
      [Humongous Register: 0.1 ms]
      [Humongous Reclaim: 0.0 ms]
      [Free CSet: 0.0 ms]
   [Eden: 8192.0K(49.0M)->0.0B(48.0M) Survivors: 4096.0K->6144.0K Heap: 356.3M(512.0M)->350.1M(512.0M)]
 [Times: user=0.00 sys=0.00, real=0.00 secs] 
2021-09-25T02:12:12.444+0800: [GC concurrent-root-region-scan-start]
2021-09-25T02:12:12.444+0800: [GC concurrent-root-region-scan-end, 0.0000939 secs]
2021-09-25T02:12:12.444+0800: [GC concurrent-mark-start]
2021-09-25T02:12:12.445+0800: [GC concurrent-mark-end, 0.0011575 secs]
2021-09-25T02:12:12.445+0800: [GC remark 2021-09-25T02:12:12.445+0800: [Finalize Marking, 0.0000640 secs] 2021-09-25T02:12:12.445+0800: [GC ref-proc, 0.0000552 secs] 2021-09-25T02:12:12.445+0800: [Unloading, 0.0004547 secs], 0.0010645 secs]
 [Times: user=0.08 sys=0.00, real=0.00 secs] 
2021-09-25T02:12:12.446+0800: [GC cleanup 360M->360M(512M), 0.0004550 secs]
 [Times: user=0.00 sys=0.00, real=0.00 secs] 
2021-09-25T02:12:12.454+0800: [GC pause (G1 Evacuation Pause) (young), 0.0037220 secs]
   [Parallel Time: 3.4 ms, GC Workers: 6]
      [GC Worker Start (ms): Min: 589.4, Avg: 589.5, Max: 589.5, Diff: 0.0]
      [Ext Root Scanning (ms): Min: 0.1, Avg: 0.1, Max: 0.2, Diff: 0.0, Sum: 0.9]
      [Update RS (ms): Min: 0.5, Avg: 0.5, Max: 0.5, Diff: 0.0, Sum: 3.1]
         [Processed Buffers: Min: 7, Avg: 10.0, Max: 12, Diff: 5, Sum: 60]
      [Scan RS (ms): Min: 0.0, Avg: 0.0, Max: 0.0, Diff: 0.0, Sum: 0.0]
      [Code Root Scanning (ms): Min: 0.0, Avg: 0.0, Max: 0.0, Diff: 0.0, Sum: 0.0]
      [Object Copy (ms): Min: 2.5, Avg: 2.6, Max: 2.7, Diff: 0.1, Sum: 15.6]
      [Termination (ms): Min: 0.0, Avg: 0.1, Max: 0.1, Diff: 0.1, Sum: 0.5]
         [Termination Attempts: Min: 1, Avg: 1.0, Max: 1, Diff: 0, Sum: 6]
      [GC Worker Other (ms): Min: 0.0, Avg: 0.0, Max: 0.0, Diff: 0.0, Sum: 0.0]
      [GC Worker Total (ms): Min: 3.3, Avg: 3.4, Max: 3.4, Diff: 0.0, Sum: 20.1]
      [GC Worker End (ms): Min: 592.8, Avg: 592.8, Max: 592.8, Diff: 0.0]
   [Code Root Fixup: 0.0 ms]
   [Code Root Purge: 0.0 ms]
   [Clear CT: 0.0 ms]
   [Other: 0.3 ms]
      [Choose CSet: 0.0 ms]
      [Ref Proc: 0.1 ms]
      [Ref Enq: 0.0 ms]
      [Redirty Cards: 0.0 ms]
      [Humongous Register: 0.1 ms]
      [Humongous Reclaim: 0.0 ms]
      [Free CSet: 0.0 ms]
   [Eden: 48.0M(48.0M)->0.0B(18.0M) Survivors: 6144.0K->7168.0K Heap: 413.2M(512.0M)->368.5M(512.0M)]
 [Times: user=0.00 sys=0.00, real=0.00 secs] 
2021-09-25T02:12:12.461+0800: [GC pause (G1 Evacuation Pause) (mixed), 0.0054904 secs]
   [Parallel Time: 5.1 ms, GC Workers: 6]
      [GC Worker Start (ms): Min: 596.6, Avg: 596.6, Max: 596.8, Diff: 0.1]
      [Ext Root Scanning (ms): Min: 0.0, Avg: 0.1, Max: 0.2, Diff: 0.1, Sum: 0.8]
      [Update RS (ms): Min: 0.3, Avg: 0.3, Max: 0.3, Diff: 0.1, Sum: 1.7]
         [Processed Buffers: Min: 5, Avg: 5.5, Max: 6, Diff: 1, Sum: 33]
      [Scan RS (ms): Min: 0.0, Avg: 0.0, Max: 0.0, Diff: 0.0, Sum: 0.2]
      [Code Root Scanning (ms): Min: 0.0, Avg: 0.0, Max: 0.0, Diff: 0.0, Sum: 0.0]
      [Object Copy (ms): Min: 4.4, Avg: 4.5, Max: 4.5, Diff: 0.1, Sum: 27.0]
      [Termination (ms): Min: 0.0, Avg: 0.1, Max: 0.1, Diff: 0.1, Sum: 0.4]
         [Termination Attempts: Min: 1, Avg: 1.0, Max: 1, Diff: 0, Sum: 6]
      [GC Worker Other (ms): Min: 0.0, Avg: 0.0, Max: 0.0, Diff: 0.0, Sum: 0.0]
      [GC Worker Total (ms): Min: 4.9, Avg: 5.0, Max: 5.0, Diff: 0.1, Sum: 30.1]
      [GC Worker End (ms): Min: 601.7, Avg: 601.7, Max: 601.7, Diff: 0.0]
   [Code Root Fixup: 0.0 ms]
   [Code Root Purge: 0.0 ms]
   [Clear CT: 0.1 ms]
   [Other: 0.3 ms]
      [Choose CSet: 0.0 ms]
      [Ref Proc: 0.1 ms]
      [Ref Enq: 0.0 ms]
      [Redirty Cards: 0.0 ms]
      [Humongous Register: 0.1 ms]
      [Humongous Reclaim: 0.0 ms]
      [Free CSet: 0.1 ms]
   [Eden: 18.0M(18.0M)->0.0B(43.0M) Survivors: 7168.0K->4096.0K Heap: 389.7M(512.0M)->354.7M(512.0M)]
 [Times: user=0.00 sys=0.00, real=0.01 secs] 
2021-09-25T02:12:12.468+0800: [GC pause (G1 Humongous Allocation) (young) (initial-mark), 0.0014606 secs]
   [Parallel Time: 1.2 ms, GC Workers: 6]
      [GC Worker Start (ms): Min: 603.6, Avg: 603.6, Max: 603.6, Diff: 0.0]
      [Ext Root Scanning (ms): Min: 0.1, Avg: 0.1, Max: 0.1, Diff: 0.0, Sum: 0.8]
      [Update RS (ms): Min: 0.0, Avg: 0.1, Max: 0.1, Diff: 0.1, Sum: 0.4]
         [Processed Buffers: Min: 1, Avg: 1.2, Max: 2, Diff: 1, Sum: 7]
      [Scan RS (ms): Min: 0.0, Avg: 0.0, Max: 0.0, Diff: 0.0, Sum: 0.0]
      [Code Root Scanning (ms): Min: 0.0, Avg: 0.0, Max: 0.0, Diff: 0.0, Sum: 0.0]
      [Object Copy (ms): Min: 0.9, Avg: 0.9, Max: 1.0, Diff: 0.1, Sum: 5.4]
      [Termination (ms): Min: 0.0, Avg: 0.0, Max: 0.1, Diff: 0.1, Sum: 0.2]
         [Termination Attempts: Min: 1, Avg: 1.0, Max: 1, Diff: 0, Sum: 6]
      [GC Worker Other (ms): Min: 0.0, Avg: 0.0, Max: 0.0, Diff: 0.0, Sum: 0.0]
      [GC Worker Total (ms): Min: 1.1, Avg: 1.2, Max: 1.2, Diff: 0.0, Sum: 6.9]
      [GC Worker End (ms): Min: 604.7, Avg: 604.7, Max: 604.7, Diff: 0.0]
   [Code Root Fixup: 0.0 ms]
   [Code Root Purge: 0.0 ms]
   [Clear CT: 0.0 ms]
   [Other: 0.2 ms]
      [Choose CSet: 0.0 ms]
      [Ref Proc: 0.1 ms]
      [Ref Enq: 0.0 ms]
      [Redirty Cards: 0.0 ms]
      [Humongous Register: 0.1 ms]
      [Humongous Reclaim: 0.0 ms]
      [Free CSet: 0.0 ms]
   [Eden: 12.0M(43.0M)->0.0B(40.0M) Survivors: 4096.0K->4096.0K Heap: 366.1M(512.0M)->358.0M(512.0M)]
 [Times: user=0.00 sys=0.00, real=0.00 secs] 
2021-09-25T02:12:12.470+0800: [GC concurrent-root-region-scan-start]
2021-09-25T02:12:12.470+0800: [GC concurrent-root-region-scan-end, 0.0000969 secs]
2021-09-25T02:12:12.470+0800: [GC concurrent-mark-start]
2021-09-25T02:12:12.471+0800: [GC concurrent-mark-end, 0.0012275 secs]
2021-09-25T02:12:12.472+0800: [GC remark 2021-09-25T02:12:12.472+0800: [Finalize Marking, 0.0000441 secs] 2021-09-25T02:12:12.472+0800: [GC ref-proc, 0.0000546 secs] 2021-09-25T02:12:12.472+0800: [Unloading, 0.0003747 secs], 0.0008932 secs]
 [Times: user=0.00 sys=0.00, real=0.00 secs] 
2021-09-25T02:12:12.472+0800: [GC cleanup 371M->371M(512M), 0.0002823 secs]
 [Times: user=0.00 sys=0.00, real=0.00 secs] 
2021-09-25T02:12:12.479+0800: [GC pause (G1 Evacuation Pause) (young), 0.0031382 secs]
   [Parallel Time: 2.8 ms, GC Workers: 6]
      [GC Worker Start (ms): Min: 614.1, Avg: 614.4, Max: 615.8, Diff: 1.7]
      [Ext Root Scanning (ms): Min: 0.0, Avg: 0.1, Max: 0.2, Diff: 0.2, Sum: 0.6]
      [Update RS (ms): Min: 0.0, Avg: 0.5, Max: 1.1, Diff: 1.1, Sum: 3.3]
         [Processed Buffers: Min: 0, Avg: 7.3, Max: 12, Diff: 12, Sum: 44]
      [Scan RS (ms): Min: 0.0, Avg: 0.0, Max: 0.0, Diff: 0.0, Sum: 0.0]
      [Code Root Scanning (ms): Min: 0.0, Avg: 0.0, Max: 0.0, Diff: 0.0, Sum: 0.0]
      [Object Copy (ms): Min: 0.9, Avg: 1.7, Max: 2.0, Diff: 1.1, Sum: 9.9]
      [Termination (ms): Min: 0.0, Avg: 0.0, Max: 0.1, Diff: 0.1, Sum: 0.3]
         [Termination Attempts: Min: 1, Avg: 1.0, Max: 1, Diff: 0, Sum: 6]
      [GC Worker Other (ms): Min: 0.0, Avg: 0.0, Max: 0.0, Diff: 0.0, Sum: 0.1]
      [GC Worker Total (ms): Min: 1.0, Avg: 2.4, Max: 2.7, Diff: 1.8, Sum: 14.2]
      [GC Worker End (ms): Min: 616.8, Avg: 616.8, Max: 616.8, Diff: 0.0]
   [Code Root Fixup: 0.0 ms]
   [Code Root Purge: 0.0 ms]
   [Clear CT: 0.0 ms]
   [Other: 0.3 ms]
      [Choose CSet: 0.0 ms]
      [Ref Proc: 0.0 ms]
      [Ref Enq: 0.0 ms]
      [Redirty Cards: 0.0 ms]
      [Humongous Register: 0.1 ms]
      [Humongous Reclaim: 0.1 ms]
      [Free CSet: 0.0 ms]
   [Eden: 40.0M(40.0M)->0.0B(19.0M) Survivors: 4096.0K->6144.0K Heap: 413.5M(512.0M)->374.5M(512.0M)]
 [Times: user=0.00 sys=0.00, real=0.00 secs] 
2021-09-25T02:12:12.485+0800: [GC pause (G1 Evacuation Pause) (mixed), 0.0064365 secs]
   [Parallel Time: 6.1 ms, GC Workers: 6]
      [GC Worker Start (ms): Min: 619.6, Avg: 619.7, Max: 619.7, Diff: 0.0]
      [Ext Root Scanning (ms): Min: 0.1, Avg: 0.1, Max: 0.1, Diff: 0.0, Sum: 0.8]
      [Update RS (ms): Min: 0.3, Avg: 0.3, Max: 0.3, Diff: 0.1, Sum: 1.8]
         [Processed Buffers: Min: 5, Avg: 5.7, Max: 7, Diff: 2, Sum: 34]
      [Scan RS (ms): Min: 0.0, Avg: 0.0, Max: 0.0, Diff: 0.0, Sum: 0.1]
      [Code Root Scanning (ms): Min: 0.0, Avg: 0.0, Max: 0.0, Diff: 0.0, Sum: 0.0]
      [Object Copy (ms): Min: 5.4, Avg: 5.5, Max: 5.6, Diff: 0.2, Sum: 33.0]
      [Termination (ms): Min: 0.0, Avg: 0.1, Max: 0.2, Diff: 0.2, Sum: 0.4]
         [Termination Attempts: Min: 1, Avg: 1.0, Max: 1, Diff: 0, Sum: 6]
      [GC Worker Other (ms): Min: 0.0, Avg: 0.0, Max: 0.0, Diff: 0.0, Sum: 0.0]
      [GC Worker Total (ms): Min: 6.0, Avg: 6.0, Max: 6.0, Diff: 0.0, Sum: 36.1]
      [GC Worker End (ms): Min: 625.7, Avg: 625.7, Max: 625.7, Diff: 0.0]
   [Code Root Fixup: 0.0 ms]
   [Code Root Purge: 0.0 ms]
   [Clear CT: 0.0 ms]
   [Other: 0.3 ms]
      [Choose CSet: 0.0 ms]
      [Ref Proc: 0.1 ms]
      [Ref Enq: 0.0 ms]
      [Redirty Cards: 0.0 ms]
      [Humongous Register: 0.1 ms]
      [Humongous Reclaim: 0.0 ms]
      [Free CSet: 0.0 ms]
   [Eden: 19.0M(19.0M)->0.0B(32.0M) Survivors: 6144.0K->4096.0K Heap: 396.8M(512.0M)->364.5M(512.0M)]
 [Times: user=0.00 sys=0.00, real=0.01 secs] 
2021-09-25T02:12:12.491+0800: [GC pause (G1 Humongous Allocation) (young) (initial-mark), 0.0008920 secs]
   [Parallel Time: 0.7 ms, GC Workers: 6]
      [GC Worker Start (ms): Min: 626.4, Avg: 626.4, Max: 626.4, Diff: 0.0]
      [Ext Root Scanning (ms): Min: 0.1, Avg: 0.1, Max: 0.1, Diff: 0.0, Sum: 0.8]
      [Update RS (ms): Min: 0.0, Avg: 0.1, Max: 0.1, Diff: 0.1, Sum: 0.3]
         [Processed Buffers: Min: 1, Avg: 1.2, Max: 2, Diff: 1, Sum: 7]
      [Scan RS (ms): Min: 0.0, Avg: 0.0, Max: 0.0, Diff: 0.0, Sum: 0.0]
      [Code Root Scanning (ms): Min: 0.0, Avg: 0.0, Max: 0.0, Diff: 0.0, Sum: 0.0]
      [Object Copy (ms): Min: 0.3, Avg: 0.4, Max: 0.4, Diff: 0.1, Sum: 2.3]
      [Termination (ms): Min: 0.0, Avg: 0.0, Max: 0.1, Diff: 0.1, Sum: 0.3]
         [Termination Attempts: Min: 1, Avg: 1.0, Max: 1, Diff: 0, Sum: 6]
      [GC Worker Other (ms): Min: 0.0, Avg: 0.0, Max: 0.0, Diff: 0.0, Sum: 0.0]
      [GC Worker Total (ms): Min: 0.6, Avg: 0.6, Max: 0.6, Diff: 0.0, Sum: 3.8]
      [GC Worker End (ms): Min: 627.0, Avg: 627.0, Max: 627.0, Diff: 0.0]
   [Code Root Fixup: 0.0 ms]
   [Code Root Purge: 0.0 ms]
   [Clear CT: 0.0 ms]
   [Other: 0.2 ms]
      [Choose CSet: 0.0 ms]
      [Ref Proc: 0.0 ms]
      [Ref Enq: 0.0 ms]
      [Redirty Cards: 0.0 ms]
      [Humongous Register: 0.1 ms]
      [Humongous Reclaim: 0.0 ms]
      [Free CSet: 0.0 ms]
   [Eden: 1024.0K(32.0M)->0.0B(32.0M) Survivors: 4096.0K->1024.0K Heap: 365.2M(512.0M)->364.5M(512.0M)]
 [Times: user=0.00 sys=0.00, real=0.00 secs] 
2021-09-25T02:12:12.492+0800: [GC concurrent-root-region-scan-start]
2021-09-25T02:12:12.492+0800: [GC concurrent-root-region-scan-end, 0.0000883 secs]
2021-09-25T02:12:12.493+0800: [GC concurrent-mark-start]
2021-09-25T02:12:12.494+0800: [GC concurrent-mark-end, 0.0013916 secs]
2021-09-25T02:12:12.494+0800: [GC remark 2021-09-25T02:12:12.494+0800: [Finalize Marking, 0.0000813 secs] 2021-09-25T02:12:12.494+0800: [GC ref-proc, 0.0000561 secs] 2021-09-25T02:12:12.494+0800: [Unloading, 0.0004117 secs], 0.0010877 secs]
 [Times: user=0.00 sys=0.00, real=0.00 secs] 
2021-09-25T02:12:12.495+0800: [GC cleanup 375M->375M(512M), 0.0003070 secs]
 [Times: user=0.00 sys=0.00, real=0.00 secs] 
2021-09-25T02:12:12.500+0800: [GC pause (G1 Evacuation Pause) (young), 0.0020969 secs]
   [Parallel Time: 1.8 ms, GC Workers: 6]
      [GC Worker Start (ms): Min: 635.2, Avg: 635.2, Max: 635.3, Diff: 0.0]
      [Ext Root Scanning (ms): Min: 0.1, Avg: 0.1, Max: 0.2, Diff: 0.0, Sum: 0.8]
      [Update RS (ms): Min: 0.4, Avg: 0.4, Max: 0.5, Diff: 0.1, Sum: 2.6]
         [Processed Buffers: Min: 5, Avg: 8.2, Max: 9, Diff: 4, Sum: 49]
      [Scan RS (ms): Min: 0.0, Avg: 0.0, Max: 0.0, Diff: 0.0, Sum: 0.0]
      [Code Root Scanning (ms): Min: 0.0, Avg: 0.0, Max: 0.0, Diff: 0.0, Sum: 0.0]
      [Object Copy (ms): Min: 1.0, Avg: 1.1, Max: 1.2, Diff: 0.1, Sum: 6.7]
      [Termination (ms): Min: 0.0, Avg: 0.0, Max: 0.1, Diff: 0.1, Sum: 0.3]
         [Termination Attempts: Min: 1, Avg: 1.0, Max: 1, Diff: 0, Sum: 6]
      [GC Worker Other (ms): Min: 0.0, Avg: 0.0, Max: 0.0, Diff: 0.0, Sum: 0.0]
      [GC Worker Total (ms): Min: 1.7, Avg: 1.7, Max: 1.7, Diff: 0.0, Sum: 10.4]
      [GC Worker End (ms): Min: 637.0, Avg: 637.0, Max: 637.0, Diff: 0.0]
   [Code Root Fixup: 0.0 ms]
   [Code Root Purge: 0.0 ms]
   [Clear CT: 0.0 ms]
   [Other: 0.3 ms]
      [Choose CSet: 0.0 ms]
      [Ref Proc: 0.1 ms]
      [Ref Enq: 0.0 ms]
      [Redirty Cards: 0.0 ms]
      [Humongous Register: 0.1 ms]
      [Humongous Reclaim: 0.0 ms]
      [Free CSet: 0.0 ms]
   [Eden: 32.0M(32.0M)->0.0B(20.0M) Survivors: 1024.0K->5120.0K Heap: 409.5M(512.0M)->375.8M(512.0M)]
 [Times: user=0.00 sys=0.00, real=0.00 secs] 
2021-09-25T02:12:12.505+0800: [GC pause (G1 Evacuation Pause) (mixed), 0.0058820 secs]
   [Parallel Time: 5.4 ms, GC Workers: 6]
      [GC Worker Start (ms): Min: 640.1, Avg: 640.1, Max: 640.1, Diff: 0.0]
      [Ext Root Scanning (ms): Min: 0.1, Avg: 0.1, Max: 0.1, Diff: 0.0, Sum: 0.8]
      [Update RS (ms): Min: 0.2, Avg: 0.2, Max: 0.2, Diff: 0.0, Sum: 1.3]
         [Processed Buffers: Min: 4, Avg: 4.5, Max: 6, Diff: 2, Sum: 27]
      [Scan RS (ms): Min: 0.0, Avg: 0.0, Max: 0.0, Diff: 0.0, Sum: 0.2]
      [Code Root Scanning (ms): Min: 0.0, Avg: 0.0, Max: 0.0, Diff: 0.0, Sum: 0.0]
      [Object Copy (ms): Min: 4.9, Avg: 4.9, Max: 5.0, Diff: 0.1, Sum: 29.7]
      [Termination (ms): Min: 0.0, Avg: 0.1, Max: 0.1, Diff: 0.1, Sum: 0.4]
         [Termination Attempts: Min: 1, Avg: 1.0, Max: 1, Diff: 0, Sum: 6]
      [GC Worker Other (ms): Min: 0.0, Avg: 0.0, Max: 0.0, Diff: 0.0, Sum: 0.0]
      [GC Worker Total (ms): Min: 5.4, Avg: 5.4, Max: 5.4, Diff: 0.0, Sum: 32.4]
      [GC Worker End (ms): Min: 645.5, Avg: 645.5, Max: 645.5, Diff: 0.0]
   [Code Root Fixup: 0.0 ms]
   [Code Root Purge: 0.0 ms]
   [Clear CT: 0.1 ms]
   [Other: 0.4 ms]
      [Choose CSet: 0.0 ms]
      [Ref Proc: 0.1 ms]
      [Ref Enq: 0.0 ms]
      [Redirty Cards: 0.0 ms]
      [Humongous Register: 0.1 ms]
      [Humongous Reclaim: 0.0 ms]
      [Free CSet: 0.1 ms]
   [Eden: 20.0M(20.0M)->0.0B(30.0M) Survivors: 5120.0K->4096.0K Heap: 398.1M(512.0M)->365.9M(512.0M)]
 [Times: user=0.09 sys=0.00, real=0.01 secs] 
2021-09-25T02:12:12.512+0800: [GC pause (G1 Humongous Allocation) (young) (initial-mark), 0.0009974 secs]
   [Parallel Time: 0.7 ms, GC Workers: 6]
      [GC Worker Start (ms): Min: 646.7, Avg: 646.7, Max: 646.8, Diff: 0.0]
      [Ext Root Scanning (ms): Min: 0.1, Avg: 0.1, Max: 0.1, Diff: 0.0, Sum: 0.8]
      [Update RS (ms): Min: 0.0, Avg: 0.1, Max: 0.1, Diff: 0.1, Sum: 0.5]
         [Processed Buffers: Min: 1, Avg: 1.2, Max: 2, Diff: 1, Sum: 7]
      [Scan RS (ms): Min: 0.0, Avg: 0.0, Max: 0.0, Diff: 0.0, Sum: 0.0]
      [Code Root Scanning (ms): Min: 0.0, Avg: 0.0, Max: 0.0, Diff: 0.0, Sum: 0.0]
      [Object Copy (ms): Min: 0.3, Avg: 0.4, Max: 0.5, Diff: 0.1, Sum: 2.4]
      [Termination (ms): Min: 0.0, Avg: 0.0, Max: 0.1, Diff: 0.1, Sum: 0.1]
         [Termination Attempts: Min: 1, Avg: 1.0, Max: 1, Diff: 0, Sum: 6]
      [GC Worker Other (ms): Min: 0.0, Avg: 0.0, Max: 0.0, Diff: 0.0, Sum: 0.0]
      [GC Worker Total (ms): Min: 0.6, Avg: 0.7, Max: 0.7, Diff: 0.0, Sum: 3.9]
      [GC Worker End (ms): Min: 647.4, Avg: 647.4, Max: 647.4, Diff: 0.0]
   [Code Root Fixup: 0.0 ms]
   [Code Root Purge: 0.0 ms]
   [Clear CT: 0.0 ms]
   [Other: 0.3 ms]
      [Choose CSet: 0.0 ms]
      [Ref Proc: 0.1 ms]
      [Ref Enq: 0.0 ms]
      [Redirty Cards: 0.0 ms]
      [Humongous Register: 0.1 ms]
      [Humongous Reclaim: 0.0 ms]
      [Free CSet: 0.0 ms]
   [Eden: 4096.0K(30.0M)->0.0B(31.0M) Survivors: 4096.0K->1024.0K Heap: 369.0M(512.0M)->366.0M(512.0M)]
 [Times: user=0.00 sys=0.00, real=0.00 secs] 
2021-09-25T02:12:12.513+0800: [GC concurrent-root-region-scan-start]
2021-09-25T02:12:12.513+0800: [GC concurrent-root-region-scan-end, 0.0001187 secs]
2021-09-25T02:12:12.513+0800: [GC concurrent-mark-start]
2021-09-25T02:12:12.515+0800: [GC concurrent-mark-end, 0.0015006 secs]
2021-09-25T02:12:12.515+0800: [GC remark 2021-09-25T02:12:12.515+0800: [Finalize Marking, 0.0000934 secs] 2021-09-25T02:12:12.515+0800: [GC ref-proc, 0.0000566 secs] 2021-09-25T02:12:12.515+0800: [Unloading, 0.0003865 secs], 0.0010016 secs]
 [Times: user=0.00 sys=0.00, real=0.00 secs] 
2021-09-25T02:12:12.516+0800: [GC cleanup 376M->376M(512M), 0.0002675 secs]
 [Times: user=0.00 sys=0.00, real=0.00 secs] 
2021-09-25T02:12:12.519+0800: [GC pause (G1 Evacuation Pause) (young), 0.0027716 secs]
   [Parallel Time: 2.5 ms, GC Workers: 6]
      [GC Worker Start (ms): Min: 654.5, Avg: 654.5, Max: 654.5, Diff: 0.0]
      [Ext Root Scanning (ms): Min: 0.1, Avg: 0.1, Max: 0.1, Diff: 0.0, Sum: 0.8]
      [Update RS (ms): Min: 0.6, Avg: 0.6, Max: 0.6, Diff: 0.0, Sum: 3.9]
         [Processed Buffers: Min: 11, Avg: 12.2, Max: 13, Diff: 2, Sum: 73]
      [Scan RS (ms): Min: 0.0, Avg: 0.0, Max: 0.0, Diff: 0.0, Sum: 0.0]
      [Code Root Scanning (ms): Min: 0.0, Avg: 0.0, Max: 0.0, Diff: 0.0, Sum: 0.0]
      [Object Copy (ms): Min: 1.6, Avg: 1.6, Max: 1.6, Diff: 0.1, Sum: 9.5]
      [Termination (ms): Min: 0.0, Avg: 0.0, Max: 0.1, Diff: 0.1, Sum: 0.3]
         [Termination Attempts: Min: 1, Avg: 1.0, Max: 1, Diff: 0, Sum: 6]
      [GC Worker Other (ms): Min: 0.0, Avg: 0.0, Max: 0.0, Diff: 0.0, Sum: 0.0]
      [GC Worker Total (ms): Min: 2.4, Avg: 2.4, Max: 2.4, Diff: 0.0, Sum: 14.5]
      [GC Worker End (ms): Min: 656.9, Avg: 656.9, Max: 656.9, Diff: 0.0]
   [Code Root Fixup: 0.0 ms]
   [Code Root Purge: 0.0 ms]
   [Clear CT: 0.0 ms]
   [Other: 0.3 ms]
      [Choose CSet: 0.0 ms]
      [Ref Proc: 0.0 ms]
      [Ref Enq: 0.0 ms]
      [Redirty Cards: 0.0 ms]
      [Humongous Register: 0.1 ms]
      [Humongous Reclaim: 0.0 ms]
      [Free CSet: 0.0 ms]
   [Eden: 31.0M(31.0M)->0.0B(21.0M) Survivors: 1024.0K->4096.0K Heap: 405.3M(512.0M)->377.9M(512.0M)]
 [Times: user=0.00 sys=0.00, real=0.00 secs] 
2021-09-25T02:12:12.526+0800: [GC pause (G1 Evacuation Pause) (mixed), 0.0055499 secs]
   [Parallel Time: 5.1 ms, GC Workers: 6]
      [GC Worker Start (ms): Min: 660.5, Avg: 660.5, Max: 660.5, Diff: 0.0]
      [Ext Root Scanning (ms): Min: 0.1, Avg: 0.1, Max: 0.1, Diff: 0.0, Sum: 0.8]
      [Update RS (ms): Min: 0.4, Avg: 0.4, Max: 0.4, Diff: 0.0, Sum: 2.5]
         [Processed Buffers: Min: 8, Avg: 8.2, Max: 9, Diff: 1, Sum: 49]
      [Scan RS (ms): Min: 0.0, Avg: 0.0, Max: 0.0, Diff: 0.0, Sum: 0.1]
      [Code Root Scanning (ms): Min: 0.0, Avg: 0.0, Max: 0.0, Diff: 0.0, Sum: 0.0]
      [Object Copy (ms): Min: 4.4, Avg: 4.4, Max: 4.5, Diff: 0.1, Sum: 26.6]
      [Termination (ms): Min: 0.0, Avg: 0.1, Max: 0.1, Diff: 0.1, Sum: 0.4]
         [Termination Attempts: Min: 1, Avg: 1.0, Max: 1, Diff: 0, Sum: 6]
      [GC Worker Other (ms): Min: 0.0, Avg: 0.0, Max: 0.0, Diff: 0.0, Sum: 0.0]
      [GC Worker Total (ms): Min: 5.0, Avg: 5.1, Max: 5.1, Diff: 0.1, Sum: 30.4]
      [GC Worker End (ms): Min: 665.5, Avg: 665.6, Max: 665.6, Diff: 0.1]
   [Code Root Fixup: 0.0 ms]
   [Code Root Purge: 0.0 ms]
   [Clear CT: 0.1 ms]
   [Other: 0.3 ms]
      [Choose CSet: 0.0 ms]
      [Ref Proc: 0.1 ms]
      [Ref Enq: 0.0 ms]
      [Redirty Cards: 0.0 ms]
      [Humongous Register: 0.1 ms]
      [Humongous Reclaim: 0.0 ms]
      [Free CSet: 0.1 ms]
   [Eden: 21.0M(21.0M)->0.0B(28.0M) Survivors: 4096.0K->4096.0K Heap: 404.0M(512.0M)->368.6M(512.0M)]
 [Times: user=0.00 sys=0.00, real=0.00 secs] 
2021-09-25T02:12:12.532+0800: [GC pause (G1 Humongous Allocation) (young) (initial-mark), 0.0012068 secs]
   [Parallel Time: 0.9 ms, GC Workers: 6]
      [GC Worker Start (ms): Min: 666.8, Avg: 666.8, Max: 666.8, Diff: 0.0]
      [Ext Root Scanning (ms): Min: 0.1, Avg: 0.1, Max: 0.1, Diff: 0.0, Sum: 0.8]
      [Update RS (ms): Min: 0.0, Avg: 0.1, Max: 0.1, Diff: 0.1, Sum: 0.4]
         [Processed Buffers: Min: 1, Avg: 1.2, Max: 2, Diff: 1, Sum: 7]
      [Scan RS (ms): Min: 0.0, Avg: 0.0, Max: 0.0, Diff: 0.0, Sum: 0.0]
      [Code Root Scanning (ms): Min: 0.0, Avg: 0.0, Max: 0.0, Diff: 0.0, Sum: 0.0]
      [Object Copy (ms): Min: 0.6, Avg: 0.6, Max: 0.7, Diff: 0.1, Sum: 3.8]
      [Termination (ms): Min: 0.0, Avg: 0.0, Max: 0.1, Diff: 0.1, Sum: 0.2]
         [Termination Attempts: Min: 1, Avg: 1.0, Max: 1, Diff: 0, Sum: 6]
      [GC Worker Other (ms): Min: 0.0, Avg: 0.0, Max: 0.0, Diff: 0.0, Sum: 0.0]
      [GC Worker Total (ms): Min: 0.9, Avg: 0.9, Max: 0.9, Diff: 0.0, Sum: 5.3]
      [GC Worker End (ms): Min: 667.6, Avg: 667.6, Max: 667.6, Diff: 0.0]
   [Code Root Fixup: 0.0 ms]
   [Code Root Purge: 0.0 ms]
   [Clear CT: 0.0 ms]
   [Other: 0.3 ms]
      [Choose CSet: 0.0 ms]
      [Ref Proc: 0.1 ms]
      [Ref Enq: 0.0 ms]
      [Redirty Cards: 0.0 ms]
      [Humongous Register: 0.1 ms]
      [Humongous Reclaim: 0.0 ms]
      [Free CSet: 0.0 ms]
   [Eden: 4096.0K(28.0M)->0.0B(25.0M) Survivors: 4096.0K->2048.0K Heap: 372.5M(512.0M)->369.5M(512.0M)]
 [Times: user=0.00 sys=0.00, real=0.00 secs] 
2021-09-25T02:12:12.533+0800: [GC concurrent-root-region-scan-start]
2021-09-25T02:12:12.533+0800: [GC concurrent-root-region-scan-end, 0.0001028 secs]
2021-09-25T02:12:12.533+0800: [GC concurrent-mark-start]
2021-09-25T02:12:12.535+0800: [GC concurrent-mark-end, 0.0013802 secs]
2021-09-25T02:12:12.535+0800: [GC remark 2021-09-25T02:12:12.535+0800: [Finalize Marking, 0.0000585 secs] 2021-09-25T02:12:12.535+0800: [GC ref-proc, 0.0000555 secs] 2021-09-25T02:12:12.535+0800: [Unloading, 0.0003852 secs], 0.0010166 secs]
 [Times: user=0.00 sys=0.00, real=0.00 secs] 
2021-09-25T02:12:12.536+0800: [GC cleanup 379M->379M(512M), 0.0002942 secs]
 [Times: user=0.00 sys=0.00, real=0.00 secs] 
2021-09-25T02:12:12.540+0800: [GC pause (G1 Evacuation Pause) (young), 0.0022243 secs]
   [Parallel Time: 1.9 ms, GC Workers: 6]
      [GC Worker Start (ms): Min: 674.5, Avg: 674.6, Max: 674.7, Diff: 0.2]
      [Ext Root Scanning (ms): Min: 0.0, Avg: 0.1, Max: 0.2, Diff: 0.2, Sum: 0.7]
      [Update RS (ms): Min: 0.5, Avg: 0.5, Max: 0.5, Diff: 0.0, Sum: 3.2]
         [Processed Buffers: Min: 9, Avg: 10.0, Max: 11, Diff: 2, Sum: 60]
      [Scan RS (ms): Min: 0.0, Avg: 0.0, Max: 0.0, Diff: 0.0, Sum: 0.0]
      [Code Root Scanning (ms): Min: 0.0, Avg: 0.0, Max: 0.0, Diff: 0.0, Sum: 0.0]
      [Object Copy (ms): Min: 1.0, Avg: 1.1, Max: 1.2, Diff: 0.1, Sum: 6.6]
      [Termination (ms): Min: 0.0, Avg: 0.1, Max: 0.2, Diff: 0.2, Sum: 0.4]
         [Termination Attempts: Min: 1, Avg: 1.0, Max: 1, Diff: 0, Sum: 6]
      [GC Worker Other (ms): Min: 0.0, Avg: 0.0, Max: 0.0, Diff: 0.0, Sum: 0.0]
      [GC Worker Total (ms): Min: 1.7, Avg: 1.8, Max: 1.8, Diff: 0.2, Sum: 10.9]
      [GC Worker End (ms): Min: 676.4, Avg: 676.4, Max: 676.4, Diff: 0.0]
   [Code Root Fixup: 0.0 ms]
   [Code Root Purge: 0.0 ms]
   [Clear CT: 0.0 ms]
   [Other: 0.3 ms]
      [Choose CSet: 0.0 ms]
      [Ref Proc: 0.1 ms]
      [Ref Enq: 0.0 ms]
      [Redirty Cards: 0.0 ms]
      [Humongous Register: 0.1 ms]
      [Humongous Reclaim: 0.0 ms]
      [Free CSet: 0.0 ms]
   [Eden: 25.0M(25.0M)->0.0B(21.0M) Survivors: 2048.0K->4096.0K Heap: 401.1M(512.0M)->378.7M(512.0M)]
 [Times: user=0.00 sys=0.00, real=0.00 secs] 
2021-09-25T02:12:12.545+0800: [GC pause (G1 Evacuation Pause) (mixed), 0.0056248 secs]
   [Parallel Time: 5.2 ms, GC Workers: 6]
      [GC Worker Start (ms): Min: 680.4, Avg: 680.4, Max: 680.5, Diff: 0.0]
      [Ext Root Scanning (ms): Min: 0.1, Avg: 0.1, Max: 0.1, Diff: 0.0, Sum: 0.8]
      [Update RS (ms): Min: 0.7, Avg: 0.8, Max: 0.8, Diff: 0.1, Sum: 4.5]
         [Processed Buffers: Min: 13, Avg: 14.2, Max: 15, Diff: 2, Sum: 85]
      [Scan RS (ms): Min: 0.0, Avg: 0.0, Max: 0.0, Diff: 0.0, Sum: 0.1]
      [Code Root Scanning (ms): Min: 0.0, Avg: 0.0, Max: 0.0, Diff: 0.0, Sum: 0.0]
      [Object Copy (ms): Min: 4.2, Avg: 4.2, Max: 4.3, Diff: 0.1, Sum: 25.4]
      [Termination (ms): Min: 0.0, Avg: 0.1, Max: 0.1, Diff: 0.1, Sum: 0.3]
         [Termination Attempts: Min: 1, Avg: 1.0, Max: 1, Diff: 0, Sum: 6]
      [GC Worker Other (ms): Min: 0.0, Avg: 0.0, Max: 0.0, Diff: 0.0, Sum: 0.0]
      [GC Worker Total (ms): Min: 5.2, Avg: 5.2, Max: 5.2, Diff: 0.0, Sum: 31.2]
      [GC Worker End (ms): Min: 685.6, Avg: 685.6, Max: 685.6, Diff: 0.0]
   [Code Root Fixup: 0.0 ms]
   [Code Root Purge: 0.0 ms]
   [Clear CT: 0.1 ms]
   [Other: 0.3 ms]
      [Choose CSet: 0.0 ms]
      [Ref Proc: 0.0 ms]
      [Ref Enq: 0.0 ms]
      [Redirty Cards: 0.0 ms]
      [Humongous Register: 0.1 ms]
      [Humongous Reclaim: 0.0 ms]
      [Free CSet: 0.0 ms]
   [Eden: 21.0M(21.0M)->0.0B(21.0M) Survivors: 4096.0K->4096.0K Heap: 409.4M(512.0M)->373.2M(512.0M)]
 [Times: user=0.00 sys=0.00, real=0.01 secs] 
2021-09-25T02:12:12.551+0800: [GC pause (G1 Humongous Allocation) (young) (initial-mark), 0.0010522 secs]
   [Parallel Time: 0.8 ms, GC Workers: 6]
      [GC Worker Start (ms): Min: 686.3, Avg: 686.3, Max: 686.3, Diff: 0.0]
      [Ext Root Scanning (ms): Min: 0.1, Avg: 0.1, Max: 0.1, Diff: 0.0, Sum: 0.8]
      [Update RS (ms): Min: 0.0, Avg: 0.0, Max: 0.1, Diff: 0.0, Sum: 0.3]
         [Processed Buffers: Min: 1, Avg: 1.2, Max: 2, Diff: 1, Sum: 7]
      [Scan RS (ms): Min: 0.0, Avg: 0.0, Max: 0.0, Diff: 0.0, Sum: 0.0]
      [Code Root Scanning (ms): Min: 0.0, Avg: 0.0, Max: 0.0, Diff: 0.0, Sum: 0.0]
      [Object Copy (ms): Min: 0.5, Avg: 0.6, Max: 0.6, Diff: 0.1, Sum: 3.3]
      [Termination (ms): Min: 0.0, Avg: 0.0, Max: 0.1, Diff: 0.1, Sum: 0.2]
         [Termination Attempts: Min: 1, Avg: 1.0, Max: 1, Diff: 0, Sum: 6]
      [GC Worker Other (ms): Min: 0.0, Avg: 0.0, Max: 0.0, Diff: 0.0, Sum: 0.0]
      [GC Worker Total (ms): Min: 0.8, Avg: 0.8, Max: 0.8, Diff: 0.0, Sum: 4.6]
      [GC Worker End (ms): Min: 687.1, Avg: 687.1, Max: 687.1, Diff: 0.0]
   [Code Root Fixup: 0.0 ms]
   [Code Root Purge: 0.0 ms]
   [Clear CT: 0.0 ms]
   [Other: 0.2 ms]
      [Choose CSet: 0.0 ms]
      [Ref Proc: 0.0 ms]
      [Ref Enq: 0.0 ms]
      [Redirty Cards: 0.0 ms]
      [Humongous Register: 0.1 ms]
      [Humongous Reclaim: 0.0 ms]
      [Free CSet: 0.0 ms]
   [Eden: 2048.0K(21.0M)->0.0B(24.0M) Survivors: 4096.0K->1024.0K Heap: 375.0M(512.0M)->373.5M(512.0M)]
 [Times: user=0.00 sys=0.00, real=0.00 secs] 
2021-09-25T02:12:12.553+0800: [GC concurrent-root-region-scan-start]
2021-09-25T02:12:12.553+0800: [GC concurrent-root-region-scan-end, 0.0000881 secs]
2021-09-25T02:12:12.553+0800: [GC concurrent-mark-start]
2021-09-25T02:12:12.554+0800: [GC concurrent-mark-end, 0.0012714 secs]
2021-09-25T02:12:12.554+0800: [GC remark 2021-09-25T02:12:12.554+0800: [Finalize Marking, 0.0000429 secs] 2021-09-25T02:12:12.554+0800: [GC ref-proc, 0.0000547 secs] 2021-09-25T02:12:12.554+0800: [Unloading, 0.0003739 secs], 0.0009112 secs]
 [Times: user=0.09 sys=0.00, real=0.00 secs] 
2021-09-25T02:12:12.555+0800: [GC cleanup 386M->386M(512M), 0.0002784 secs]
 [Times: user=0.00 sys=0.00, real=0.00 secs] 
2021-09-25T02:12:12.559+0800: [GC pause (G1 Evacuation Pause) (young), 0.0025322 secs]
   [Parallel Time: 2.2 ms, GC Workers: 6]
      [GC Worker Start (ms): Min: 693.5, Avg: 693.5, Max: 693.5, Diff: 0.0]
      [Ext Root Scanning (ms): Min: 0.1, Avg: 0.1, Max: 0.1, Diff: 0.0, Sum: 0.8]
      [Update RS (ms): Min: 0.8, Avg: 0.8, Max: 0.8, Diff: 0.0, Sum: 4.9]
         [Processed Buffers: Min: 13, Avg: 15.2, Max: 16, Diff: 3, Sum: 91]
      [Scan RS (ms): Min: 0.0, Avg: 0.0, Max: 0.0, Diff: 0.0, Sum: 0.0]
      [Code Root Scanning (ms): Min: 0.0, Avg: 0.0, Max: 0.0, Diff: 0.0, Sum: 0.0]
      [Object Copy (ms): Min: 1.1, Avg: 1.1, Max: 1.2, Diff: 0.1, Sum: 6.7]
      [Termination (ms): Min: 0.0, Avg: 0.1, Max: 0.1, Diff: 0.1, Sum: 0.4]
         [Termination Attempts: Min: 1, Avg: 1.0, Max: 1, Diff: 0, Sum: 6]
      [GC Worker Other (ms): Min: 0.0, Avg: 0.0, Max: 0.0, Diff: 0.0, Sum: 0.0]
      [GC Worker Total (ms): Min: 2.1, Avg: 2.1, Max: 2.1, Diff: 0.0, Sum: 12.8]
      [GC Worker End (ms): Min: 695.6, Avg: 695.6, Max: 695.6, Diff: 0.0]
   [Code Root Fixup: 0.0 ms]
   [Code Root Purge: 0.0 ms]
   [Clear CT: 0.1 ms]
   [Other: 0.3 ms]
      [Choose CSet: 0.0 ms]
      [Ref Proc: 0.1 ms]
      [Ref Enq: 0.0 ms]
      [Redirty Cards: 0.0 ms]
      [Humongous Register: 0.1 ms]
      [Humongous Reclaim: 0.0 ms]
      [Free CSet: 0.0 ms]
   [Eden: 24.0M(24.0M)->0.0B(21.0M) Survivors: 1024.0K->4096.0K Heap: 411.7M(512.0M)->383.0M(512.0M)]
 [Times: user=0.00 sys=0.00, real=0.00 secs] 
2021-09-25T02:12:12.565+0800: [GC pause (G1 Evacuation Pause) (mixed), 0.0060689 secs]
   [Parallel Time: 5.6 ms, GC Workers: 6]
      [GC Worker Start (ms): Min: 700.3, Avg: 700.3, Max: 700.3, Diff: 0.1]
      [Ext Root Scanning (ms): Min: 0.1, Avg: 0.1, Max: 0.2, Diff: 0.1, Sum: 0.8]
      [Update RS (ms): Min: 0.5, Avg: 0.5, Max: 0.5, Diff: 0.0, Sum: 3.0]
         [Processed Buffers: Min: 9, Avg: 9.5, Max: 10, Diff: 1, Sum: 57]
      [Scan RS (ms): Min: 0.0, Avg: 0.0, Max: 0.1, Diff: 0.1, Sum: 0.2]
      [Code Root Scanning (ms): Min: 0.0, Avg: 0.0, Max: 0.0, Diff: 0.0, Sum: 0.0]
      [Object Copy (ms): Min: 4.8, Avg: 4.8, Max: 4.9, Diff: 0.1, Sum: 29.0]
      [Termination (ms): Min: 0.0, Avg: 0.0, Max: 0.1, Diff: 0.1, Sum: 0.2]
         [Termination Attempts: Min: 1, Avg: 1.0, Max: 1, Diff: 0, Sum: 6]
      [GC Worker Other (ms): Min: 0.0, Avg: 0.0, Max: 0.0, Diff: 0.0, Sum: 0.0]
      [GC Worker Total (ms): Min: 5.5, Avg: 5.6, Max: 5.6, Diff: 0.1, Sum: 33.3]
      [GC Worker End (ms): Min: 705.8, Avg: 705.8, Max: 705.9, Diff: 0.0]
   [Code Root Fixup: 0.0 ms]
   [Code Root Purge: 0.0 ms]
   [Clear CT: 0.1 ms]
   [Other: 0.4 ms]
      [Choose CSet: 0.0 ms]
      [Ref Proc: 0.1 ms]
      [Ref Enq: 0.0 ms]
      [Redirty Cards: 0.1 ms]
      [Humongous Register: 0.1 ms]
      [Humongous Reclaim: 0.0 ms]
      [Free CSet: 0.1 ms]
   [Eden: 21.0M(21.0M)->0.0B(26.0M) Survivors: 4096.0K->4096.0K Heap: 410.1M(512.0M)->367.9M(512.0M)]
 [Times: user=0.09 sys=0.00, real=0.01 secs] 
2021-09-25T02:12:12.572+0800: [GC pause (G1 Humongous Allocation) (young) (initial-mark), 0.0009515 secs]
   [Parallel Time: 0.7 ms, GC Workers: 6]
      [GC Worker Start (ms): Min: 706.6, Avg: 706.6, Max: 706.6, Diff: 0.0]
      [Ext Root Scanning (ms): Min: 0.1, Avg: 0.1, Max: 0.1, Diff: 0.0, Sum: 0.8]
      [Update RS (ms): Min: 0.0, Avg: 0.1, Max: 0.2, Diff: 0.2, Sum: 0.5]
         [Processed Buffers: Min: 1, Avg: 1.2, Max: 2, Diff: 1, Sum: 7]
      [Scan RS (ms): Min: 0.0, Avg: 0.0, Max: 0.0, Diff: 0.0, Sum: 0.0]
      [Code Root Scanning (ms): Min: 0.0, Avg: 0.0, Max: 0.0, Diff: 0.0, Sum: 0.0]
      [Object Copy (ms): Min: 0.3, Avg: 0.4, Max: 0.5, Diff: 0.2, Sum: 2.4]
      [Termination (ms): Min: 0.0, Avg: 0.0, Max: 0.1, Diff: 0.1, Sum: 0.2]
         [Termination Attempts: Min: 1, Avg: 1.0, Max: 1, Diff: 0, Sum: 6]
      [GC Worker Other (ms): Min: 0.0, Avg: 0.0, Max: 0.0, Diff: 0.0, Sum: 0.0]
      [GC Worker Total (ms): Min: 0.7, Avg: 0.7, Max: 0.7, Diff: 0.0, Sum: 4.0]
      [GC Worker End (ms): Min: 707.3, Avg: 707.3, Max: 707.3, Diff: 0.0]
   [Code Root Fixup: 0.0 ms]
   [Code Root Purge: 0.0 ms]
   [Clear CT: 0.0 ms]
   [Other: 0.2 ms]
      [Choose CSet: 0.0 ms]
      [Ref Proc: 0.0 ms]
      [Ref Enq: 0.0 ms]
      [Redirty Cards: 0.0 ms]
      [Humongous Register: 0.1 ms]
      [Humongous Reclaim: 0.0 ms]
      [Free CSet: 0.0 ms]
   [Eden: 1024.0K(26.0M)->0.0B(25.0M) Survivors: 4096.0K->1024.0K Heap: 368.8M(512.0M)->368.0M(512.0M)]
 [Times: user=0.00 sys=0.00, real=0.00 secs] 
2021-09-25T02:12:12.573+0800: [GC concurrent-root-region-scan-start]
2021-09-25T02:12:12.573+0800: [GC concurrent-root-region-scan-end, 0.0000475 secs]
2021-09-25T02:12:12.573+0800: [GC concurrent-mark-start]
2021-09-25T02:12:12.574+0800: [GC concurrent-mark-end, 0.0011858 secs]
2021-09-25T02:12:12.574+0800: [GC remark 2021-09-25T02:12:12.574+0800: [Finalize Marking, 0.0000440 secs] 2021-09-25T02:12:12.574+0800: [GC ref-proc, 0.0000557 secs] 2021-09-25T02:12:12.574+0800: [Unloading, 0.0003752 secs], 0.0009275 secs]
 [Times: user=0.00 sys=0.00, real=0.00 secs] 
2021-09-25T02:12:12.574+0800: [GC cleanup 378M->378M(512M), 0.0002762 secs]
 [Times: user=0.00 sys=0.00, real=0.00 secs] 
2021-09-25T02:12:12.578+0800: [GC pause (G1 Evacuation Pause) (young), 0.0020902 secs]
   [Parallel Time: 1.8 ms, GC Workers: 6]
      [GC Worker Start (ms): Min: 713.9, Avg: 713.9, Max: 713.9, Diff: 0.0]
      [Ext Root Scanning (ms): Min: 0.1, Avg: 0.1, Max: 0.1, Diff: 0.0, Sum: 0.8]
      [Update RS (ms): Min: 0.5, Avg: 0.5, Max: 0.6, Diff: 0.1, Sum: 3.3]
         [Processed Buffers: Min: 10, Avg: 10.5, Max: 11, Diff: 1, Sum: 63]
      [Scan RS (ms): Min: 0.0, Avg: 0.0, Max: 0.0, Diff: 0.0, Sum: 0.0]
      [Code Root Scanning (ms): Min: 0.0, Avg: 0.0, Max: 0.0, Diff: 0.0, Sum: 0.0]
      [Object Copy (ms): Min: 1.0, Avg: 1.0, Max: 1.1, Diff: 0.1, Sum: 6.3]
      [Termination (ms): Min: 0.0, Avg: 0.0, Max: 0.0, Diff: 0.0, Sum: 0.1]
         [Termination Attempts: Min: 1, Avg: 1.0, Max: 1, Diff: 0, Sum: 6]
      [GC Worker Other (ms): Min: 0.0, Avg: 0.0, Max: 0.0, Diff: 0.0, Sum: 0.0]
      [GC Worker Total (ms): Min: 1.7, Avg: 1.7, Max: 1.8, Diff: 0.0, Sum: 10.5]
      [GC Worker End (ms): Min: 715.6, Avg: 715.6, Max: 715.6, Diff: 0.0]
   [Code Root Fixup: 0.0 ms]
   [Code Root Purge: 0.0 ms]
   [Clear CT: 0.0 ms]
   [Other: 0.3 ms]
      [Choose CSet: 0.0 ms]
      [Ref Proc: 0.0 ms]
      [Ref Enq: 0.0 ms]
      [Redirty Cards: 0.0 ms]
      [Humongous Register: 0.1 ms]
      [Humongous Reclaim: 0.0 ms]
      [Free CSet: 0.0 ms]
   [Eden: 25.0M(25.0M)->0.0B(21.0M) Survivors: 1024.0K->4096.0K Heap: 399.9M(512.0M)->381.4M(512.0M)]
 [Times: user=0.00 sys=0.00, real=0.00 secs] 
2021-09-25T02:12:12.584+0800: [GC pause (G1 Evacuation Pause) (mixed), 0.0056265 secs]
   [Parallel Time: 5.2 ms, GC Workers: 6]
      [GC Worker Start (ms): Min: 719.3, Avg: 719.3, Max: 719.3, Diff: 0.0]
      [Ext Root Scanning (ms): Min: 0.1, Avg: 0.1, Max: 0.1, Diff: 0.0, Sum: 0.8]
      [Update RS (ms): Min: 0.8, Avg: 0.8, Max: 0.8, Diff: 0.0, Sum: 4.9]
         [Processed Buffers: Min: 15, Avg: 15.5, Max: 16, Diff: 1, Sum: 93]
      [Scan RS (ms): Min: 0.0, Avg: 0.0, Max: 0.0, Diff: 0.0, Sum: 0.1]
      [Code Root Scanning (ms): Min: 0.0, Avg: 0.0, Max: 0.0, Diff: 0.0, Sum: 0.0]
      [Object Copy (ms): Min: 4.1, Avg: 4.1, Max: 4.2, Diff: 0.0, Sum: 24.9]
      [Termination (ms): Min: 0.0, Avg: 0.0, Max: 0.1, Diff: 0.1, Sum: 0.2]
         [Termination Attempts: Min: 1, Avg: 1.0, Max: 1, Diff: 0, Sum: 6]
      [GC Worker Other (ms): Min: 0.0, Avg: 0.0, Max: 0.0, Diff: 0.0, Sum: 0.0]
      [GC Worker Total (ms): Min: 5.1, Avg: 5.2, Max: 5.2, Diff: 0.0, Sum: 30.9]
      [GC Worker End (ms): Min: 724.5, Avg: 724.5, Max: 724.5, Diff: 0.0]
   [Code Root Fixup: 0.0 ms]
   [Code Root Purge: 0.0 ms]
   [Clear CT: 0.1 ms]
   [Other: 0.4 ms]
      [Choose CSet: 0.0 ms]
      [Ref Proc: 0.1 ms]
      [Ref Enq: 0.0 ms]
      [Redirty Cards: 0.0 ms]
      [Humongous Register: 0.1 ms]
      [Humongous Reclaim: 0.0 ms]
      [Free CSet: 0.0 ms]
   [Eden: 21.0M(21.0M)->0.0B(21.0M) Survivors: 4096.0K->4096.0K Heap: 413.1M(512.0M)->380.0M(512.0M)]
 [Times: user=0.09 sys=0.00, real=0.00 secs] 
2021-09-25T02:12:12.590+0800: [GC pause (G1 Humongous Allocation) (young) (initial-mark), 0.0009318 secs]
   [Parallel Time: 0.7 ms, GC Workers: 6]
      [GC Worker Start (ms): Min: 725.4, Avg: 725.5, Max: 725.5, Diff: 0.0]
      [Ext Root Scanning (ms): Min: 0.1, Avg: 0.1, Max: 0.1, Diff: 0.0, Sum: 0.8]
      [Update RS (ms): Min: 0.0, Avg: 0.1, Max: 0.1, Diff: 0.0, Sum: 0.3]
         [Processed Buffers: Min: 1, Avg: 1.2, Max: 2, Diff: 1, Sum: 7]
      [Scan RS (ms): Min: 0.0, Avg: 0.0, Max: 0.0, Diff: 0.0, Sum: 0.0]
      [Code Root Scanning (ms): Min: 0.0, Avg: 0.0, Max: 0.0, Diff: 0.0, Sum: 0.0]
      [Object Copy (ms): Min: 0.4, Avg: 0.4, Max: 0.5, Diff: 0.1, Sum: 2.6]
      [Termination (ms): Min: 0.0, Avg: 0.0, Max: 0.0, Diff: 0.0, Sum: 0.1]
         [Termination Attempts: Min: 1, Avg: 1.0, Max: 1, Diff: 0, Sum: 6]
      [GC Worker Other (ms): Min: 0.0, Avg: 0.0, Max: 0.0, Diff: 0.0, Sum: 0.0]
      [GC Worker Total (ms): Min: 0.6, Avg: 0.6, Max: 0.7, Diff: 0.0, Sum: 3.9]
      [GC Worker End (ms): Min: 726.1, Avg: 726.1, Max: 726.1, Diff: 0.0]
   [Code Root Fixup: 0.0 ms]
   [Code Root Purge: 0.0 ms]
   [Clear CT: 0.0 ms]
   [Other: 0.2 ms]
      [Choose CSet: 0.0 ms]
      [Ref Proc: 0.0 ms]
      [Ref Enq: 0.0 ms]
      [Redirty Cards: 0.0 ms]
      [Humongous Register: 0.1 ms]
      [Humongous Reclaim: 0.0 ms]
      [Free CSet: 0.0 ms]
   [Eden: 3072.0K(21.0M)->0.0B(24.0M) Survivors: 4096.0K->1024.0K Heap: 382.5M(512.0M)->379.7M(512.0M)]
 [Times: user=0.00 sys=0.00, real=0.00 secs] 
2021-09-25T02:12:12.591+0800: [GC concurrent-root-region-scan-start]
2021-09-25T02:12:12.591+0800: [GC concurrent-root-region-scan-end, 0.0001205 secs]
2021-09-25T02:12:12.591+0800: [GC concurrent-mark-start]
2021-09-25T02:12:12.592+0800: [GC concurrent-mark-end, 0.0012398 secs]
2021-09-25T02:12:12.592+0800: [GC remark 2021-09-25T02:12:12.592+0800: [Finalize Marking, 0.0000432 secs] 2021-09-25T02:12:12.592+0800: [GC ref-proc, 0.0000547 secs] 2021-09-25T02:12:12.592+0800: [Unloading, 0.0003956 secs], 0.0009890 secs]
 [Times: user=0.00 sys=0.00, real=0.00 secs] 
2021-09-25T02:12:12.593+0800: [GC cleanup 392M->392M(512M), 0.0003236 secs]
 [Times: user=0.00 sys=0.00, real=0.00 secs] 
2021-09-25T02:12:12.597+0800: [GC pause (G1 Evacuation Pause) (young), 0.0026021 secs]
   [Parallel Time: 2.2 ms, GC Workers: 6]
      [GC Worker Start (ms): Min: 733.0, Avg: 733.1, Max: 733.3, Diff: 0.3]
      [Ext Root Scanning (ms): Min: 0.0, Avg: 0.1, Max: 0.2, Diff: 0.2, Sum: 0.6]
      [Update RS (ms): Min: 0.7, Avg: 0.8, Max: 0.8, Diff: 0.2, Sum: 4.7]
         [Processed Buffers: Min: 10, Avg: 14.0, Max: 16, Diff: 6, Sum: 84]
      [Scan RS (ms): Min: 0.0, Avg: 0.0, Max: 0.0, Diff: 0.0, Sum: 0.0]
      [Code Root Scanning (ms): Min: 0.0, Avg: 0.0, Max: 0.0, Diff: 0.0, Sum: 0.0]
      [Object Copy (ms): Min: 1.1, Avg: 1.2, Max: 1.2, Diff: 0.1, Sum: 7.1]
      [Termination (ms): Min: 0.0, Avg: 0.0, Max: 0.1, Diff: 0.1, Sum: 0.2]
         [Termination Attempts: Min: 1, Avg: 1.0, Max: 1, Diff: 0, Sum: 6]
      [GC Worker Other (ms): Min: 0.0, Avg: 0.0, Max: 0.0, Diff: 0.0, Sum: 0.0]
      [GC Worker Total (ms): Min: 1.9, Avg: 2.1, Max: 2.2, Diff: 0.3, Sum: 12.6]
      [GC Worker End (ms): Min: 735.2, Avg: 735.2, Max: 735.2, Diff: 0.0]
   [Code Root Fixup: 0.0 ms]
   [Code Root Purge: 0.0 ms]
   [Clear CT: 0.0 ms]
   [Other: 0.3 ms]
      [Choose CSet: 0.0 ms]
      [Ref Proc: 0.1 ms]
      [Ref Enq: 0.0 ms]
      [Redirty Cards: 0.0 ms]
      [Humongous Register: 0.1 ms]
      [Humongous Reclaim: 0.0 ms]
      [Free CSet: 0.0 ms]
   [Eden: 24.0M(24.0M)->0.0B(21.0M) Survivors: 1024.0K->4096.0K Heap: 413.3M(512.0M)->389.2M(512.0M)]
 [Times: user=0.00 sys=0.00, real=0.00 secs] 
2021-09-25T02:12:12.603+0800: [GC pause (G1 Evacuation Pause) (mixed), 0.0051838 secs]
   [Parallel Time: 4.8 ms, GC Workers: 6]
      [GC Worker Start (ms): Min: 738.8, Avg: 738.9, Max: 738.9, Diff: 0.0]
      [Ext Root Scanning (ms): Min: 0.1, Avg: 0.1, Max: 0.2, Diff: 0.0, Sum: 0.8]
      [Update RS (ms): Min: 0.3, Avg: 0.3, Max: 0.4, Diff: 0.0, Sum: 2.0]
         [Processed Buffers: Min: 6, Avg: 6.7, Max: 8, Diff: 2, Sum: 40]
      [Scan RS (ms): Min: 0.0, Avg: 0.0, Max: 0.1, Diff: 0.1, Sum: 0.2]
      [Code Root Scanning (ms): Min: 0.0, Avg: 0.0, Max: 0.0, Diff: 0.0, Sum: 0.0]
      [Object Copy (ms): Min: 4.1, Avg: 4.2, Max: 4.2, Diff: 0.1, Sum: 25.0]
      [Termination (ms): Min: 0.0, Avg: 0.1, Max: 0.1, Diff: 0.1, Sum: 0.3]
         [Termination Attempts: Min: 1, Avg: 1.0, Max: 1, Diff: 0, Sum: 6]
      [GC Worker Other (ms): Min: 0.0, Avg: 0.0, Max: 0.0, Diff: 0.0, Sum: 0.0]
      [GC Worker Total (ms): Min: 4.7, Avg: 4.7, Max: 4.8, Diff: 0.0, Sum: 28.5]
      [GC Worker End (ms): Min: 743.6, Avg: 743.6, Max: 743.6, Diff: 0.0]
   [Code Root Fixup: 0.0 ms]
   [Code Root Purge: 0.0 ms]
   [Clear CT: 0.0 ms]
   [Other: 0.3 ms]
      [Choose CSet: 0.0 ms]
      [Ref Proc: 0.1 ms]
      [Ref Enq: 0.0 ms]
      [Redirty Cards: 0.0 ms]
      [Humongous Register: 0.1 ms]
      [Humongous Reclaim: 0.0 ms]
      [Free CSet: 0.1 ms]
   [Eden: 21.0M(21.0M)->0.0B(21.0M) Survivors: 4096.0K->4096.0K Heap: 414.3M(512.0M)->379.8M(512.0M)]
 [Times: user=0.00 sys=0.00, real=0.01 secs] 
2021-09-25T02:12:12.609+0800: [GC pause (G1 Humongous Allocation) (young) (initial-mark), 0.0012121 secs]
   [Parallel Time: 0.9 ms, GC Workers: 6]
      [GC Worker Start (ms): Min: 744.9, Avg: 744.9, Max: 744.9, Diff: 0.0]
      [Ext Root Scanning (ms): Min: 0.1, Avg: 0.1, Max: 0.2, Diff: 0.1, Sum: 0.8]
      [Update RS (ms): Min: 0.0, Avg: 0.2, Max: 0.7, Diff: 0.7, Sum: 1.1]
         [Processed Buffers: Min: 1, Avg: 1.2, Max: 2, Diff: 1, Sum: 7]
      [Scan RS (ms): Min: 0.0, Avg: 0.0, Max: 0.0, Diff: 0.0, Sum: 0.0]
      [Code Root Scanning (ms): Min: 0.0, Avg: 0.0, Max: 0.0, Diff: 0.0, Sum: 0.0]
      [Object Copy (ms): Min: 0.0, Avg: 0.5, Max: 0.7, Diff: 0.7, Sum: 3.1]
      [Termination (ms): Min: 0.0, Avg: 0.0, Max: 0.1, Diff: 0.1, Sum: 0.3]
         [Termination Attempts: Min: 1, Avg: 1.0, Max: 1, Diff: 0, Sum: 6]
      [GC Worker Other (ms): Min: 0.0, Avg: 0.0, Max: 0.0, Diff: 0.0, Sum: 0.0]
      [GC Worker Total (ms): Min: 0.9, Avg: 0.9, Max: 0.9, Diff: 0.0, Sum: 5.4]
      [GC Worker End (ms): Min: 745.8, Avg: 745.8, Max: 745.8, Diff: 0.0]
   [Code Root Fixup: 0.0 ms]
   [Code Root Purge: 0.0 ms]
   [Clear CT: 0.0 ms]
   [Other: 0.2 ms]
      [Choose CSet: 0.0 ms]
      [Ref Proc: 0.1 ms]
      [Ref Enq: 0.0 ms]
      [Redirty Cards: 0.0 ms]
      [Humongous Register: 0.1 ms]
      [Humongous Reclaim: 0.0 ms]
      [Free CSet: 0.0 ms]
   [Eden: 4096.0K(21.0M)->0.0B(24.0M) Survivors: 4096.0K->1024.0K Heap: 383.7M(512.0M)->380.6M(512.0M)]
 [Times: user=0.00 sys=0.00, real=0.00 secs] 
2021-09-25T02:12:12.611+0800: [GC concurrent-root-region-scan-start]
2021-09-25T02:12:12.611+0800: [GC concurrent-root-region-scan-end, 0.0001364 secs]
2021-09-25T02:12:12.611+0800: [GC concurrent-mark-start]
2021-09-25T02:12:12.612+0800: [GC concurrent-mark-end, 0.0013759 secs]
2021-09-25T02:12:12.612+0800: [GC remark 2021-09-25T02:12:12.612+0800: [Finalize Marking, 0.0000738 secs] 2021-09-25T02:12:12.612+0800: [GC ref-proc, 0.0000568 secs] 2021-09-25T02:12:12.612+0800: [Unloading, 0.0003532 secs], 0.0009393 secs]
 [Times: user=0.00 sys=0.00, real=0.00 secs] 
2021-09-25T02:12:12.613+0800: [GC cleanup 393M->393M(512M), 0.0002955 secs]
 [Times: user=0.00 sys=0.00, real=0.00 secs] 
2021-09-25T02:12:12.616+0800: [GC pause (G1 Evacuation Pause) (young), 0.0020963 secs]
   [Parallel Time: 1.8 ms, GC Workers: 6]
      [GC Worker Start (ms): Min: 752.0, Avg: 752.0, Max: 752.0, Diff: 0.0]
      [Ext Root Scanning (ms): Min: 0.1, Avg: 0.1, Max: 0.1, Diff: 0.0, Sum: 0.8]
      [Update RS (ms): Min: 0.5, Avg: 0.5, Max: 0.5, Diff: 0.0, Sum: 3.1]
         [Processed Buffers: Min: 9, Avg: 10.0, Max: 11, Diff: 2, Sum: 60]
      [Scan RS (ms): Min: 0.0, Avg: 0.0, Max: 0.0, Diff: 0.0, Sum: 0.0]
      [Code Root Scanning (ms): Min: 0.0, Avg: 0.0, Max: 0.0, Diff: 0.0, Sum: 0.0]
      [Object Copy (ms): Min: 1.1, Avg: 1.1, Max: 1.1, Diff: 0.1, Sum: 6.5]
      [Termination (ms): Min: 0.0, Avg: 0.0, Max: 0.1, Diff: 0.1, Sum: 0.2]
         [Termination Attempts: Min: 1, Avg: 1.0, Max: 1, Diff: 0, Sum: 6]
      [GC Worker Other (ms): Min: 0.0, Avg: 0.0, Max: 0.0, Diff: 0.0, Sum: 0.0]
      [GC Worker Total (ms): Min: 1.8, Avg: 1.8, Max: 1.8, Diff: 0.0, Sum: 10.7]
      [GC Worker End (ms): Min: 753.8, Avg: 753.8, Max: 753.8, Diff: 0.0]
   [Code Root Fixup: 0.0 ms]
   [Code Root Purge: 0.0 ms]
   [Clear CT: 0.0 ms]
   [Other: 0.2 ms]
      [Choose CSet: 0.0 ms]
      [Ref Proc: 0.0 ms]
      [Ref Enq: 0.0 ms]
      [Redirty Cards: 0.0 ms]
      [Humongous Register: 0.1 ms]
      [Humongous Reclaim: 0.0 ms]
      [Free CSet: 0.0 ms]
   [Eden: 24.0M(24.0M)->0.0B(21.0M) Survivors: 1024.0K->4096.0K Heap: 411.3M(512.0M)->389.4M(512.0M)]
 [Times: user=0.09 sys=0.00, real=0.00 secs] 
2021-09-25T02:12:12.623+0800: [GC pause (G1 Evacuation Pause) (mixed), 0.0049049 secs]
   [Parallel Time: 4.5 ms, GC Workers: 6]
      [GC Worker Start (ms): Min: 758.3, Avg: 758.3, Max: 758.3, Diff: 0.0]
      [Ext Root Scanning (ms): Min: 0.1, Avg: 0.1, Max: 0.2, Diff: 0.0, Sum: 0.8]
      [Update RS (ms): Min: 0.4, Avg: 0.5, Max: 0.5, Diff: 0.1, Sum: 2.9]
         [Processed Buffers: Min: 8, Avg: 10.2, Max: 16, Diff: 8, Sum: 61]
      [Scan RS (ms): Min: 0.0, Avg: 0.0, Max: 0.1, Diff: 0.0, Sum: 0.2]
      [Code Root Scanning (ms): Min: 0.0, Avg: 0.0, Max: 0.0, Diff: 0.0, Sum: 0.0]
      [Object Copy (ms): Min: 3.7, Avg: 3.7, Max: 3.8, Diff: 0.1, Sum: 22.4]
      [Termination (ms): Min: 0.0, Avg: 0.0, Max: 0.1, Diff: 0.1, Sum: 0.2]
         [Termination Attempts: Min: 1, Avg: 1.0, Max: 1, Diff: 0, Sum: 6]
      [GC Worker Other (ms): Min: 0.0, Avg: 0.0, Max: 0.0, Diff: 0.0, Sum: 0.0]
      [GC Worker Total (ms): Min: 4.4, Avg: 4.4, Max: 4.5, Diff: 0.0, Sum: 26.6]
      [GC Worker End (ms): Min: 762.7, Avg: 762.7, Max: 762.7, Diff: 0.0]
   [Code Root Fixup: 0.0 ms]
   [Code Root Purge: 0.0 ms]
   [Clear CT: 0.1 ms]
   [Other: 0.3 ms]
      [Choose CSet: 0.0 ms]
      [Ref Proc: 0.1 ms]
      [Ref Enq: 0.0 ms]
      [Redirty Cards: 0.0 ms]
      [Humongous Register: 0.1 ms]
      [Humongous Reclaim: 0.0 ms]
      [Free CSet: 0.0 ms]
   [Eden: 21.0M(21.0M)->0.0B(21.0M) Survivors: 4096.0K->4096.0K Heap: 417.1M(512.0M)->387.1M(512.0M)]
 [Times: user=0.00 sys=0.00, real=0.01 secs] 
2021-09-25T02:12:12.628+0800: [GC pause (G1 Humongous Allocation) (young) (initial-mark), 0.0010818 secs]
   [Parallel Time: 0.8 ms, GC Workers: 6]
      [GC Worker Start (ms): Min: 763.7, Avg: 763.7, Max: 763.7, Diff: 0.0]
      [Ext Root Scanning (ms): Min: 0.1, Avg: 0.1, Max: 0.1, Diff: 0.0, Sum: 0.8]
      [Update RS (ms): Min: 0.1, Avg: 0.2, Max: 0.6, Diff: 0.5, Sum: 1.3]
         [Processed Buffers: Min: 1, Avg: 1.3, Max: 2, Diff: 1, Sum: 8]
      [Scan RS (ms): Min: 0.0, Avg: 0.0, Max: 0.0, Diff: 0.0, Sum: 0.0]
      [Code Root Scanning (ms): Min: 0.0, Avg: 0.0, Max: 0.0, Diff: 0.0, Sum: 0.0]
      [Object Copy (ms): Min: 0.0, Avg: 0.4, Max: 0.6, Diff: 0.6, Sum: 2.6]
      [Termination (ms): Min: 0.0, Avg: 0.0, Max: 0.0, Diff: 0.0, Sum: 0.1]
         [Termination Attempts: Min: 1, Avg: 1.0, Max: 1, Diff: 0, Sum: 6]
      [GC Worker Other (ms): Min: 0.0, Avg: 0.0, Max: 0.0, Diff: 0.0, Sum: 0.0]
      [GC Worker Total (ms): Min: 0.8, Avg: 0.8, Max: 0.8, Diff: 0.0, Sum: 4.8]
      [GC Worker End (ms): Min: 764.5, Avg: 764.5, Max: 764.5, Diff: 0.0]
   [Code Root Fixup: 0.0 ms]
   [Code Root Purge: 0.0 ms]
   [Clear CT: 0.0 ms]
   [Other: 0.2 ms]
      [Choose CSet: 0.0 ms]
      [Ref Proc: 0.0 ms]
      [Ref Enq: 0.0 ms]
      [Redirty Cards: 0.0 ms]
      [Humongous Register: 0.0 ms]
      [Humongous Reclaim: 0.0 ms]
      [Free CSet: 0.0 ms]
   [Eden: 3072.0K(21.0M)->0.0B(24.0M) Survivors: 4096.0K->1024.0K Heap: 389.4M(512.0M)->387.0M(512.0M)]
 [Times: user=0.00 sys=0.00, real=0.00 secs] 
2021-09-25T02:12:12.629+0800: [GC concurrent-root-region-scan-start]
2021-09-25T02:12:12.629+0800: [GC concurrent-root-region-scan-end, 0.0000510 secs]
2021-09-25T02:12:12.629+0800: [GC concurrent-mark-start]
2021-09-25T02:12:12.631+0800: [GC concurrent-mark-end, 0.0014573 secs]
2021-09-25T02:12:12.631+0800: [GC remark 2021-09-25T02:12:12.631+0800: [Finalize Marking, 0.0000547 secs] 2021-09-25T02:12:12.631+0800: [GC ref-proc, 0.0000552 secs] 2021-09-25T02:12:12.631+0800: [Unloading, 0.0003666 secs], 0.0010372 secs]
 [Times: user=0.00 sys=0.00, real=0.00 secs] 
2021-09-25T02:12:12.632+0800: [GC cleanup 397M->397M(512M), 0.0002877 secs]
 [Times: user=0.00 sys=0.00, real=0.00 secs] 
2021-09-25T02:12:12.636+0800: [GC pause (G1 Evacuation Pause) (young), 0.0019498 secs]
   [Parallel Time: 1.6 ms, GC Workers: 6]
      [GC Worker Start (ms): Min: 771.3, Avg: 771.4, Max: 771.4, Diff: 0.0]
      [Ext Root Scanning (ms): Min: 0.1, Avg: 0.1, Max: 0.1, Diff: 0.0, Sum: 0.8]
      [Update RS (ms): Min: 0.6, Avg: 0.6, Max: 0.6, Diff: 0.0, Sum: 3.4]
         [Processed Buffers: Min: 9, Avg: 10.7, Max: 12, Diff: 3, Sum: 64]
      [Scan RS (ms): Min: 0.0, Avg: 0.0, Max: 0.0, Diff: 0.0, Sum: 0.0]
      [Code Root Scanning (ms): Min: 0.0, Avg: 0.0, Max: 0.0, Diff: 0.0, Sum: 0.0]
      [Object Copy (ms): Min: 0.8, Avg: 0.9, Max: 0.9, Diff: 0.1, Sum: 5.1]
      [Termination (ms): Min: 0.0, Avg: 0.0, Max: 0.1, Diff: 0.1, Sum: 0.3]
         [Termination Attempts: Min: 1, Avg: 1.0, Max: 1, Diff: 0, Sum: 6]
      [GC Worker Other (ms): Min: 0.0, Avg: 0.0, Max: 0.0, Diff: 0.0, Sum: 0.0]
      [GC Worker Total (ms): Min: 1.6, Avg: 1.6, Max: 1.6, Diff: 0.0, Sum: 9.6]
      [GC Worker End (ms): Min: 773.0, Avg: 773.0, Max: 773.0, Diff: 0.0]
   [Code Root Fixup: 0.0 ms]
   [Code Root Purge: 0.0 ms]
   [Clear CT: 0.0 ms]
   [Other: 0.3 ms]
      [Choose CSet: 0.0 ms]
      [Ref Proc: 0.1 ms]
      [Ref Enq: 0.0 ms]
      [Redirty Cards: 0.0 ms]
      [Humongous Register: 0.1 ms]
      [Humongous Reclaim: 0.0 ms]
      [Free CSet: 0.0 ms]
   [Eden: 24.0M(24.0M)->0.0B(21.0M) Survivors: 1024.0K->4096.0K Heap: 418.2M(512.0M)->391.8M(512.0M)]
 [Times: user=0.00 sys=0.00, real=0.00 secs] 
2021-09-25T02:12:12.641+0800: [GC pause (G1 Evacuation Pause) (mixed) (to-space exhausted), 0.0050460 secs]
   [Parallel Time: 4.6 ms, GC Workers: 6]
      [GC Worker Start (ms): Min: 776.5, Avg: 776.5, Max: 776.5, Diff: 0.0]
      [Ext Root Scanning (ms): Min: 0.1, Avg: 0.1, Max: 0.1, Diff: 0.0, Sum: 0.8]
      [Update RS (ms): Min: 0.4, Avg: 0.4, Max: 0.4, Diff: 0.0, Sum: 2.6]
         [Processed Buffers: Min: 8, Avg: 8.5, Max: 9, Diff: 1, Sum: 51]
      [Scan RS (ms): Min: 0.0, Avg: 0.0, Max: 0.1, Diff: 0.1, Sum: 0.2]
      [Code Root Scanning (ms): Min: 0.0, Avg: 0.0, Max: 0.0, Diff: 0.0, Sum: 0.0]
      [Object Copy (ms): Min: 3.9, Avg: 3.9, Max: 3.9, Diff: 0.1, Sum: 23.4]
      [Termination (ms): Min: 0.0, Avg: 0.0, Max: 0.0, Diff: 0.0, Sum: 0.1]
         [Termination Attempts: Min: 1, Avg: 1.0, Max: 1, Diff: 0, Sum: 6]
      [GC Worker Other (ms): Min: 0.0, Avg: 0.0, Max: 0.0, Diff: 0.0, Sum: 0.0]
      [GC Worker Total (ms): Min: 4.5, Avg: 4.5, Max: 4.5, Diff: 0.0, Sum: 27.2]
      [GC Worker End (ms): Min: 781.0, Avg: 781.0, Max: 781.1, Diff: 0.0]
   [Code Root Fixup: 0.0 ms]
   [Code Root Purge: 0.0 ms]
   [Clear CT: 0.1 ms]
   [Other: 0.4 ms]
      [Evacuation Failure: 0.1 ms]
      [Choose CSet: 0.0 ms]
      [Ref Proc: 0.1 ms]
      [Ref Enq: 0.0 ms]
      [Redirty Cards: 0.0 ms]
      [Humongous Register: 0.1 ms]
      [Humongous Reclaim: 0.0 ms]
      [Free CSet: 0.0 ms]
   [Eden: 21.0M(21.0M)->0.0B(21.0M) Survivors: 4096.0K->4096.0K Heap: 418.3M(512.0M)->410.4M(512.0M)]
 [Times: user=0.00 sys=0.00, real=0.00 secs] 
2021-09-25T02:12:12.647+0800: [GC pause (G1 Humongous Allocation) (young) (initial-mark), 0.0009809 secs]
   [Parallel Time: 0.7 ms, GC Workers: 6]
      [GC Worker Start (ms): Min: 782.1, Avg: 782.1, Max: 782.2, Diff: 0.0]
      [Ext Root Scanning (ms): Min: 0.1, Avg: 0.1, Max: 0.1, Diff: 0.0, Sum: 0.8]
      [Update RS (ms): Min: 0.1, Avg: 0.1, Max: 0.4, Diff: 0.3, Sum: 0.7]
         [Processed Buffers: Min: 1, Avg: 2.2, Max: 8, Diff: 7, Sum: 13]
      [Scan RS (ms): Min: 0.0, Avg: 0.0, Max: 0.0, Diff: 0.0, Sum: 0.0]
      [Code Root Scanning (ms): Min: 0.0, Avg: 0.0, Max: 0.0, Diff: 0.0, Sum: 0.0]
      [Object Copy (ms): Min: 0.1, Avg: 0.4, Max: 0.5, Diff: 0.4, Sum: 2.3]
      [Termination (ms): Min: 0.0, Avg: 0.0, Max: 0.1, Diff: 0.1, Sum: 0.3]
         [Termination Attempts: Min: 1, Avg: 1.0, Max: 1, Diff: 0, Sum: 6]
      [GC Worker Other (ms): Min: 0.0, Avg: 0.0, Max: 0.0, Diff: 0.0, Sum: 0.0]
      [GC Worker Total (ms): Min: 0.7, Avg: 0.7, Max: 0.7, Diff: 0.0, Sum: 4.1]
      [GC Worker End (ms): Min: 782.8, Avg: 782.8, Max: 782.8, Diff: 0.0]
   [Code Root Fixup: 0.0 ms]
   [Code Root Purge: 0.0 ms]
   [Clear CT: 0.0 ms]
   [Other: 0.2 ms]
      [Choose CSet: 0.0 ms]
      [Ref Proc: 0.0 ms]
      [Ref Enq: 0.0 ms]
      [Redirty Cards: 0.0 ms]
      [Humongous Register: 0.1 ms]
      [Humongous Reclaim: 0.0 ms]
      [Free CSet: 0.0 ms]
   [Eden: 3072.0K(21.0M)->0.0B(24.0M) Survivors: 4096.0K->1024.0K Heap: 412.8M(512.0M)->410.2M(512.0M)]
 [Times: user=0.01 sys=0.00, real=0.00 secs] 
2021-09-25T02:12:12.648+0800: [GC concurrent-root-region-scan-start]
2021-09-25T02:12:12.648+0800: [GC concurrent-root-region-scan-end, 0.0000919 secs]
2021-09-25T02:12:12.648+0800: [GC concurrent-mark-start]
2021-09-25T02:12:12.649+0800: [GC concurrent-mark-end, 0.0012111 secs]
2021-09-25T02:12:12.649+0800: [GC remark 2021-09-25T02:12:12.649+0800: [Finalize Marking, 0.0000537 secs] 2021-09-25T02:12:12.649+0800: [GC ref-proc, 0.0000542 secs] 2021-09-25T02:12:12.649+0800: [Unloading, 0.0003796 secs], 0.0009420 secs]
 [Times: user=0.00 sys=0.00, real=0.00 secs] 
2021-09-25T02:12:12.650+0800: [GC cleanup 420M->419M(512M), 0.0002616 secs]
 [Times: user=0.00 sys=0.00, real=0.00 secs] 
2021-09-25T02:12:12.650+0800: [GC concurrent-cleanup-start]
2021-09-25T02:12:12.650+0800: [GC concurrent-cleanup-end, 0.0000171 secs]
2021-09-25T02:12:12.653+0800: [GC pause (G1 Evacuation Pause) (young) (to-space exhausted), 0.0018816 secs]
   [Parallel Time: 1.5 ms, GC Workers: 6]
      [GC Worker Start (ms): Min: 788.9, Avg: 788.9, Max: 788.9, Diff: 0.0]
      [Ext Root Scanning (ms): Min: 0.1, Avg: 0.1, Max: 0.1, Diff: 0.0, Sum: 0.8]
      [Update RS (ms): Min: 0.5, Avg: 0.5, Max: 0.5, Diff: 0.1, Sum: 3.1]
         [Processed Buffers: Min: 2, Avg: 8.5, Max: 11, Diff: 9, Sum: 51]
      [Scan RS (ms): Min: 0.0, Avg: 0.0, Max: 0.0, Diff: 0.0, Sum: 0.0]
      [Code Root Scanning (ms): Min: 0.0, Avg: 0.0, Max: 0.0, Diff: 0.0, Sum: 0.0]
      [Object Copy (ms): Min: 0.7, Avg: 0.8, Max: 0.8, Diff: 0.1, Sum: 4.7]
      [Termination (ms): Min: 0.0, Avg: 0.0, Max: 0.1, Diff: 0.1, Sum: 0.2]
         [Termination Attempts: Min: 1, Avg: 1.0, Max: 1, Diff: 0, Sum: 6]
      [GC Worker Other (ms): Min: 0.0, Avg: 0.0, Max: 0.0, Diff: 0.0, Sum: 0.0]
      [GC Worker Total (ms): Min: 1.5, Avg: 1.5, Max: 1.5, Diff: 0.0, Sum: 8.8]
      [GC Worker End (ms): Min: 790.3, Avg: 790.3, Max: 790.3, Diff: 0.0]
   [Code Root Fixup: 0.0 ms]
   [Code Root Purge: 0.0 ms]
   [Clear CT: 0.0 ms]
   [Other: 0.3 ms]
      [Evacuation Failure: 0.1 ms]
      [Choose CSet: 0.0 ms]
      [Ref Proc: 0.1 ms]
      [Ref Enq: 0.0 ms]
      [Redirty Cards: 0.0 ms]
      [Humongous Register: 0.1 ms]
      [Humongous Reclaim: 0.0 ms]
      [Free CSet: 0.0 ms]
   [Eden: 24.0M(24.0M)->0.0B(21.0M) Survivors: 1024.0K->4096.0K Heap: 438.7M(512.0M)->421.7M(512.0M)]
 [Times: user=0.00 sys=0.00, real=0.00 secs] 
2021-09-25T02:12:12.658+0800: [GC pause (G1 Evacuation Pause) (mixed) (to-space exhausted), 0.0017601 secs]
   [Parallel Time: 1.3 ms, GC Workers: 6]
      [GC Worker Start (ms): Min: 794.1, Avg: 794.1, Max: 794.1, Diff: 0.0]
      [Ext Root Scanning (ms): Min: 0.1, Avg: 0.1, Max: 0.2, Diff: 0.0, Sum: 0.9]
      [Update RS (ms): Min: 0.2, Avg: 0.2, Max: 0.3, Diff: 0.0, Sum: 1.5]
         [Processed Buffers: Min: 5, Avg: 5.7, Max: 8, Diff: 3, Sum: 34]
      [Scan RS (ms): Min: 0.0, Avg: 0.0, Max: 0.1, Diff: 0.0, Sum: 0.2]
      [Code Root Scanning (ms): Min: 0.0, Avg: 0.0, Max: 0.0, Diff: 0.0, Sum: 0.0]
      [Object Copy (ms): Min: 0.8, Avg: 0.8, Max: 0.8, Diff: 0.0, Sum: 4.6]
      [Termination (ms): Min: 0.0, Avg: 0.0, Max: 0.0, Diff: 0.0, Sum: 0.1]
         [Termination Attempts: Min: 1, Avg: 1.2, Max: 2, Diff: 1, Sum: 7]
      [GC Worker Other (ms): Min: 0.0, Avg: 0.0, Max: 0.0, Diff: 0.0, Sum: 0.0]
      [GC Worker Total (ms): Min: 1.2, Avg: 1.2, Max: 1.2, Diff: 0.0, Sum: 7.4]
      [GC Worker End (ms): Min: 795.3, Avg: 795.3, Max: 795.3, Diff: 0.0]
   [Code Root Fixup: 0.0 ms]
   [Code Root Purge: 0.0 ms]
   [Clear CT: 0.0 ms]
   [Other: 0.4 ms]
      [Evacuation Failure: 0.1 ms]
      [Choose CSet: 0.0 ms]
      [Ref Proc: 0.1 ms]
      [Ref Enq: 0.0 ms]
      [Redirty Cards: 0.1 ms]
      [Humongous Register: 0.1 ms]
      [Humongous Reclaim: 0.0 ms]
      [Free CSet: 0.0 ms]
   [Eden: 21.0M(21.0M)->0.0B(24.0M) Survivors: 4096.0K->1024.0K Heap: 445.2M(512.0M)->433.9M(512.0M)]
 [Times: user=0.00 sys=0.00, real=0.00 secs] 
2021-09-25T02:12:12.663+0800: [GC pause (G1 Evacuation Pause) (mixed) (to-space exhausted), 0.0010836 secs]
   [Parallel Time: 0.7 ms, GC Workers: 6]
      [GC Worker Start (ms): Min: 798.4, Avg: 798.5, Max: 798.6, Diff: 0.2]
      [Ext Root Scanning (ms): Min: 0.0, Avg: 0.1, Max: 0.3, Diff: 0.3, Sum: 0.9]
      [Update RS (ms): Min: 0.3, Avg: 0.4, Max: 0.4, Diff: 0.1, Sum: 2.4]
         [Processed Buffers: Min: 4, Avg: 8.2, Max: 14, Diff: 10, Sum: 49]
      [Scan RS (ms): Min: 0.0, Avg: 0.0, Max: 0.0, Diff: 0.0, Sum: 0.0]
      [Code Root Scanning (ms): Min: 0.0, Avg: 0.0, Max: 0.0, Diff: 0.0, Sum: 0.0]
      [Object Copy (ms): Min: 0.1, Avg: 0.1, Max: 0.1, Diff: 0.0, Sum: 0.5]
      [Termination (ms): Min: 0.0, Avg: 0.0, Max: 0.0, Diff: 0.0, Sum: 0.0]
         [Termination Attempts: Min: 1, Avg: 1.0, Max: 1, Diff: 0, Sum: 6]
      [GC Worker Other (ms): Min: 0.0, Avg: 0.0, Max: 0.0, Diff: 0.0, Sum: 0.0]
      [GC Worker Total (ms): Min: 0.5, Avg: 0.7, Max: 0.7, Diff: 0.2, Sum: 3.9]
      [GC Worker End (ms): Min: 799.1, Avg: 799.1, Max: 799.1, Diff: 0.0]
   [Code Root Fixup: 0.0 ms]
   [Code Root Purge: 0.0 ms]
   [Clear CT: 0.0 ms]
   [Other: 0.3 ms]
      [Evacuation Failure: 0.1 ms]
      [Choose CSet: 0.0 ms]
      [Ref Proc: 0.0 ms]
      [Ref Enq: 0.0 ms]
      [Redirty Cards: 0.0 ms]
      [Humongous Register: 0.1 ms]
      [Humongous Reclaim: 0.0 ms]
      [Free CSet: 0.0 ms]
   [Eden: 12.0M(24.0M)->0.0B(25.0M) Survivors: 1024.0K->0.0B Heap: 449.6M(512.0M)->445.4M(512.0M)]
 [Times: user=0.09 sys=0.00, real=0.00 secs] 
2021-09-25T02:12:12.665+0800: [GC pause (G1 Humongous Allocation) (young) (initial-mark), 0.0006410 secs]
   [Parallel Time: 0.4 ms, GC Workers: 6]
      [GC Worker Start (ms): Min: 800.1, Avg: 800.1, Max: 800.1, Diff: 0.0]
      [Ext Root Scanning (ms): Min: 0.1, Avg: 0.1, Max: 0.1, Diff: 0.0, Sum: 0.8]
      [Update RS (ms): Min: 0.0, Avg: 0.0, Max: 0.0, Diff: 0.0, Sum: 0.2]
         [Processed Buffers: Min: 1, Avg: 3.0, Max: 5, Diff: 4, Sum: 18]
      [Scan RS (ms): Min: 0.0, Avg: 0.0, Max: 0.0, Diff: 0.0, Sum: 0.0]
      [Code Root Scanning (ms): Min: 0.0, Avg: 0.0, Max: 0.0, Diff: 0.0, Sum: 0.0]
      [Object Copy (ms): Min: 0.0, Avg: 0.1, Max: 0.2, Diff: 0.2, Sum: 0.6]
      [Termination (ms): Min: 0.0, Avg: 0.1, Max: 0.2, Diff: 0.2, Sum: 0.4]
         [Termination Attempts: Min: 1, Avg: 1.0, Max: 1, Diff: 0, Sum: 6]
      [GC Worker Other (ms): Min: 0.0, Avg: 0.0, Max: 0.0, Diff: 0.0, Sum: 0.0]
      [GC Worker Total (ms): Min: 0.3, Avg: 0.3, Max: 0.4, Diff: 0.0, Sum: 2.0]
      [GC Worker End (ms): Min: 800.4, Avg: 800.5, Max: 800.5, Diff: 0.0]
   [Code Root Fixup: 0.0 ms]
   [Code Root Purge: 0.0 ms]
   [Clear CT: 0.0 ms]
   [Other: 0.2 ms]
      [Choose CSet: 0.0 ms]
      [Ref Proc: 0.0 ms]
      [Ref Enq: 0.0 ms]
      [Redirty Cards: 0.0 ms]
      [Humongous Register: 0.1 ms]
      [Humongous Reclaim: 0.0 ms]
      [Free CSet: 0.0 ms]
   [Eden: 3072.0K(25.0M)->0.0B(23.0M) Survivors: 0.0B->2048.0K Heap: 448.1M(512.0M)->444.9M(512.0M)]
 [Times: user=0.00 sys=0.00, real=0.00 secs] 
2021-09-25T02:12:12.665+0800: [GC concurrent-root-region-scan-start]
2021-09-25T02:12:12.665+0800: [GC concurrent-root-region-scan-end, 0.0000824 secs]
2021-09-25T02:12:12.665+0800: [GC concurrent-mark-start]
2021-09-25T02:12:12.666+0800: [GC pause (G1 Evacuation Pause) (young) (to-space exhausted), 0.0005958 secs]
   [Parallel Time: 0.3 ms, GC Workers: 6]
      [GC Worker Start (ms): Min: 802.0, Avg: 802.0, Max: 802.0, Diff: 0.0]
      [Ext Root Scanning (ms): Min: 0.1, Avg: 0.1, Max: 0.1, Diff: 0.0, Sum: 0.8]
      [Update RS (ms): Min: 0.2, Avg: 0.2, Max: 0.2, Diff: 0.0, Sum: 1.1]
         [Processed Buffers: Min: 3, Avg: 4.2, Max: 6, Diff: 3, Sum: 25]
      [Scan RS (ms): Min: 0.0, Avg: 0.0, Max: 0.0, Diff: 0.0, Sum: 0.0]
      [Code Root Scanning (ms): Min: 0.0, Avg: 0.0, Max: 0.0, Diff: 0.0, Sum: 0.0]
      [Object Copy (ms): Min: 0.0, Avg: 0.0, Max: 0.0, Diff: 0.0, Sum: 0.0]
      [Termination (ms): Min: 0.0, Avg: 0.0, Max: 0.0, Diff: 0.0, Sum: 0.1]
         [Termination Attempts: Min: 1, Avg: 1.0, Max: 1, Diff: 0, Sum: 6]
      [GC Worker Other (ms): Min: 0.0, Avg: 0.0, Max: 0.0, Diff: 0.0, Sum: 0.0]
      [GC Worker Total (ms): Min: 0.3, Avg: 0.3, Max: 0.3, Diff: 0.0, Sum: 1.9]
      [GC Worker End (ms): Min: 802.3, Avg: 802.3, Max: 802.3, Diff: 0.0]
   [Code Root Fixup: 0.0 ms]
   [Code Root Purge: 0.0 ms]
   [Clear CT: 0.0 ms]
   [Other: 0.2 ms]
      [Evacuation Failure: 0.0 ms]
      [Choose CSet: 0.0 ms]
      [Ref Proc: 0.0 ms]
      [Ref Enq: 0.0 ms]
      [Redirty Cards: 0.0 ms]
      [Humongous Register: 0.0 ms]
      [Humongous Reclaim: 0.0 ms]
      [Free CSet: 0.0 ms]
   [Eden: 4096.0K(23.0M)->0.0B(25.0M) Survivors: 2048.0K->0.0B Heap: 451.0M(512.0M)->448.9M(512.0M)]
 [Times: user=0.00 sys=0.00, real=0.00 secs] 
2021-09-25T02:12:12.668+0800: [GC concurrent-mark-end, 0.0020580 secs]
2021-09-25T02:12:12.668+0800: [GC remark 2021-09-25T02:12:12.668+0800: [Finalize Marking, 0.0000487 secs] 2021-09-25T02:12:12.668+0800: [GC ref-proc, 0.0000563 secs] 2021-09-25T02:12:12.668+0800: [Unloading, 0.0003572 secs], 0.0009182 secs]
 [Times: user=0.00 sys=0.00, real=0.00 secs] 
2021-09-25T02:12:12.669+0800: [GC cleanup 451M->451M(512M), 0.0002629 secs]
 [Times: user=0.00 sys=0.00, real=0.00 secs] 
2021-09-25T02:12:12.669+0800: [GC pause (G1 Humongous Allocation) (young) (to-space exhausted), 0.0004861 secs]
   [Parallel Time: 0.2 ms, GC Workers: 6]
      [GC Worker Start (ms): Min: 804.5, Avg: 804.6, Max: 804.6, Diff: 0.0]
      [Ext Root Scanning (ms): Min: 0.1, Avg: 0.1, Max: 0.1, Diff: 0.0, Sum: 0.7]
      [Update RS (ms): Min: 0.0, Avg: 0.0, Max: 0.1, Diff: 0.1, Sum: 0.2]
         [Processed Buffers: Min: 1, Avg: 2.0, Max: 3, Diff: 2, Sum: 12]
      [Scan RS (ms): Min: 0.0, Avg: 0.0, Max: 0.0, Diff: 0.0, Sum: 0.0]
      [Code Root Scanning (ms): Min: 0.0, Avg: 0.0, Max: 0.0, Diff: 0.0, Sum: 0.0]
      [Object Copy (ms): Min: 0.0, Avg: 0.0, Max: 0.0, Diff: 0.0, Sum: 0.0]
      [Termination (ms): Min: 0.0, Avg: 0.0, Max: 0.1, Diff: 0.1, Sum: 0.3]
         [Termination Attempts: Min: 1, Avg: 1.5, Max: 2, Diff: 1, Sum: 9]
      [GC Worker Other (ms): Min: 0.0, Avg: 0.0, Max: 0.0, Diff: 0.0, Sum: 0.0]
      [GC Worker Total (ms): Min: 0.2, Avg: 0.2, Max: 0.2, Diff: 0.0, Sum: 1.2]
      [GC Worker End (ms): Min: 804.8, Avg: 804.8, Max: 804.8, Diff: 0.0]
   [Code Root Fixup: 0.0 ms]
   [Code Root Purge: 0.0 ms]
   [Clear CT: 0.0 ms]
   [Other: 0.2 ms]
      [Evacuation Failure: 0.0 ms]
      [Choose CSet: 0.0 ms]
      [Ref Proc: 0.0 ms]
      [Ref Enq: 0.0 ms]
      [Redirty Cards: 0.0 ms]
      [Humongous Register: 0.1 ms]
      [Humongous Reclaim: 0.0 ms]
      [Free CSet: 0.0 ms]
   [Eden: 3072.0K(25.0M)->0.0B(25.0M) Survivors: 0.0B->0.0B Heap: 451.7M(512.0M)->450.9M(512.0M)]
 [Times: user=0.00 sys=0.00, real=0.00 secs] 
2021-09-25T02:12:12.670+0800: [GC pause (G1 Evacuation Pause) (mixed) (to-space exhausted), 0.0006185 secs]
   [Parallel Time: 0.3 ms, GC Workers: 6]
      [GC Worker Start (ms): Min: 805.3, Avg: 805.3, Max: 805.3, Diff: 0.0]
      [Ext Root Scanning (ms): Min: 0.1, Avg: 0.1, Max: 0.1, Diff: 0.0, Sum: 0.7]
      [Update RS (ms): Min: 0.1, Avg: 0.1, Max: 0.1, Diff: 0.0, Sum: 0.4]
         [Processed Buffers: Min: 2, Avg: 2.7, Max: 4, Diff: 2, Sum: 16]
      [Scan RS (ms): Min: 0.0, Avg: 0.0, Max: 0.0, Diff: 0.0, Sum: 0.1]
      [Code Root Scanning (ms): Min: 0.0, Avg: 0.0, Max: 0.0, Diff: 0.0, Sum: 0.0]
      [Object Copy (ms): Min: 0.1, Avg: 0.1, Max: 0.1, Diff: 0.0, Sum: 0.4]
      [Termination (ms): Min: 0.0, Avg: 0.0, Max: 0.0, Diff: 0.0, Sum: 0.0]
         [Termination Attempts: Min: 1, Avg: 1.2, Max: 2, Diff: 1, Sum: 7]
      [GC Worker Other (ms): Min: 0.0, Avg: 0.0, Max: 0.0, Diff: 0.0, Sum: 0.0]
      [GC Worker Total (ms): Min: 0.3, Avg: 0.3, Max: 0.3, Diff: 0.0, Sum: 1.7]
      [GC Worker End (ms): Min: 805.6, Avg: 805.6, Max: 805.6, Diff: 0.0]
   [Code Root Fixup: 0.0 ms]
   [Code Root Purge: 0.0 ms]
   [Clear CT: 0.0 ms]
   [Other: 0.3 ms]
      [Evacuation Failure: 0.1 ms]
      [Choose CSet: 0.0 ms]
      [Ref Proc: 0.0 ms]
      [Ref Enq: 0.0 ms]
      [Redirty Cards: 0.0 ms]
      [Humongous Register: 0.0 ms]
      [Humongous Reclaim: 0.0 ms]
      [Free CSet: 0.0 ms]
   [Eden: 0.0B(25.0M)->0.0B(25.0M) Survivors: 0.0B->0.0B Heap: 451.6M(512.0M)->450.9M(512.0M)]
 [Times: user=0.00 sys=0.00, real=0.00 secs] 
2021-09-25T02:12:12.671+0800: [GC pause (G1 Humongous Allocation) (mixed) (to-space exhausted), 0.0006651 secs]
   [Parallel Time: 0.4 ms, GC Workers: 6]
      [GC Worker Start (ms): Min: 806.1, Avg: 806.1, Max: 806.1, Diff: 0.0]
      [Ext Root Scanning (ms): Min: 0.1, Avg: 0.1, Max: 0.1, Diff: 0.0, Sum: 0.7]
      [Update RS (ms): Min: 0.0, Avg: 0.0, Max: 0.0, Diff: 0.0, Sum: 0.2]
         [Processed Buffers: Min: 1, Avg: 3.0, Max: 6, Diff: 5, Sum: 18]
      [Scan RS (ms): Min: 0.0, Avg: 0.0, Max: 0.0, Diff: 0.0, Sum: 0.2]
      [Code Root Scanning (ms): Min: 0.0, Avg: 0.0, Max: 0.0, Diff: 0.0, Sum: 0.0]
      [Object Copy (ms): Min: 0.2, Avg: 0.2, Max: 0.2, Diff: 0.0, Sum: 1.0]
      [Termination (ms): Min: 0.0, Avg: 0.0, Max: 0.0, Diff: 0.0, Sum: 0.0]
         [Termination Attempts: Min: 1, Avg: 1.0, Max: 1, Diff: 0, Sum: 6]
      [GC Worker Other (ms): Min: 0.0, Avg: 0.0, Max: 0.0, Diff: 0.0, Sum: 0.0]
      [GC Worker Total (ms): Min: 0.3, Avg: 0.4, Max: 0.4, Diff: 0.0, Sum: 2.1]
      [GC Worker End (ms): Min: 806.5, Avg: 806.5, Max: 806.5, Diff: 0.0]
   [Code Root Fixup: 0.0 ms]
   [Code Root Purge: 0.0 ms]
   [Clear CT: 0.0 ms]
   [Other: 0.2 ms]
      [Evacuation Failure: 0.1 ms]
      [Choose CSet: 0.0 ms]
      [Ref Proc: 0.0 ms]
      [Ref Enq: 0.0 ms]
      [Redirty Cards: 0.0 ms]
      [Humongous Register: 0.0 ms]
      [Humongous Reclaim: 0.0 ms]
      [Free CSet: 0.0 ms]
   [Eden: 1024.0K(25.0M)->0.0B(25.0M) Survivors: 0.0B->0.0B Heap: 451.4M(512.0M)->451.4M(512.0M)]
 [Times: user=0.00 sys=0.00, real=0.00 secs] 
2021-09-25T02:12:12.671+0800: [Full GC (Allocation Failure)  451M->332M(512M), 0.0371606 secs]
   [Eden: 0.0B(25.0M)->0.0B(32.0M) Survivors: 0.0B->0.0B Heap: 451.4M(512.0M)->332.0M(512.0M)], [Metaspace: 2844K->2844K(1056768K)]
 [Times: user=0.03 sys=0.00, real=0.04 secs] 
2021-09-25T02:12:12.709+0800: [GC pause (G1 Humongous Allocation) (young) (initial-mark), 0.0005131 secs]
   [Parallel Time: 0.3 ms, GC Workers: 6]
      [GC Worker Start (ms): Min: 844.3, Avg: 844.3, Max: 844.3, Diff: 0.0]
      [Ext Root Scanning (ms): Min: 0.1, Avg: 0.1, Max: 0.1, Diff: 0.0, Sum: 0.8]
      [Update RS (ms): Min: 0.0, Avg: 0.1, Max: 0.1, Diff: 0.1, Sum: 0.4]
         [Processed Buffers: Min: 1, Avg: 1.3, Max: 2, Diff: 1, Sum: 8]
      [Scan RS (ms): Min: 0.0, Avg: 0.0, Max: 0.0, Diff: 0.0, Sum: 0.0]
      [Code Root Scanning (ms): Min: 0.0, Avg: 0.0, Max: 0.0, Diff: 0.0, Sum: 0.0]
      [Object Copy (ms): Min: 0.0, Avg: 0.0, Max: 0.0, Diff: 0.0, Sum: 0.0]
      [Termination (ms): Min: 0.0, Avg: 0.1, Max: 0.1, Diff: 0.1, Sum: 0.4]
         [Termination Attempts: Min: 1, Avg: 1.0, Max: 1, Diff: 0, Sum: 6]
      [GC Worker Other (ms): Min: 0.0, Avg: 0.0, Max: 0.0, Diff: 0.0, Sum: 0.0]
      [GC Worker Total (ms): Min: 0.3, Avg: 0.3, Max: 0.3, Diff: 0.0, Sum: 1.6]
      [GC Worker End (ms): Min: 844.6, Avg: 844.6, Max: 844.6, Diff: 0.0]
   [Code Root Fixup: 0.0 ms]
   [Code Root Purge: 0.0 ms]
   [Clear CT: 0.0 ms]
   [Other: 0.2 ms]
      [Choose CSet: 0.0 ms]
      [Ref Proc: 0.0 ms]
      [Ref Enq: 0.0 ms]
      [Redirty Cards: 0.0 ms]
      [Humongous Register: 0.0 ms]
      [Humongous Reclaim: 0.0 ms]
      [Free CSet: 0.0 ms]
   [Eden: 0.0B(32.0M)->0.0B(31.0M) Survivors: 0.0B->0.0B Heap: 332.6M(512.0M)->332.6M(512.0M)]
 [Times: user=0.00 sys=0.00, real=0.00 secs] 
2021-09-25T02:12:12.710+0800: [GC concurrent-root-region-scan-start]
2021-09-25T02:12:12.710+0800: [GC concurrent-root-region-scan-end, 0.0000238 secs]
2021-09-25T02:12:12.710+0800: [GC concurrent-mark-start]
2021-09-25T02:12:12.711+0800: [GC concurrent-mark-end, 0.0015658 secs]
2021-09-25T02:12:12.711+0800: [GC remark 2021-09-25T02:12:12.711+0800: [Finalize Marking, 0.0000967 secs] 2021-09-25T02:12:12.711+0800: [GC ref-proc, 0.0000577 secs] 2021-09-25T02:12:12.711+0800: [Unloading, 0.0004585 secs], 0.0012306 secs]
 [Times: user=0.00 sys=0.00, real=0.00 secs] 
2021-09-25T02:12:12.713+0800: [GC cleanup 342M->342M(512M), 0.0004051 secs]
 [Times: user=0.00 sys=0.00, real=0.00 secs] 
2021-09-25T02:12:12.717+0800: [GC pause (G1 Evacuation Pause) (young), 0.0024598 secs]
   [Parallel Time: 2.1 ms, GC Workers: 6]
      [GC Worker Start (ms): Min: 852.9, Avg: 852.9, Max: 852.9, Diff: 0.0]
      [Ext Root Scanning (ms): Min: 0.1, Avg: 0.1, Max: 0.1, Diff: 0.0, Sum: 0.8]
      [Update RS (ms): Min: 0.8, Avg: 0.8, Max: 0.8, Diff: 0.0, Sum: 4.8]
         [Processed Buffers: Min: 12, Avg: 14.7, Max: 17, Diff: 5, Sum: 88]
      [Scan RS (ms): Min: 0.0, Avg: 0.0, Max: 0.0, Diff: 0.0, Sum: 0.0]
      [Code Root Scanning (ms): Min: 0.0, Avg: 0.0, Max: 0.0, Diff: 0.0, Sum: 0.0]
      [Object Copy (ms): Min: 1.0, Avg: 1.0, Max: 1.1, Diff: 0.1, Sum: 6.3]
      [Termination (ms): Min: 0.0, Avg: 0.1, Max: 0.1, Diff: 0.1, Sum: 0.3]
         [Termination Attempts: Min: 1, Avg: 1.0, Max: 1, Diff: 0, Sum: 6]
      [GC Worker Other (ms): Min: 0.0, Avg: 0.0, Max: 0.0, Diff: 0.0, Sum: 0.0]
      [GC Worker Total (ms): Min: 2.0, Avg: 2.1, Max: 2.1, Diff: 0.0, Sum: 12.3]
      [GC Worker End (ms): Min: 855.0, Avg: 855.0, Max: 855.0, Diff: 0.0]
   [Code Root Fixup: 0.0 ms]
   [Code Root Purge: 0.0 ms]
   [Clear CT: 0.0 ms]
   [Other: 0.3 ms]
      [Choose CSet: 0.0 ms]
      [Ref Proc: 0.0 ms]
      [Ref Enq: 0.0 ms]
      [Redirty Cards: 0.0 ms]
      [Humongous Register: 0.1 ms]
      [Humongous Reclaim: 0.0 ms]
      [Free CSet: 0.0 ms]
   [Eden: 31.0M(31.0M)->0.0B(22.0M) Survivors: 0.0B->4096.0K Heap: 374.3M(512.0M)->341.7M(512.0M)]
 [Times: user=0.00 sys=0.00, real=0.00 secs] 
2021-09-25T02:12:12.720+0800: [GC pause (G1 Humongous Allocation) (young) (initial-mark), 0.0009457 secs]
   [Parallel Time: 0.7 ms, GC Workers: 6]
      [GC Worker Start (ms): Min: 855.8, Avg: 855.8, Max: 855.9, Diff: 0.0]
      [Ext Root Scanning (ms): Min: 0.1, Avg: 0.1, Max: 0.1, Diff: 0.0, Sum: 0.8]
      [Update RS (ms): Min: 0.0, Avg: 0.0, Max: 0.1, Diff: 0.0, Sum: 0.2]
         [Processed Buffers: Min: 1, Avg: 1.3, Max: 2, Diff: 1, Sum: 8]
      [Scan RS (ms): Min: 0.0, Avg: 0.0, Max: 0.0, Diff: 0.0, Sum: 0.0]
      [Code Root Scanning (ms): Min: 0.0, Avg: 0.0, Max: 0.0, Diff: 0.0, Sum: 0.0]
      [Object Copy (ms): Min: 0.4, Avg: 0.5, Max: 0.5, Diff: 0.1, Sum: 2.8]
      [Termination (ms): Min: 0.0, Avg: 0.0, Max: 0.1, Diff: 0.1, Sum: 0.3]
         [Termination Attempts: Min: 1, Avg: 1.0, Max: 1, Diff: 0, Sum: 6]
      [GC Worker Other (ms): Min: 0.0, Avg: 0.0, Max: 0.0, Diff: 0.0, Sum: 0.0]
      [GC Worker Total (ms): Min: 0.7, Avg: 0.7, Max: 0.7, Diff: 0.0, Sum: 4.0]
      [GC Worker End (ms): Min: 856.5, Avg: 856.5, Max: 856.5, Diff: 0.0]
   [Code Root Fixup: 0.0 ms]
   [Code Root Purge: 0.0 ms]
   [Clear CT: 0.0 ms]
   [Other: 0.2 ms]
      [Choose CSet: 0.0 ms]
      [Ref Proc: 0.0 ms]
      [Ref Enq: 0.0 ms]
      [Redirty Cards: 0.0 ms]
      [Humongous Register: 0.1 ms]
      [Humongous Reclaim: 0.0 ms]
      [Free CSet: 0.0 ms]
   [Eden: 3072.0K(22.0M)->0.0B(24.0M) Survivors: 4096.0K->1024.0K Heap: 343.9M(512.0M)->341.5M(512.0M)]
 [Times: user=0.00 sys=0.00, real=0.00 secs] 
2021-09-25T02:12:12.722+0800: [GC concurrent-root-region-scan-start]
2021-09-25T02:12:12.722+0800: [GC concurrent-root-region-scan-end, 0.0000867 secs]
2021-09-25T02:12:12.722+0800: [GC concurrent-mark-start]
2021-09-25T02:12:12.723+0800: [GC concurrent-mark-end, 0.0013746 secs]
2021-09-25T02:12:12.723+0800: [GC remark 2021-09-25T02:12:12.723+0800: [Finalize Marking, 0.0000441 secs] 2021-09-25T02:12:12.723+0800: [GC ref-proc, 0.0000546 secs] 2021-09-25T02:12:12.723+0800: [Unloading, 0.0003788 secs], 0.0009311 secs]
 [Times: user=0.00 sys=0.00, real=0.00 secs] 
2021-09-25T02:12:12.724+0800: [GC cleanup 353M->353M(512M), 0.0003001 secs]
 [Times: user=0.00 sys=0.00, real=0.00 secs] 
2021-09-25T02:12:12.728+0800: [GC pause (G1 Evacuation Pause) (young), 0.0021468 secs]
   [Parallel Time: 1.8 ms, GC Workers: 6]
      [GC Worker Start (ms): Min: 863.1, Avg: 863.2, Max: 863.2, Diff: 0.0]
      [Ext Root Scanning (ms): Min: 0.1, Avg: 0.1, Max: 0.1, Diff: 0.0, Sum: 0.8]
      [Update RS (ms): Min: 0.6, Avg: 0.6, Max: 0.6, Diff: 0.0, Sum: 3.6]
         [Processed Buffers: Min: 11, Avg: 11.7, Max: 13, Diff: 2, Sum: 70]
      [Scan RS (ms): Min: 0.0, Avg: 0.0, Max: 0.0, Diff: 0.0, Sum: 0.0]
      [Code Root Scanning (ms): Min: 0.0, Avg: 0.0, Max: 0.0, Diff: 0.0, Sum: 0.0]
      [Object Copy (ms): Min: 1.0, Avg: 1.0, Max: 1.1, Diff: 0.1, Sum: 6.1]
      [Termination (ms): Min: 0.0, Avg: 0.0, Max: 0.1, Diff: 0.1, Sum: 0.3]
         [Termination Attempts: Min: 1, Avg: 1.0, Max: 1, Diff: 0, Sum: 6]
      [GC Worker Other (ms): Min: 0.0, Avg: 0.0, Max: 0.0, Diff: 0.0, Sum: 0.0]
      [GC Worker Total (ms): Min: 1.8, Avg: 1.8, Max: 1.8, Diff: 0.0, Sum: 10.9]
      [GC Worker End (ms): Min: 865.0, Avg: 865.0, Max: 865.0, Diff: 0.0]
   [Code Root Fixup: 0.0 ms]
   [Code Root Purge: 0.0 ms]
   [Clear CT: 0.0 ms]
   [Other: 0.3 ms]
      [Choose CSet: 0.0 ms]
      [Ref Proc: 0.1 ms]
      [Ref Enq: 0.0 ms]
      [Redirty Cards: 0.0 ms]
      [Humongous Register: 0.1 ms]
      [Humongous Reclaim: 0.0 ms]
      [Free CSet: 0.0 ms]
   [Eden: 24.0M(24.0M)->0.0B(21.0M) Survivors: 1024.0K->4096.0K Heap: 373.3M(512.0M)->349.6M(512.0M)]
 [Times: user=0.00 sys=0.00, real=0.00 secs] 
2021-09-25T02:12:12.734+0800: [GC pause (G1 Evacuation Pause) (mixed), 0.0029766 secs]
   [Parallel Time: 2.7 ms, GC Workers: 6]
      [GC Worker Start (ms): Min: 869.0, Avg: 869.0, Max: 869.1, Diff: 0.0]
      [Ext Root Scanning (ms): Min: 0.1, Avg: 0.1, Max: 0.2, Diff: 0.0, Sum: 0.8]
      [Update RS (ms): Min: 0.9, Avg: 0.9, Max: 0.9, Diff: 0.0, Sum: 5.2]
         [Processed Buffers: Min: 15, Avg: 16.0, Max: 17, Diff: 2, Sum: 96]
      [Scan RS (ms): Min: 0.0, Avg: 0.0, Max: 0.0, Diff: 0.0, Sum: 0.0]
      [Code Root Scanning (ms): Min: 0.0, Avg: 0.0, Max: 0.0, Diff: 0.0, Sum: 0.0]
      [Object Copy (ms): Min: 1.5, Avg: 1.6, Max: 1.6, Diff: 0.1, Sum: 9.5]
      [Termination (ms): Min: 0.0, Avg: 0.0, Max: 0.1, Diff: 0.1, Sum: 0.2]
         [Termination Attempts: Min: 1, Avg: 1.0, Max: 1, Diff: 0, Sum: 6]
      [GC Worker Other (ms): Min: 0.0, Avg: 0.0, Max: 0.0, Diff: 0.0, Sum: 0.0]
      [GC Worker Total (ms): Min: 2.6, Avg: 2.6, Max: 2.7, Diff: 0.0, Sum: 15.8]
      [GC Worker End (ms): Min: 871.7, Avg: 871.7, Max: 871.7, Diff: 0.0]
   [Code Root Fixup: 0.0 ms]
   [Code Root Purge: 0.0 ms]
   [Clear CT: 0.0 ms]
   [Other: 0.3 ms]
      [Choose CSet: 0.0 ms]
      [Ref Proc: 0.0 ms]
      [Ref Enq: 0.0 ms]
      [Redirty Cards: 0.0 ms]
      [Humongous Register: 0.1 ms]
      [Humongous Reclaim: 0.0 ms]
      [Free CSet: 0.0 ms]
   [Eden: 21.0M(21.0M)->0.0B(21.0M) Survivors: 4096.0K->4096.0K Heap: 381.7M(512.0M)->354.2M(512.0M)]
 [Times: user=0.00 sys=0.00, real=0.00 secs] 
2021-09-25T02:12:12.738+0800: [GC pause (G1 Humongous Allocation) (young) (initial-mark), 0.0013994 secs]
   [Parallel Time: 1.1 ms, GC Workers: 6]
      [GC Worker Start (ms): Min: 873.3, Avg: 873.3, Max: 873.3, Diff: 0.0]
      [Ext Root Scanning (ms): Min: 0.1, Avg: 0.1, Max: 0.1, Diff: 0.0, Sum: 0.8]
      [Update RS (ms): Min: 0.0, Avg: 0.0, Max: 0.1, Diff: 0.0, Sum: 0.2]
         [Processed Buffers: Min: 1, Avg: 1.2, Max: 2, Diff: 1, Sum: 7]
      [Scan RS (ms): Min: 0.0, Avg: 0.0, Max: 0.0, Diff: 0.0, Sum: 0.0]
      [Code Root Scanning (ms): Min: 0.0, Avg: 0.0, Max: 0.0, Diff: 0.0, Sum: 0.0]
      [Object Copy (ms): Min: 0.8, Avg: 0.9, Max: 0.9, Diff: 0.1, Sum: 5.3]
      [Termination (ms): Min: 0.0, Avg: 0.0, Max: 0.1, Diff: 0.1, Sum: 0.3]
         [Termination Attempts: Min: 1, Avg: 1.0, Max: 1, Diff: 0, Sum: 6]
      [GC Worker Other (ms): Min: 0.0, Avg: 0.0, Max: 0.0, Diff: 0.0, Sum: 0.0]
      [GC Worker Total (ms): Min: 1.1, Avg: 1.1, Max: 1.1, Diff: 0.0, Sum: 6.6]
      [GC Worker End (ms): Min: 874.4, Avg: 874.4, Max: 874.4, Diff: 0.0]
   [Code Root Fixup: 0.0 ms]
   [Code Root Purge: 0.0 ms]
   [Clear CT: 0.0 ms]
   [Other: 0.2 ms]
      [Choose CSet: 0.0 ms]
      [Ref Proc: 0.1 ms]
      [Ref Enq: 0.0 ms]
      [Redirty Cards: 0.0 ms]
      [Humongous Register: 0.1 ms]
      [Humongous Reclaim: 0.0 ms]
      [Free CSet: 0.0 ms]
   [Eden: 8192.0K(21.0M)->0.0B(22.0M) Survivors: 4096.0K->3072.0K Heap: 361.7M(512.0M)->356.6M(512.0M)]
 [Times: user=0.00 sys=0.00, real=0.00 secs] 
2021-09-25T02:12:12.740+0800: [GC concurrent-root-region-scan-start]
2021-09-25T02:12:12.740+0800: [GC concurrent-root-region-scan-end, 0.0000942 secs]
2021-09-25T02:12:12.740+0800: [GC concurrent-mark-start]
2021-09-25T02:12:12.741+0800: [GC concurrent-mark-end, 0.0015053 secs]
2021-09-25T02:12:12.741+0800: [GC remark 2021-09-25T02:12:12.741+0800: [Finalize Marking, 0.0000452 secs] 2021-09-25T02:12:12.741+0800: [GC ref-proc, 0.0000547 secs] 2021-09-25T02:12:12.741+0800: [Unloading, 0.0003919 secs], 0.0009530 secs]
 [Times: user=0.09 sys=0.00, real=0.00 secs] 
2021-09-25T02:12:12.742+0800: [GC cleanup 372M->372M(512M), 0.0002753 secs]
 [Times: user=0.00 sys=0.00, real=0.00 secs] 
2021-09-25T02:12:12.745+0800: [GC pause (G1 Evacuation Pause) (young), 0.0023812 secs]
   [Parallel Time: 2.1 ms, GC Workers: 6]
      [GC Worker Start (ms): Min: 879.9, Avg: 880.0, Max: 880.0, Diff: 0.0]
      [Ext Root Scanning (ms): Min: 0.1, Avg: 0.1, Max: 0.1, Diff: 0.0, Sum: 0.8]
      [Update RS (ms): Min: 0.5, Avg: 0.5, Max: 0.5, Diff: 0.0, Sum: 3.1]
         [Processed Buffers: Min: 9, Avg: 9.7, Max: 10, Diff: 1, Sum: 58]
      [Scan RS (ms): Min: 0.0, Avg: 0.0, Max: 0.0, Diff: 0.0, Sum: 0.0]
      [Code Root Scanning (ms): Min: 0.0, Avg: 0.0, Max: 0.0, Diff: 0.0, Sum: 0.0]
      [Object Copy (ms): Min: 1.3, Avg: 1.3, Max: 1.4, Diff: 0.1, Sum: 8.0]
      [Termination (ms): Min: 0.0, Avg: 0.0, Max: 0.1, Diff: 0.1, Sum: 0.2]
         [Termination Attempts: Min: 1, Avg: 1.0, Max: 1, Diff: 0, Sum: 6]
      [GC Worker Other (ms): Min: 0.0, Avg: 0.0, Max: 0.0, Diff: 0.0, Sum: 0.0]
      [GC Worker Total (ms): Min: 2.0, Avg: 2.0, Max: 2.0, Diff: 0.0, Sum: 12.1]
      [GC Worker End (ms): Min: 882.0, Avg: 882.0, Max: 882.0, Diff: 0.0]
   [Code Root Fixup: 0.0 ms]
   [Code Root Purge: 0.0 ms]
   [Clear CT: 0.0 ms]
   [Other: 0.3 ms]
      [Choose CSet: 0.0 ms]
      [Ref Proc: 0.0 ms]
      [Ref Enq: 0.0 ms]
      [Redirty Cards: 0.0 ms]
      [Humongous Register: 0.1 ms]
      [Humongous Reclaim: 0.0 ms]
      [Free CSet: 0.0 ms]
   [Eden: 22.0M(22.0M)->0.0B(21.0M) Survivors: 3072.0K->4096.0K Heap: 384.9M(512.0M)->364.3M(512.0M)]
 [Times: user=0.00 sys=0.00, real=0.00 secs] 
2021-09-25T02:12:12.751+0800: [GC pause (G1 Evacuation Pause) (mixed) (to-space exhausted), 0.0044719 secs]
   [Parallel Time: 4.0 ms, GC Workers: 6]
      [GC Worker Start (ms): Min: 885.9, Avg: 885.9, Max: 885.9, Diff: 0.0]
      [Ext Root Scanning (ms): Min: 0.1, Avg: 0.1, Max: 0.2, Diff: 0.0, Sum: 0.8]
      [Update RS (ms): Min: 0.7, Avg: 0.7, Max: 0.7, Diff: 0.0, Sum: 4.2]
         [Processed Buffers: Min: 12, Avg: 13.0, Max: 14, Diff: 2, Sum: 78]
      [Scan RS (ms): Min: 0.0, Avg: 0.0, Max: 0.0, Diff: 0.0, Sum: 0.1]
      [Code Root Scanning (ms): Min: 0.0, Avg: 0.0, Max: 0.0, Diff: 0.0, Sum: 0.0]
      [Object Copy (ms): Min: 3.1, Avg: 3.1, Max: 3.1, Diff: 0.0, Sum: 18.7]
      [Termination (ms): Min: 0.0, Avg: 0.0, Max: 0.0, Diff: 0.0, Sum: 0.1]
         [Termination Attempts: Min: 1, Avg: 1.2, Max: 2, Diff: 1, Sum: 7]
      [GC Worker Other (ms): Min: 0.0, Avg: 0.0, Max: 0.0, Diff: 0.0, Sum: 0.0]
      [GC Worker Total (ms): Min: 4.0, Avg: 4.0, Max: 4.0, Diff: 0.0, Sum: 24.0]
      [GC Worker End (ms): Min: 889.9, Avg: 889.9, Max: 889.9, Diff: 0.0]
   [Code Root Fixup: 0.0 ms]
   [Code Root Purge: 0.0 ms]
   [Clear CT: 0.0 ms]
   [Other: 0.4 ms]
      [Evacuation Failure: 0.1 ms]
      [Choose CSet: 0.0 ms]
      [Ref Proc: 0.1 ms]
      [Ref Enq: 0.0 ms]
      [Redirty Cards: 0.0 ms]
      [Humongous Register: 0.1 ms]
      [Humongous Reclaim: 0.0 ms]
      [Free CSet: 0.0 ms]
   [Eden: 21.0M(21.0M)->0.0B(21.0M) Survivors: 4096.0K->4096.0K Heap: 394.2M(512.0M)->379.5M(512.0M)]
 [Times: user=0.00 sys=0.00, real=0.00 secs] 
2021-09-25T02:12:12.755+0800: [GC pause (G1 Humongous Allocation) (young) (initial-mark), 0.0010143 secs]
   [Parallel Time: 0.8 ms, GC Workers: 6]
      [GC Worker Start (ms): Min: 890.6, Avg: 890.7, Max: 890.7, Diff: 0.0]
      [Ext Root Scanning (ms): Min: 0.1, Avg: 0.1, Max: 0.1, Diff: 0.0, Sum: 0.8]
      [Update RS (ms): Min: 0.0, Avg: 0.1, Max: 0.2, Diff: 0.2, Sum: 0.4]
         [Processed Buffers: Min: 1, Avg: 2.2, Max: 6, Diff: 5, Sum: 13]
      [Scan RS (ms): Min: 0.0, Avg: 0.0, Max: 0.0, Diff: 0.0, Sum: 0.0]
      [Code Root Scanning (ms): Min: 0.0, Avg: 0.0, Max: 0.0, Diff: 0.0, Sum: 0.0]
      [Object Copy (ms): Min: 0.4, Avg: 0.5, Max: 0.5, Diff: 0.2, Sum: 2.9]
      [Termination (ms): Min: 0.0, Avg: 0.0, Max: 0.1, Diff: 0.1, Sum: 0.2]
         [Termination Attempts: Min: 1, Avg: 1.0, Max: 1, Diff: 0, Sum: 6]
      [GC Worker Other (ms): Min: 0.0, Avg: 0.0, Max: 0.0, Diff: 0.0, Sum: 0.0]
      [GC Worker Total (ms): Min: 0.7, Avg: 0.7, Max: 0.7, Diff: 0.0, Sum: 4.4]
      [GC Worker End (ms): Min: 891.4, Avg: 891.4, Max: 891.4, Diff: 0.0]
   [Code Root Fixup: 0.0 ms]
   [Code Root Purge: 0.0 ms]
   [Clear CT: 0.0 ms]
   [Other: 0.2 ms]
      [Choose CSet: 0.0 ms]
      [Ref Proc: 0.0 ms]
      [Ref Enq: 0.0 ms]
      [Redirty Cards: 0.0 ms]
      [Humongous Register: 0.1 ms]
      [Humongous Reclaim: 0.0 ms]
      [Free CSet: 0.0 ms]
   [Eden: 2048.0K(21.0M)->0.0B(24.0M) Survivors: 4096.0K->1024.0K Heap: 380.8M(512.0M)->379.9M(512.0M)]
 [Times: user=0.00 sys=0.00, real=0.00 secs] 
2021-09-25T02:12:12.757+0800: [GC concurrent-root-region-scan-start]
2021-09-25T02:12:12.757+0800: [GC concurrent-root-region-scan-end, 0.0000552 secs]
2021-09-25T02:12:12.757+0800: [GC concurrent-mark-start]
2021-09-25T02:12:12.758+0800: [GC concurrent-mark-end, 0.0012196 secs]
2021-09-25T02:12:12.758+0800: [GC remark 2021-09-25T02:12:12.758+0800: [Finalize Marking, 0.0000431 secs] 2021-09-25T02:12:12.758+0800: [GC ref-proc, 0.0000559 secs] 2021-09-25T02:12:12.758+0800: [Unloading, 0.0003720 secs], 0.0009735 secs]
 [Times: user=0.00 sys=0.00, real=0.00 secs] 
2021-09-25T02:12:12.759+0800: [GC cleanup 389M->389M(512M), 0.0003366 secs]
 [Times: user=0.00 sys=0.00, real=0.00 secs] 
2021-09-25T02:12:12.763+0800: [GC pause (G1 Evacuation Pause) (young), 0.0024246 secs]
   [Parallel Time: 2.0 ms, GC Workers: 6]
      [GC Worker Start (ms): Min: 898.1, Avg: 898.3, Max: 899.1, Diff: 1.0]
      [Ext Root Scanning (ms): Min: 0.0, Avg: 0.1, Max: 0.2, Diff: 0.2, Sum: 0.7]
      [Update RS (ms): Min: 0.0, Avg: 0.8, Max: 1.7, Diff: 1.7, Sum: 4.6]
         [Processed Buffers: Min: 0, Avg: 11.8, Max: 16, Diff: 16, Sum: 71]
      [Scan RS (ms): Min: 0.0, Avg: 0.0, Max: 0.0, Diff: 0.0, Sum: 0.0]
      [Code Root Scanning (ms): Min: 0.0, Avg: 0.0, Max: 0.0, Diff: 0.0, Sum: 0.0]
      [Object Copy (ms): Min: 0.0, Avg: 0.8, Max: 1.1, Diff: 1.1, Sum: 4.9]
      [Termination (ms): Min: 0.0, Avg: 0.1, Max: 0.1, Diff: 0.1, Sum: 0.4]
         [Termination Attempts: Min: 1, Avg: 1.0, Max: 1, Diff: 0, Sum: 6]
      [GC Worker Other (ms): Min: 0.0, Avg: 0.0, Max: 0.0, Diff: 0.0, Sum: 0.0]
      [GC Worker Total (ms): Min: 1.0, Avg: 1.8, Max: 2.0, Diff: 1.0, Sum: 10.7]
      [GC Worker End (ms): Min: 900.0, Avg: 900.0, Max: 900.1, Diff: 0.0]
   [Code Root Fixup: 0.0 ms]
   [Code Root Purge: 0.0 ms]
   [Clear CT: 0.0 ms]
   [Other: 0.4 ms]
      [Choose CSet: 0.0 ms]
      [Ref Proc: 0.1 ms]
      [Ref Enq: 0.0 ms]
      [Redirty Cards: 0.0 ms]
      [Humongous Register: 0.1 ms]
      [Humongous Reclaim: 0.0 ms]
      [Free CSet: 0.0 ms]
   [Eden: 24.0M(24.0M)->0.0B(21.0M) Survivors: 1024.0K->4096.0K Heap: 411.8M(512.0M)->389.1M(512.0M)]
 [Times: user=0.00 sys=0.00, real=0.00 secs] 
2021-09-25T02:12:12.768+0800: [GC pause (G1 Evacuation Pause) (mixed) (to-space exhausted), 0.0020368 secs]
   [Parallel Time: 1.5 ms, GC Workers: 6]
      [GC Worker Start (ms): Min: 903.6, Avg: 903.6, Max: 903.6, Diff: 0.0]
      [Ext Root Scanning (ms): Min: 0.1, Avg: 0.1, Max: 0.2, Diff: 0.0, Sum: 0.8]
      [Update RS (ms): Min: 0.4, Avg: 0.4, Max: 0.4, Diff: 0.0, Sum: 2.5]
         [Processed Buffers: Min: 7, Avg: 7.7, Max: 8, Diff: 1, Sum: 46]
      [Scan RS (ms): Min: 0.0, Avg: 0.0, Max: 0.1, Diff: 0.1, Sum: 0.2]
      [Code Root Scanning (ms): Min: 0.0, Avg: 0.0, Max: 0.0, Diff: 0.0, Sum: 0.0]
      [Object Copy (ms): Min: 0.9, Avg: 0.9, Max: 0.9, Diff: 0.1, Sum: 5.4]
      [Termination (ms): Min: 0.0, Avg: 0.0, Max: 0.0, Diff: 0.0, Sum: 0.1]
         [Termination Attempts: Min: 1, Avg: 1.0, Max: 1, Diff: 0, Sum: 6]
      [GC Worker Other (ms): Min: 0.0, Avg: 0.0, Max: 0.0, Diff: 0.0, Sum: 0.0]
      [GC Worker Total (ms): Min: 1.5, Avg: 1.5, Max: 1.5, Diff: 0.0, Sum: 9.0]
      [GC Worker End (ms): Min: 905.1, Avg: 905.1, Max: 905.1, Diff: 0.0]
   [Code Root Fixup: 0.0 ms]
   [Code Root Purge: 0.0 ms]
   [Clear CT: 0.1 ms]
   [Other: 0.4 ms]
      [Evacuation Failure: 0.1 ms]
      [Choose CSet: 0.0 ms]
      [Ref Proc: 0.1 ms]
      [Ref Enq: 0.0 ms]
      [Redirty Cards: 0.0 ms]
      [Humongous Register: 0.1 ms]
      [Humongous Reclaim: 0.0 ms]
      [Free CSet: 0.0 ms]
   [Eden: 21.0M(21.0M)->0.0B(24.0M) Survivors: 4096.0K->1024.0K Heap: 415.2M(512.0M)->407.4M(512.0M)]
 [Times: user=0.00 sys=0.00, real=0.00 secs] 
2021-09-25T02:12:12.773+0800: [GC pause (G1 Evacuation Pause) (mixed) (to-space exhausted), 0.0008066 secs]
   [Parallel Time: 0.5 ms, GC Workers: 6]
      [GC Worker Start (ms): Min: 908.1, Avg: 908.2, Max: 908.5, Diff: 0.3]
      [Ext Root Scanning (ms): Min: 0.0, Avg: 0.1, Max: 0.2, Diff: 0.2, Sum: 0.7]
      [Update RS (ms): Min: 0.0, Avg: 0.1, Max: 0.2, Diff: 0.2, Sum: 0.9]
         [Processed Buffers: Min: 0, Avg: 4.2, Max: 8, Diff: 8, Sum: 25]
      [Scan RS (ms): Min: 0.0, Avg: 0.0, Max: 0.0, Diff: 0.0, Sum: 0.1]
      [Code Root Scanning (ms): Min: 0.0, Avg: 0.0, Max: 0.0, Diff: 0.0, Sum: 0.0]
      [Object Copy (ms): Min: 0.1, Avg: 0.1, Max: 0.1, Diff: 0.0, Sum: 0.6]
      [Termination (ms): Min: 0.0, Avg: 0.0, Max: 0.0, Diff: 0.0, Sum: 0.0]
         [Termination Attempts: Min: 1, Avg: 1.0, Max: 1, Diff: 0, Sum: 6]
      [GC Worker Other (ms): Min: 0.0, Avg: 0.0, Max: 0.0, Diff: 0.0, Sum: 0.0]
      [GC Worker Total (ms): Min: 0.1, Avg: 0.4, Max: 0.4, Diff: 0.3, Sum: 2.3]
      [GC Worker End (ms): Min: 908.6, Avg: 908.6, Max: 908.6, Diff: 0.0]
   [Code Root Fixup: 0.0 ms]
   [Code Root Purge: 0.0 ms]
   [Clear CT: 0.0 ms]
   [Other: 0.3 ms]
      [Evacuation Failure: 0.1 ms]
      [Choose CSet: 0.0 ms]
      [Ref Proc: 0.0 ms]
      [Ref Enq: 0.0 ms]
      [Redirty Cards: 0.0 ms]
      [Humongous Register: 0.1 ms]
      [Humongous Reclaim: 0.0 ms]
      [Free CSet: 0.0 ms]
   [Eden: 15.0M(24.0M)->0.0B(25.0M) Survivors: 1024.0K->0.0B Heap: 423.5M(512.0M)->421.5M(512.0M)]
 [Times: user=0.02 sys=0.00, real=0.00 secs] 
2021-09-25T02:12:12.774+0800: [GC pause (G1 Humongous Allocation) (young) (initial-mark) (to-space exhausted), 0.0005484 secs]
   [Parallel Time: 0.3 ms, GC Workers: 6]
      [GC Worker Start (ms): Min: 909.3, Avg: 909.3, Max: 909.3, Diff: 0.0]
      [Ext Root Scanning (ms): Min: 0.1, Avg: 0.1, Max: 0.1, Diff: 0.0, Sum: 0.7]
      [Update RS (ms): Min: 0.0, Avg: 0.0, Max: 0.0, Diff: 0.0, Sum: 0.2]
         [Processed Buffers: Min: 1, Avg: 2.7, Max: 5, Diff: 4, Sum: 16]
      [Scan RS (ms): Min: 0.0, Avg: 0.0, Max: 0.0, Diff: 0.0, Sum: 0.0]
      [Code Root Scanning (ms): Min: 0.0, Avg: 0.0, Max: 0.0, Diff: 0.0, Sum: 0.0]
      [Object Copy (ms): Min: 0.0, Avg: 0.0, Max: 0.1, Diff: 0.1, Sum: 0.3]
      [Termination (ms): Min: 0.0, Avg: 0.0, Max: 0.1, Diff: 0.1, Sum: 0.2]
         [Termination Attempts: Min: 1, Avg: 1.0, Max: 1, Diff: 0, Sum: 6]
      [GC Worker Other (ms): Min: 0.0, Avg: 0.0, Max: 0.0, Diff: 0.0, Sum: 0.0]
      [GC Worker Total (ms): Min: 0.2, Avg: 0.2, Max: 0.3, Diff: 0.0, Sum: 1.5]
      [GC Worker End (ms): Min: 909.6, Avg: 909.6, Max: 909.6, Diff: 0.0]
   [Code Root Fixup: 0.0 ms]
   [Code Root Purge: 0.0 ms]
   [Clear CT: 0.0 ms]
   [Other: 0.2 ms]
      [Evacuation Failure: 0.0 ms]
      [Choose CSet: 0.0 ms]
      [Ref Proc: 0.0 ms]
      [Ref Enq: 0.0 ms]
      [Redirty Cards: 0.0 ms]
      [Humongous Register: 0.1 ms]
      [Humongous Reclaim: 0.0 ms]
      [Free CSet: 0.0 ms]
   [Eden: 2048.0K(25.0M)->0.0B(24.0M) Survivors: 0.0B->1024.0K Heap: 423.5M(512.0M)->424.5M(512.0M)]
 [Times: user=0.00 sys=0.00, real=0.00 secs] 
2021-09-25T02:12:12.775+0800: [GC concurrent-root-region-scan-start]
2021-09-25T02:12:12.775+0800: [GC pause (G1 Humongous Allocation) (young)2021-09-25T02:12:12.775+0800: [GC concurrent-root-region-scan-end, 0.0000512 secs]
2021-09-25T02:12:12.775+0800: [GC concurrent-mark-start]
 (to-space exhausted), 0.0004300 secs]
   [Parallel Time: 0.2 ms, GC Workers: 6]
      [GC Worker Start (ms): Min: 910.0, Avg: 910.0, Max: 910.1, Diff: 0.0]
      [Ext Root Scanning (ms): Min: 0.1, Avg: 0.1, Max: 0.1, Diff: 0.0, Sum: 0.7]
      [Update RS (ms): Min: 0.0, Avg: 0.0, Max: 0.0, Diff: 0.0, Sum: 0.2]
         [Processed Buffers: Min: 2, Avg: 2.2, Max: 3, Diff: 1, Sum: 13]
      [Scan RS (ms): Min: 0.0, Avg: 0.0, Max: 0.0, Diff: 0.0, Sum: 0.0]
      [Code Root Scanning (ms): Min: 0.0, Avg: 0.0, Max: 0.0, Diff: 0.0, Sum: 0.0]
      [Object Copy (ms): Min: 0.0, Avg: 0.0, Max: 0.0, Diff: 0.0, Sum: 0.0]
      [Termination (ms): Min: 0.0, Avg: 0.0, Max: 0.0, Diff: 0.0, Sum: 0.0]
         [Termination Attempts: Min: 1, Avg: 1.0, Max: 1, Diff: 0, Sum: 6]
      [GC Worker Other (ms): Min: 0.0, Avg: 0.0, Max: 0.0, Diff: 0.0, Sum: 0.0]
      [GC Worker Total (ms): Min: 0.2, Avg: 0.2, Max: 0.2, Diff: 0.0, Sum: 1.0]
      [GC Worker End (ms): Min: 910.2, Avg: 910.2, Max: 910.2, Diff: 0.0]
   [Code Root Fixup: 0.0 ms]
   [Code Root Purge: 0.0 ms]
   [Clear CT: 0.0 ms]
   [Other: 0.2 ms]
      [Evacuation Failure: 0.0 ms]
      [Choose CSet: 0.0 ms]
      [Ref Proc: 0.0 ms]
      [Ref Enq: 0.0 ms]
      [Redirty Cards: 0.0 ms]
      [Humongous Register: 0.0 ms]
      [Humongous Reclaim: 0.0 ms]
      [Free CSet: 0.0 ms]
   [Eden: 0.0B(24.0M)->0.0B(25.0M) Survivors: 1024.0K->0.0B Heap: 424.5M(512.0M)->424.5M(512.0M)]
 [Times: user=0.00 sys=0.00, real=0.00 secs] 
2021-09-25T02:12:12.775+0800: [Full GC (Allocation Failure)  424M->340M(512M), 0.0371718 secs]
   [Eden: 0.0B(25.0M)->0.0B(25.0M) Survivors: 0.0B->0.0B Heap: 424.5M(512.0M)->340.3M(512.0M)], [Metaspace: 2844K->2844K(1056768K)]
 [Times: user=0.03 sys=0.00, real=0.04 secs] 
2021-09-25T02:12:12.813+0800: [GC concurrent-mark-abort]
2021-09-25T02:12:12.813+0800: [GC pause (G1 Humongous Allocation) (young) (initial-mark), 0.0006879 secs]
   [Parallel Time: 0.4 ms, GC Workers: 6]
      [GC Worker Start (ms): Min: 948.1, Avg: 948.1, Max: 948.2, Diff: 0.1]
      [Ext Root Scanning (ms): Min: 0.0, Avg: 0.1, Max: 0.1, Diff: 0.1, Sum: 0.7]
      [Update RS (ms): Min: 0.1, Avg: 0.1, Max: 0.2, Diff: 0.1, Sum: 0.5]
         [Processed Buffers: Min: 1, Avg: 1.3, Max: 2, Diff: 1, Sum: 8]
      [Scan RS (ms): Min: 0.0, Avg: 0.0, Max: 0.0, Diff: 0.0, Sum: 0.0]
      [Code Root Scanning (ms): Min: 0.0, Avg: 0.0, Max: 0.0, Diff: 0.0, Sum: 0.0]
      [Object Copy (ms): Min: 0.0, Avg: 0.0, Max: 0.0, Diff: 0.0, Sum: 0.0]
      [Termination (ms): Min: 0.0, Avg: 0.1, Max: 0.1, Diff: 0.1, Sum: 0.6]
         [Termination Attempts: Min: 1, Avg: 1.0, Max: 1, Diff: 0, Sum: 6]
      [GC Worker Other (ms): Min: 0.0, Avg: 0.0, Max: 0.0, Diff: 0.0, Sum: 0.0]
      [GC Worker Total (ms): Min: 0.2, Avg: 0.3, Max: 0.3, Diff: 0.1, Sum: 1.9]
      [GC Worker End (ms): Min: 948.4, Avg: 948.5, Max: 948.5, Diff: 0.0]
   [Code Root Fixup: 0.0 ms]
   [Code Root Purge: 0.0 ms]
   [Clear CT: 0.0 ms]
   [Other: 0.3 ms]
      [Choose CSet: 0.0 ms]
      [Ref Proc: 0.1 ms]
      [Ref Enq: 0.0 ms]
      [Redirty Cards: 0.0 ms]
      [Humongous Register: 0.1 ms]
      [Humongous Reclaim: 0.0 ms]
      [Free CSet: 0.0 ms]
   [Eden: 1024.0K(25.0M)->0.0B(24.0M) Survivors: 0.0B->1024.0K Heap: 341.6M(512.0M)->340.3M(512.0M)]
 [Times: user=0.00 sys=0.00, real=0.00 secs] 
2021-09-25T02:12:12.814+0800: [GC concurrent-root-region-scan-start]
2021-09-25T02:12:12.814+0800: [GC concurrent-root-region-scan-end, 0.0000407 secs]
2021-09-25T02:12:12.814+0800: [GC concurrent-mark-start]
2021-09-25T02:12:12.815+0800: [GC concurrent-mark-end, 0.0012623 secs]
2021-09-25T02:12:12.815+0800: [GC remark 2021-09-25T02:12:12.815+0800: [Finalize Marking, 0.0000485 secs] 2021-09-25T02:12:12.815+0800: [GC ref-proc, 0.0000557 secs] 2021-09-25T02:12:12.815+0800: [Unloading, 0.0003804 secs], 0.0009968 secs]
 [Times: user=0.00 sys=0.00, real=0.00 secs] 
2021-09-25T02:12:12.816+0800: [GC cleanup 350M->350M(512M), 0.0003208 secs]
 [Times: user=0.00 sys=0.00, real=0.00 secs] 
2021-09-25T02:12:12.820+0800: [GC pause (G1 Evacuation Pause) (young), 0.0021579 secs]
   [Parallel Time: 1.8 ms, GC Workers: 6]
      [GC Worker Start (ms): Min: 954.9, Avg: 955.0, Max: 955.0, Diff: 0.0]
      [Ext Root Scanning (ms): Min: 0.1, Avg: 0.1, Max: 0.1, Diff: 0.0, Sum: 0.8]
      [Update RS (ms): Min: 0.7, Avg: 0.7, Max: 0.7, Diff: 0.0, Sum: 4.0]
         [Processed Buffers: Min: 12, Avg: 12.7, Max: 14, Diff: 2, Sum: 76]
      [Scan RS (ms): Min: 0.0, Avg: 0.0, Max: 0.0, Diff: 0.0, Sum: 0.0]
      [Code Root Scanning (ms): Min: 0.0, Avg: 0.0, Max: 0.0, Diff: 0.0, Sum: 0.0]
      [Object Copy (ms): Min: 0.9, Avg: 0.9, Max: 1.0, Diff: 0.1, Sum: 5.7]
      [Termination (ms): Min: 0.0, Avg: 0.1, Max: 0.1, Diff: 0.1, Sum: 0.3]
         [Termination Attempts: Min: 1, Avg: 1.0, Max: 1, Diff: 0, Sum: 6]
      [GC Worker Other (ms): Min: 0.0, Avg: 0.0, Max: 0.0, Diff: 0.0, Sum: 0.0]
      [GC Worker Total (ms): Min: 1.8, Avg: 1.8, Max: 1.8, Diff: 0.0, Sum: 10.9]
      [GC Worker End (ms): Min: 956.8, Avg: 956.8, Max: 956.8, Diff: 0.0]
   [Code Root Fixup: 0.0 ms]
   [Code Root Purge: 0.0 ms]
   [Clear CT: 0.0 ms]
   [Other: 0.3 ms]
      [Choose CSet: 0.0 ms]
      [Ref Proc: 0.1 ms]
      [Ref Enq: 0.0 ms]
      [Redirty Cards: 0.0 ms]
      [Humongous Register: 0.1 ms]
      [Humongous Reclaim: 0.0 ms]
      [Free CSet: 0.0 ms]
   [Eden: 24.0M(24.0M)->0.0B(21.0M) Survivors: 1024.0K->4096.0K Heap: 373.4M(512.0M)->351.8M(512.0M)]
 [Times: user=0.09 sys=0.00, real=0.00 secs] 
2021-09-25T02:12:12.823+0800: [GC pause (G1 Humongous Allocation) (young) (initial-mark), 0.0012308 secs]
   [Parallel Time: 1.0 ms, GC Workers: 6]
      [GC Worker Start (ms): Min: 958.2, Avg: 958.2, Max: 958.2, Diff: 0.0]
      [Ext Root Scanning (ms): Min: 0.1, Avg: 0.1, Max: 0.1, Diff: 0.0, Sum: 0.8]
      [Update RS (ms): Min: 0.0, Avg: 0.0, Max: 0.0, Diff: 0.0, Sum: 0.2]
         [Processed Buffers: Min: 1, Avg: 1.5, Max: 3, Diff: 2, Sum: 9]
      [Scan RS (ms): Min: 0.0, Avg: 0.0, Max: 0.0, Diff: 0.0, Sum: 0.0]
      [Code Root Scanning (ms): Min: 0.0, Avg: 0.0, Max: 0.0, Diff: 0.0, Sum: 0.0]
      [Object Copy (ms): Min: 0.7, Avg: 0.7, Max: 0.8, Diff: 0.1, Sum: 4.4]
      [Termination (ms): Min: 0.0, Avg: 0.0, Max: 0.1, Diff: 0.1, Sum: 0.2]
         [Termination Attempts: Min: 1, Avg: 1.0, Max: 1, Diff: 0, Sum: 6]
      [GC Worker Other (ms): Min: 0.0, Avg: 0.0, Max: 0.0, Diff: 0.0, Sum: 0.0]
      [GC Worker Total (ms): Min: 0.9, Avg: 0.9, Max: 0.9, Diff: 0.0, Sum: 5.6]
      [GC Worker End (ms): Min: 959.1, Avg: 959.1, Max: 959.1, Diff: 0.0]
   [Code Root Fixup: 0.0 ms]
   [Code Root Purge: 0.0 ms]
   [Clear CT: 0.0 ms]
   [Other: 0.2 ms]
      [Choose CSet: 0.0 ms]
      [Ref Proc: 0.0 ms]
      [Ref Enq: 0.0 ms]
      [Redirty Cards: 0.0 ms]
      [Humongous Register: 0.1 ms]
      [Humongous Reclaim: 0.0 ms]
      [Free CSet: 0.0 ms]
   [Eden: 7168.0K(21.0M)->0.0B(22.0M) Survivors: 4096.0K->3072.0K Heap: 358.2M(512.0M)->353.6M(512.0M)]
 [Times: user=0.00 sys=0.00, real=0.00 secs] 
2021-09-25T02:12:12.824+0800: [GC concurrent-root-region-scan-start]
2021-09-25T02:12:12.825+0800: [GC concurrent-root-region-scan-end, 0.0000981 secs]
2021-09-25T02:12:12.825+0800: [GC concurrent-mark-start]
2021-09-25T02:12:12.826+0800: [GC concurrent-mark-end, 0.0014168 secs]
2021-09-25T02:12:12.826+0800: [GC remark 2021-09-25T02:12:12.826+0800: [Finalize Marking, 0.0000497 secs] 2021-09-25T02:12:12.826+0800: [GC ref-proc, 0.0000548 secs] 2021-09-25T02:12:12.826+0800: [Unloading, 0.0003733 secs], 0.0009947 secs]
 [Times: user=0.00 sys=0.00, real=0.00 secs] 
2021-09-25T02:12:12.827+0800: [GC cleanup 364M->364M(512M), 0.0002954 secs]
 [Times: user=0.00 sys=0.00, real=0.00 secs] 
2021-09-25T02:12:12.830+0800: [GC pause (G1 Evacuation Pause) (young), 0.0019671 secs]
   [Parallel Time: 1.7 ms, GC Workers: 6]
      [GC Worker Start (ms): Min: 964.6, Avg: 964.6, Max: 964.7, Diff: 0.0]
      [Ext Root Scanning (ms): Min: 0.1, Avg: 0.1, Max: 0.1, Diff: 0.0, Sum: 0.8]
      [Update RS (ms): Min: 0.1, Avg: 0.1, Max: 0.2, Diff: 0.0, Sum: 0.8]
         [Processed Buffers: Min: 2, Avg: 2.8, Max: 3, Diff: 1, Sum: 17]
      [Scan RS (ms): Min: 0.0, Avg: 0.0, Max: 0.0, Diff: 0.0, Sum: 0.0]
      [Code Root Scanning (ms): Min: 0.0, Avg: 0.0, Max: 0.0, Diff: 0.0, Sum: 0.0]
      [Object Copy (ms): Min: 1.3, Avg: 1.3, Max: 1.4, Diff: 0.1, Sum: 7.9]
      [Termination (ms): Min: 0.0, Avg: 0.0, Max: 0.1, Diff: 0.1, Sum: 0.3]
         [Termination Attempts: Min: 1, Avg: 1.0, Max: 1, Diff: 0, Sum: 6]
      [GC Worker Other (ms): Min: 0.0, Avg: 0.0, Max: 0.0, Diff: 0.0, Sum: 0.0]
      [GC Worker Total (ms): Min: 1.6, Avg: 1.6, Max: 1.6, Diff: 0.0, Sum: 9.8]
      [GC Worker End (ms): Min: 966.3, Avg: 966.3, Max: 966.3, Diff: 0.0]
   [Code Root Fixup: 0.0 ms]
   [Code Root Purge: 0.0 ms]
   [Clear CT: 0.0 ms]
   [Other: 0.2 ms]
      [Choose CSet: 0.0 ms]
      [Ref Proc: 0.0 ms]
      [Ref Enq: 0.0 ms]
      [Redirty Cards: 0.0 ms]
      [Humongous Register: 0.1 ms]
      [Humongous Reclaim: 0.0 ms]
      [Free CSet: 0.0 ms]
   [Eden: 22.0M(22.0M)->0.0B(21.0M) Survivors: 3072.0K->4096.0K Heap: 376.8M(512.0M)->362.1M(512.0M)]
 [Times: user=0.00 sys=0.00, real=0.00 secs] 
2021-09-25T02:12:12.835+0800: [GC pause (G1 Evacuation Pause) (mixed), 0.0033280 secs]
   [Parallel Time: 3.0 ms, GC Workers: 6]
      [GC Worker Start (ms): Min: 970.0, Avg: 970.0, Max: 970.0, Diff: 0.0]
      [Ext Root Scanning (ms): Min: 0.1, Avg: 0.1, Max: 0.2, Diff: 0.0, Sum: 0.8]
      [Update RS (ms): Min: 0.6, Avg: 0.6, Max: 0.6, Diff: 0.0, Sum: 3.6]
         [Processed Buffers: Min: 10, Avg: 11.3, Max: 12, Diff: 2, Sum: 68]
      [Scan RS (ms): Min: 0.0, Avg: 0.0, Max: 0.0, Diff: 0.0, Sum: 0.0]
      [Code Root Scanning (ms): Min: 0.0, Avg: 0.0, Max: 0.0, Diff: 0.0, Sum: 0.0]
      [Object Copy (ms): Min: 2.1, Avg: 2.1, Max: 2.2, Diff: 0.1, Sum: 12.8]
      [Termination (ms): Min: 0.0, Avg: 0.1, Max: 0.1, Diff: 0.1, Sum: 0.5]
         [Termination Attempts: Min: 1, Avg: 1.0, Max: 1, Diff: 0, Sum: 6]
      [GC Worker Other (ms): Min: 0.0, Avg: 0.0, Max: 0.0, Diff: 0.0, Sum: 0.0]
      [GC Worker Total (ms): Min: 2.9, Avg: 3.0, Max: 3.0, Diff: 0.1, Sum: 17.7]
      [GC Worker End (ms): Min: 973.0, Avg: 973.0, Max: 973.0, Diff: 0.0]
   [Code Root Fixup: 0.0 ms]
   [Code Root Purge: 0.0 ms]
   [Clear CT: 0.0 ms]
   [Other: 0.3 ms]
      [Choose CSet: 0.0 ms]
      [Ref Proc: 0.0 ms]
      [Ref Enq: 0.0 ms]
      [Redirty Cards: 0.0 ms]
      [Humongous Register: 0.1 ms]
      [Humongous Reclaim: 0.0 ms]
      [Free CSet: 0.0 ms]
   [Eden: 21.0M(21.0M)->0.0B(21.0M) Survivors: 4096.0K->4096.0K Heap: 390.6M(512.0M)->368.9M(512.0M)]
 [Times: user=0.09 sys=0.00, real=0.00 secs] 
2021-09-25T02:12:12.839+0800: [GC pause (G1 Humongous Allocation) (young) (initial-mark), 0.0012336 secs]
   [Parallel Time: 1.0 ms, GC Workers: 6]
      [GC Worker Start (ms): Min: 974.2, Avg: 974.2, Max: 974.2, Diff: 0.0]
      [Ext Root Scanning (ms): Min: 0.1, Avg: 0.1, Max: 0.1, Diff: 0.0, Sum: 0.8]
      [Update RS (ms): Min: 0.0, Avg: 0.0, Max: 0.1, Diff: 0.0, Sum: 0.3]
         [Processed Buffers: Min: 1, Avg: 1.2, Max: 2, Diff: 1, Sum: 7]
      [Scan RS (ms): Min: 0.0, Avg: 0.0, Max: 0.0, Diff: 0.0, Sum: 0.0]
      [Code Root Scanning (ms): Min: 0.0, Avg: 0.0, Max: 0.0, Diff: 0.0, Sum: 0.0]
      [Object Copy (ms): Min: 0.7, Avg: 0.7, Max: 0.8, Diff: 0.1, Sum: 4.4]
      [Termination (ms): Min: 0.0, Avg: 0.0, Max: 0.1, Diff: 0.1, Sum: 0.1]
         [Termination Attempts: Min: 1, Avg: 1.0, Max: 1, Diff: 0, Sum: 6]
      [GC Worker Other (ms): Min: 0.0, Avg: 0.0, Max: 0.0, Diff: 0.0, Sum: 0.0]
      [GC Worker Total (ms): Min: 0.9, Avg: 0.9, Max: 0.9, Diff: 0.0, Sum: 5.6]
      [GC Worker End (ms): Min: 975.2, Avg: 975.2, Max: 975.2, Diff: 0.0]
   [Code Root Fixup: 0.0 ms]
   [Code Root Purge: 0.0 ms]
   [Clear CT: 0.0 ms]
   [Other: 0.2 ms]
      [Choose CSet: 0.0 ms]
      [Ref Proc: 0.0 ms]
      [Ref Enq: 0.0 ms]
      [Redirty Cards: 0.0 ms]
      [Humongous Register: 0.1 ms]
      [Humongous Reclaim: 0.0 ms]
      [Free CSet: 0.0 ms]
   [Eden: 5120.0K(21.0M)->0.0B(23.0M) Survivors: 4096.0K->2048.0K Heap: 373.7M(512.0M)->370.5M(512.0M)]
 [Times: user=0.00 sys=0.00, real=0.00 secs] 
2021-09-25T02:12:12.841+0800: [GC concurrent-root-region-scan-start]
2021-09-25T02:12:12.841+0800: [GC concurrent-root-region-scan-end, 0.0001271 secs]
2021-09-25T02:12:12.841+0800: [GC concurrent-mark-start]
2021-09-25T02:12:12.842+0800: [GC concurrent-mark-end, 0.0013960 secs]
2021-09-25T02:12:12.842+0800: [GC remark 2021-09-25T02:12:12.842+0800: [Finalize Marking, 0.0000542 secs] 2021-09-25T02:12:12.842+0800: [GC ref-proc, 0.0000546 secs] 2021-09-25T02:12:12.842+0800: [Unloading, 0.0003769 secs], 0.0009511 secs]
 [Times: user=0.00 sys=0.00, real=0.00 secs] 
2021-09-25T02:12:12.843+0800: [GC cleanup 386M->386M(512M), 0.0003238 secs]
 [Times: user=0.00 sys=0.00, real=0.00 secs] 
2021-09-25T02:12:12.846+0800: [GC pause (G1 Evacuation Pause) (young), 0.0023969 secs]
   [Parallel Time: 2.1 ms, GC Workers: 6]
      [GC Worker Start (ms): Min: 981.0, Avg: 981.0, Max: 981.0, Diff: 0.0]
      [Ext Root Scanning (ms): Min: 0.1, Avg: 0.1, Max: 0.1, Diff: 0.0, Sum: 0.8]
      [Update RS (ms): Min: 0.6, Avg: 0.6, Max: 0.6, Diff: 0.0, Sum: 3.6]
         [Processed Buffers: Min: 11, Avg: 11.5, Max: 12, Diff: 1, Sum: 69]
      [Scan RS (ms): Min: 0.0, Avg: 0.0, Max: 0.0, Diff: 0.0, Sum: 0.0]
      [Code Root Scanning (ms): Min: 0.0, Avg: 0.0, Max: 0.0, Diff: 0.0, Sum: 0.0]
      [Object Copy (ms): Min: 1.3, Avg: 1.3, Max: 1.3, Diff: 0.1, Sum: 7.7]
      [Termination (ms): Min: 0.0, Avg: 0.1, Max: 0.1, Diff: 0.1, Sum: 0.3]
         [Termination Attempts: Min: 1, Avg: 1.0, Max: 1, Diff: 0, Sum: 6]
      [GC Worker Other (ms): Min: 0.0, Avg: 0.0, Max: 0.0, Diff: 0.0, Sum: 0.0]
      [GC Worker Total (ms): Min: 2.1, Avg: 2.1, Max: 2.1, Diff: 0.0, Sum: 12.5]
      [GC Worker End (ms): Min: 983.1, Avg: 983.1, Max: 983.1, Diff: 0.0]
   [Code Root Fixup: 0.0 ms]
   [Code Root Purge: 0.0 ms]
   [Clear CT: 0.0 ms]
   [Other: 0.2 ms]
      [Choose CSet: 0.0 ms]
      [Ref Proc: 0.0 ms]
      [Ref Enq: 0.0 ms]
      [Redirty Cards: 0.0 ms]
      [Humongous Register: 0.1 ms]
      [Humongous Reclaim: 0.0 ms]
      [Free CSet: 0.0 ms]
   [Eden: 23.0M(23.0M)->0.0B(21.0M) Survivors: 2048.0K->4096.0K Heap: 401.2M(512.0M)->382.5M(512.0M)]
 [Times: user=0.00 sys=0.00, real=0.00 secs] 
2021-09-25T02:12:12.852+0800: [GC pause (G1 Evacuation Pause) (mixed) (to-space exhausted), 0.0021720 secs]
   [Parallel Time: 1.8 ms, GC Workers: 6]
      [GC Worker Start (ms): Min: 987.0, Avg: 987.0, Max: 987.0, Diff: 0.0]
      [Ext Root Scanning (ms): Min: 0.1, Avg: 0.1, Max: 0.2, Diff: 0.0, Sum: 0.8]
      [Update RS (ms): Min: 0.3, Avg: 0.3, Max: 0.4, Diff: 0.0, Sum: 2.1]
         [Processed Buffers: Min: 6, Avg: 6.5, Max: 7, Diff: 1, Sum: 39]
      [Scan RS (ms): Min: 0.0, Avg: 0.0, Max: 0.0, Diff: 0.0, Sum: 0.1]
      [Code Root Scanning (ms): Min: 0.0, Avg: 0.0, Max: 0.0, Diff: 0.0, Sum: 0.0]
      [Object Copy (ms): Min: 1.2, Avg: 1.2, Max: 1.2, Diff: 0.0, Sum: 7.2]
      [Termination (ms): Min: 0.0, Avg: 0.0, Max: 0.0, Diff: 0.0, Sum: 0.1]
         [Termination Attempts: Min: 1, Avg: 1.0, Max: 1, Diff: 0, Sum: 6]
      [GC Worker Other (ms): Min: 0.0, Avg: 0.0, Max: 0.0, Diff: 0.0, Sum: 0.0]
      [GC Worker Total (ms): Min: 1.7, Avg: 1.7, Max: 1.7, Diff: 0.0, Sum: 10.4]
      [GC Worker End (ms): Min: 988.7, Avg: 988.7, Max: 988.7, Diff: 0.0]
   [Code Root Fixup: 0.0 ms]
   [Code Root Purge: 0.0 ms]
   [Clear CT: 0.0 ms]
   [Other: 0.4 ms]
      [Evacuation Failure: 0.1 ms]
      [Choose CSet: 0.0 ms]
      [Ref Proc: 0.1 ms]
      [Ref Enq: 0.0 ms]
      [Redirty Cards: 0.0 ms]
      [Humongous Register: 0.1 ms]
      [Humongous Reclaim: 0.0 ms]
      [Free CSet: 0.0 ms]
   [Eden: 21.0M(21.0M)->0.0B(23.0M) Survivors: 4096.0K->2048.0K Heap: 407.4M(512.0M)->405.6M(512.0M)]
 [Times: user=0.00 sys=0.00, real=0.00 secs] 
2021-09-25T02:12:12.855+0800: [GC pause (G1 Humongous Allocation) (young) (initial-mark), 0.0008569 secs]
   [Parallel Time: 0.6 ms, GC Workers: 6]
      [GC Worker Start (ms): Min: 989.8, Avg: 989.8, Max: 989.8, Diff: 0.0]
      [Ext Root Scanning (ms): Min: 0.1, Avg: 0.1, Max: 0.1, Diff: 0.0, Sum: 0.7]
      [Update RS (ms): Min: 0.0, Avg: 0.0, Max: 0.1, Diff: 0.0, Sum: 0.3]
         [Processed Buffers: Min: 1, Avg: 2.5, Max: 5, Diff: 4, Sum: 15]
      [Scan RS (ms): Min: 0.0, Avg: 0.0, Max: 0.0, Diff: 0.0, Sum: 0.0]
      [Code Root Scanning (ms): Min: 0.0, Avg: 0.0, Max: 0.0, Diff: 0.0, Sum: 0.0]
      [Object Copy (ms): Min: 0.3, Avg: 0.4, Max: 0.4, Diff: 0.1, Sum: 2.1]
      [Termination (ms): Min: 0.0, Avg: 0.0, Max: 0.1, Diff: 0.1, Sum: 0.2]
         [Termination Attempts: Min: 1, Avg: 1.0, Max: 1, Diff: 0, Sum: 6]
      [GC Worker Other (ms): Min: 0.0, Avg: 0.0, Max: 0.0, Diff: 0.0, Sum: 0.0]
      [GC Worker Total (ms): Min: 0.6, Avg: 0.6, Max: 0.6, Diff: 0.0, Sum: 3.3]
      [GC Worker End (ms): Min: 990.3, Avg: 990.3, Max: 990.3, Diff: 0.0]
   [Code Root Fixup: 0.0 ms]
   [Code Root Purge: 0.0 ms]
   [Clear CT: 0.0 ms]
   [Other: 0.2 ms]
      [Choose CSet: 0.0 ms]
      [Ref Proc: 0.1 ms]
      [Ref Enq: 0.0 ms]
      [Redirty Cards: 0.0 ms]
      [Humongous Register: 0.1 ms]
      [Humongous Reclaim: 0.0 ms]
      [Free CSet: 0.0 ms]
   [Eden: 4096.0K(23.0M)->0.0B(22.0M) Survivors: 2048.0K->3072.0K Heap: 409.5M(512.0M)->406.6M(512.0M)]
 [Times: user=0.00 sys=0.00, real=0.00 secs] 
2021-09-25T02:12:12.856+0800: [GC concurrent-root-region-scan-start]
2021-09-25T02:12:12.856+0800: [GC concurrent-root-region-scan-end, 0.0001075 secs]
2021-09-25T02:12:12.856+0800: [GC concurrent-mark-start]
2021-09-25T02:12:12.857+0800: [GC pause (G1 Humongous Allocation) (young) (to-space exhausted), 0.0006926 secs]
   [Parallel Time: 0.4 ms, GC Workers: 6]
      [GC Worker Start (ms): Min: 992.0, Avg: 992.0, Max: 992.0, Diff: 0.0]
      [Ext Root Scanning (ms): Min: 0.1, Avg: 0.1, Max: 0.1, Diff: 0.0, Sum: 0.8]
      [Update RS (ms): Min: 0.2, Avg: 0.2, Max: 0.3, Diff: 0.0, Sum: 1.4]
         [Processed Buffers: Min: 5, Avg: 5.2, Max: 6, Diff: 1, Sum: 31]
      [Scan RS (ms): Min: 0.0, Avg: 0.0, Max: 0.0, Diff: 0.0, Sum: 0.0]
      [Code Root Scanning (ms): Min: 0.0, Avg: 0.0, Max: 0.0, Diff: 0.0, Sum: 0.0]
      [Object Copy (ms): Min: 0.0, Avg: 0.0, Max: 0.0, Diff: 0.0, Sum: 0.2]
      [Termination (ms): Min: 0.0, Avg: 0.0, Max: 0.0, Diff: 0.0, Sum: 0.0]
         [Termination Attempts: Min: 1, Avg: 1.0, Max: 1, Diff: 0, Sum: 6]
      [GC Worker Other (ms): Min: 0.0, Avg: 0.0, Max: 0.0, Diff: 0.0, Sum: 0.0]
      [GC Worker Total (ms): Min: 0.4, Avg: 0.4, Max: 0.4, Diff: 0.0, Sum: 2.5]
      [GC Worker End (ms): Min: 992.4, Avg: 992.4, Max: 992.4, Diff: 0.0]
   [Code Root Fixup: 0.0 ms]
   [Code Root Purge: 0.0 ms]
   [Clear CT: 0.0 ms]
   [Other: 0.2 ms]
      [Evacuation Failure: 0.0 ms]
      [Choose CSet: 0.0 ms]
      [Ref Proc: 0.0 ms]
      [Ref Enq: 0.0 ms]
      [Redirty Cards: 0.0 ms]
      [Humongous Register: 0.1 ms]
      [Humongous Reclaim: 0.0 ms]
      [Free CSet: 0.0 ms]
   [Eden: 6144.0K(22.0M)->0.0B(25.0M) Survivors: 3072.0K->0.0B Heap: 415.3M(512.0M)->415.3M(512.0M)]
 [Times: user=0.00 sys=0.00, real=0.00 secs] 
2021-09-25T02:12:12.858+0800: [Full GC (Allocation Failure)  415M->356M(512M), 0.0383448 secs]
   [Eden: 0.0B(25.0M)->0.0B(25.0M) Survivors: 0.0B->0.0B Heap: 415.3M(512.0M)->356.1M(512.0M)], [Metaspace: 2844K->2844K(1056768K)]
 [Times: user=0.03 sys=0.00, real=0.04 secs] 
2021-09-25T02:12:12.896+0800: [GC concurrent-mark-abort]
2021-09-25T02:12:12.897+0800: [GC pause (G1 Humongous Allocation) (young) (initial-mark), 0.0005955 secs]
   [Parallel Time: 0.4 ms, GC Workers: 6]
      [GC Worker Start (ms): Min: 1031.5, Avg: 1031.5, Max: 1031.6, Diff: 0.0]
      [Ext Root Scanning (ms): Min: 0.1, Avg: 0.1, Max: 0.1, Diff: 0.0, Sum: 0.8]
      [Update RS (ms): Min: 0.1, Avg: 0.1, Max: 0.2, Diff: 0.1, Sum: 0.5]
         [Processed Buffers: Min: 1, Avg: 1.3, Max: 2, Diff: 1, Sum: 8]
      [Scan RS (ms): Min: 0.0, Avg: 0.0, Max: 0.0, Diff: 0.0, Sum: 0.0]
      [Code Root Scanning (ms): Min: 0.0, Avg: 0.0, Max: 0.0, Diff: 0.0, Sum: 0.0]
      [Object Copy (ms): Min: 0.0, Avg: 0.0, Max: 0.0, Diff: 0.0, Sum: 0.0]
      [Termination (ms): Min: 0.0, Avg: 0.1, Max: 0.1, Diff: 0.1, Sum: 0.6]
         [Termination Attempts: Min: 1, Avg: 1.8, Max: 3, Diff: 2, Sum: 11]
      [GC Worker Other (ms): Min: 0.0, Avg: 0.0, Max: 0.0, Diff: 0.0, Sum: 0.0]
      [GC Worker Total (ms): Min: 0.3, Avg: 0.3, Max: 0.3, Diff: 0.0, Sum: 1.9]
      [GC Worker End (ms): Min: 1031.9, Avg: 1031.9, Max: 1031.9, Diff: 0.0]
   [Code Root Fixup: 0.0 ms]
   [Code Root Purge: 0.0 ms]
   [Clear CT: 0.0 ms]
   [Other: 0.2 ms]
      [Choose CSet: 0.0 ms]
      [Ref Proc: 0.0 ms]
      [Ref Enq: 0.0 ms]
      [Redirty Cards: 0.0 ms]
      [Humongous Register: 0.1 ms]
      [Humongous Reclaim: 0.0 ms]
      [Free CSet: 0.0 ms]
   [Eden: 2048.0K(25.0M)->0.0B(24.0M) Survivors: 0.0B->1024.0K Heap: 358.1M(512.0M)->355.5M(512.0M)]
 [Times: user=0.00 sys=0.00, real=0.00 secs] 
2021-09-25T02:12:12.897+0800: [GC concurrent-root-region-scan-start]
2021-09-25T02:12:12.897+0800: [GC concurrent-root-region-scan-end, 0.0000292 secs]
2021-09-25T02:12:12.897+0800: [GC concurrent-mark-start]
2021-09-25T02:12:12.899+0800: [GC concurrent-mark-end, 0.0011879 secs]
2021-09-25T02:12:12.899+0800: [GC remark 2021-09-25T02:12:12.899+0800: [Finalize Marking, 0.0000815 secs] 2021-09-25T02:12:12.899+0800: [GC ref-proc, 0.0000565 secs] 2021-09-25T02:12:12.899+0800: [Unloading, 0.0003856 secs], 0.0010254 secs]
 [Times: user=0.00 sys=0.00, real=0.00 secs] 
2021-09-25T02:12:12.900+0800: [GC cleanup 366M->366M(512M), 0.0002861 secs]
 [Times: user=0.00 sys=0.00, real=0.00 secs] 
2021-09-25T02:12:12.903+0800: [GC pause (G1 Evacuation Pause) (young), 0.0019432 secs]
   [Parallel Time: 1.6 ms, GC Workers: 6]
      [GC Worker Start (ms): Min: 1038.0, Avg: 1038.0, Max: 1038.0, Diff: 0.0]
      [Ext Root Scanning (ms): Min: 0.1, Avg: 0.1, Max: 0.1, Diff: 0.0, Sum: 0.8]
      [Update RS (ms): Min: 0.4, Avg: 0.4, Max: 0.4, Diff: 0.0, Sum: 2.5]
         [Processed Buffers: Min: 6, Avg: 7.7, Max: 10, Diff: 4, Sum: 46]
      [Scan RS (ms): Min: 0.0, Avg: 0.0, Max: 0.0, Diff: 0.0, Sum: 0.0]
      [Code Root Scanning (ms): Min: 0.0, Avg: 0.0, Max: 0.0, Diff: 0.0, Sum: 0.0]
      [Object Copy (ms): Min: 0.9, Avg: 1.0, Max: 1.1, Diff: 0.1, Sum: 6.0]
      [Termination (ms): Min: 0.0, Avg: 0.0, Max: 0.1, Diff: 0.1, Sum: 0.3]
         [Termination Attempts: Min: 1, Avg: 1.0, Max: 1, Diff: 0, Sum: 6]
      [GC Worker Other (ms): Min: 0.0, Avg: 0.0, Max: 0.0, Diff: 0.0, Sum: 0.0]
      [GC Worker Total (ms): Min: 1.6, Avg: 1.6, Max: 1.6, Diff: 0.0, Sum: 9.6]
      [GC Worker End (ms): Min: 1039.6, Avg: 1039.6, Max: 1039.6, Diff: 0.0]
   [Code Root Fixup: 0.0 ms]
   [Code Root Purge: 0.0 ms]
   [Clear CT: 0.0 ms]
   [Other: 0.3 ms]
      [Choose CSet: 0.0 ms]
      [Ref Proc: 0.0 ms]
      [Ref Enq: 0.0 ms]
      [Redirty Cards: 0.0 ms]
      [Humongous Register: 0.1 ms]
      [Humongous Reclaim: 0.0 ms]
      [Free CSet: 0.0 ms]
   [Eden: 24.0M(24.0M)->0.0B(21.0M) Survivors: 1024.0K->4096.0K Heap: 384.8M(512.0M)->363.4M(512.0M)]
 [Times: user=0.00 sys=0.00, real=0.00 secs] 
2021-09-25T02:12:12.905+0800: [GC pause (G1 Humongous Allocation) (young) (initial-mark), 0.0009201 secs]
   [Parallel Time: 0.7 ms, GC Workers: 6]
      [GC Worker Start (ms): Min: 1040.2, Avg: 1040.2, Max: 1040.2, Diff: 0.0]
      [Ext Root Scanning (ms): Min: 0.1, Avg: 0.1, Max: 0.1, Diff: 0.0, Sum: 0.8]
      [Update RS (ms): Min: 0.0, Avg: 0.0, Max: 0.1, Diff: 0.0, Sum: 0.2]
         [Processed Buffers: Min: 1, Avg: 1.2, Max: 2, Diff: 1, Sum: 7]
      [Scan RS (ms): Min: 0.0, Avg: 0.0, Max: 0.0, Diff: 0.0, Sum: 0.0]
      [Code Root Scanning (ms): Min: 0.0, Avg: 0.0, Max: 0.0, Diff: 0.0, Sum: 0.0]
      [Object Copy (ms): Min: 0.4, Avg: 0.4, Max: 0.5, Diff: 0.0, Sum: 2.7]
      [Termination (ms): Min: 0.0, Avg: 0.0, Max: 0.0, Diff: 0.0, Sum: 0.1]
         [Termination Attempts: Min: 1, Avg: 1.0, Max: 1, Diff: 0, Sum: 6]
      [GC Worker Other (ms): Min: 0.0, Avg: 0.0, Max: 0.0, Diff: 0.0, Sum: 0.0]
      [GC Worker Total (ms): Min: 0.6, Avg: 0.6, Max: 0.6, Diff: 0.0, Sum: 3.8]
      [GC Worker End (ms): Min: 1040.8, Avg: 1040.8, Max: 1040.8, Diff: 0.0]
   [Code Root Fixup: 0.0 ms]
   [Code Root Purge: 0.0 ms]
   [Clear CT: 0.0 ms]
   [Other: 0.2 ms]
      [Choose CSet: 0.0 ms]
      [Ref Proc: 0.0 ms]
      [Ref Enq: 0.0 ms]
      [Redirty Cards: 0.0 ms]
      [Humongous Register: 0.1 ms]
      [Humongous Reclaim: 0.0 ms]
      [Free CSet: 0.0 ms]
   [Eden: 1024.0K(21.0M)->0.0B(24.0M) Survivors: 4096.0K->1024.0K Heap: 364.1M(512.0M)->363.5M(512.0M)]
 [Times: user=0.00 sys=0.00, real=0.00 secs] 
2021-09-25T02:12:12.906+0800: [GC concurrent-root-region-scan-start]
2021-09-25T02:12:12.906+0800: [GC concurrent-root-region-scan-end, 0.0000815 secs]
2021-09-25T02:12:12.906+0800: [GC concurrent-mark-start]
2021-09-25T02:12:12.908+0800: [GC concurrent-mark-end, 0.0014330 secs]
2021-09-25T02:12:12.908+0800: [GC remark 2021-09-25T02:12:12.908+0800: [Finalize Marking, 0.0000421 secs] 2021-09-25T02:12:12.908+0800: [GC ref-proc, 0.0000562 secs] 2021-09-25T02:12:12.908+0800: [Unloading, 0.0003777 secs], 0.0009693 secs]
 [Times: user=0.00 sys=0.00, real=0.00 secs] 
2021-09-25T02:12:12.909+0800: [GC cleanup 376M->376M(512M), 0.0002645 secs]
 [Times: user=0.00 sys=0.00, real=0.00 secs] 
2021-09-25T02:12:12.912+0800: [GC pause (G1 Evacuation Pause) (young), 0.0019913 secs]
   [Parallel Time: 1.7 ms, GC Workers: 6]
      [GC Worker Start (ms): Min: 1047.2, Avg: 1047.2, Max: 1047.2, Diff: 0.0]
      [Ext Root Scanning (ms): Min: 0.1, Avg: 0.1, Max: 0.1, Diff: 0.0, Sum: 0.8]
      [Update RS (ms): Min: 0.5, Avg: 0.6, Max: 0.6, Diff: 0.1, Sum: 3.5]
         [Processed Buffers: Min: 10, Avg: 11.2, Max: 12, Diff: 2, Sum: 67]
      [Scan RS (ms): Min: 0.0, Avg: 0.0, Max: 0.0, Diff: 0.0, Sum: 0.0]
      [Code Root Scanning (ms): Min: 0.0, Avg: 0.0, Max: 0.0, Diff: 0.0, Sum: 0.0]
      [Object Copy (ms): Min: 0.8, Avg: 0.9, Max: 0.9, Diff: 0.1, Sum: 5.2]
      [Termination (ms): Min: 0.0, Avg: 0.0, Max: 0.1, Diff: 0.1, Sum: 0.3]
         [Termination Attempts: Min: 1, Avg: 1.0, Max: 1, Diff: 0, Sum: 6]
      [GC Worker Other (ms): Min: 0.0, Avg: 0.0, Max: 0.0, Diff: 0.0, Sum: 0.0]
      [GC Worker Total (ms): Min: 1.6, Avg: 1.6, Max: 1.6, Diff: 0.0, Sum: 9.8]
      [GC Worker End (ms): Min: 1048.8, Avg: 1048.8, Max: 1048.8, Diff: 0.0]
   [Code Root Fixup: 0.0 ms]
   [Code Root Purge: 0.0 ms]
   [Clear CT: 0.1 ms]
   [Other: 0.3 ms]
      [Choose CSet: 0.0 ms]
      [Ref Proc: 0.0 ms]
      [Ref Enq: 0.0 ms]
      [Redirty Cards: 0.0 ms]
      [Humongous Register: 0.1 ms]
      [Humongous Reclaim: 0.0 ms]
      [Free CSet: 0.0 ms]
   [Eden: 24.0M(24.0M)->0.0B(21.0M) Survivors: 1024.0K->4096.0K Heap: 394.8M(512.0M)->372.0M(512.0M)]
 [Times: user=0.00 sys=0.00, real=0.00 secs] 
2021-09-25T02:12:12.914+0800: [GC pause (G1 Humongous Allocation) (young) (initial-mark), 0.0009166 secs]
   [Parallel Time: 0.7 ms, GC Workers: 6]
      [GC Worker Start (ms): Min: 1049.4, Avg: 1049.4, Max: 1049.4, Diff: 0.0]
      [Ext Root Scanning (ms): Min: 0.1, Avg: 0.1, Max: 0.1, Diff: 0.0, Sum: 0.8]
      [Update RS (ms): Min: 0.0, Avg: 0.0, Max: 0.1, Diff: 0.0, Sum: 0.2]
         [Processed Buffers: Min: 1, Avg: 1.3, Max: 2, Diff: 1, Sum: 8]
      [Scan RS (ms): Min: 0.0, Avg: 0.0, Max: 0.0, Diff: 0.0, Sum: 0.0]
      [Code Root Scanning (ms): Min: 0.0, Avg: 0.0, Max: 0.0, Diff: 0.0, Sum: 0.0]
      [Object Copy (ms): Min: 0.4, Avg: 0.4, Max: 0.5, Diff: 0.1, Sum: 2.5]
      [Termination (ms): Min: 0.0, Avg: 0.1, Max: 0.1, Diff: 0.1, Sum: 0.3]
         [Termination Attempts: Min: 1, Avg: 1.0, Max: 1, Diff: 0, Sum: 6]
      [GC Worker Other (ms): Min: 0.0, Avg: 0.0, Max: 0.0, Diff: 0.0, Sum: 0.0]
      [GC Worker Total (ms): Min: 0.6, Avg: 0.6, Max: 0.6, Diff: 0.0, Sum: 3.8]
      [GC Worker End (ms): Min: 1050.0, Avg: 1050.0, Max: 1050.0, Diff: 0.0]
   [Code Root Fixup: 0.0 ms]
   [Code Root Purge: 0.0 ms]
   [Clear CT: 0.0 ms]
   [Other: 0.2 ms]
      [Choose CSet: 0.0 ms]
      [Ref Proc: 0.0 ms]
      [Ref Enq: 0.0 ms]
      [Redirty Cards: 0.0 ms]
      [Humongous Register: 0.1 ms]
      [Humongous Reclaim: 0.0 ms]
      [Free CSet: 0.0 ms]
   [Eden: 1024.0K(21.0M)->0.0B(24.0M) Survivors: 4096.0K->1024.0K Heap: 372.7M(512.0M)->371.5M(512.0M)]
 [Times: user=0.02 sys=0.00, real=0.00 secs] 
2021-09-25T02:12:12.916+0800: [GC concurrent-root-region-scan-start]
2021-09-25T02:12:12.916+0800: [GC concurrent-root-region-scan-end, 0.0000791 secs]
2021-09-25T02:12:12.916+0800: [GC concurrent-mark-start]
2021-09-25T02:12:12.917+0800: [GC concurrent-mark-end, 0.0013202 secs]
2021-09-25T02:12:12.917+0800: [GC remark 2021-09-25T02:12:12.917+0800: [Finalize Marking, 0.0000503 secs] 2021-09-25T02:12:12.917+0800: [GC ref-proc, 0.0000551 secs] 2021-09-25T02:12:12.917+0800: [Unloading, 0.0003831 secs], 0.0009873 secs]
 [Times: user=0.00 sys=0.00, real=0.00 secs] 
2021-09-25T02:12:12.918+0800: [GC cleanup 380M->380M(512M), 0.0003080 secs]
 [Times: user=0.00 sys=0.00, real=0.00 secs] 
2021-09-25T02:12:12.921+0800: [GC pause (G1 Evacuation Pause) (young), 0.0017542 secs]
   [Parallel Time: 1.5 ms, GC Workers: 6]
      [GC Worker Start (ms): Min: 1056.3, Avg: 1056.3, Max: 1056.3, Diff: 0.0]
      [Ext Root Scanning (ms): Min: 0.1, Avg: 0.1, Max: 0.1, Diff: 0.0, Sum: 0.8]
      [Update RS (ms): Min: 0.4, Avg: 0.4, Max: 0.5, Diff: 0.0, Sum: 2.6]
         [Processed Buffers: Min: 8, Avg: 8.2, Max: 9, Diff: 1, Sum: 49]
      [Scan RS (ms): Min: 0.0, Avg: 0.0, Max: 0.0, Diff: 0.0, Sum: 0.0]
      [Code Root Scanning (ms): Min: 0.0, Avg: 0.0, Max: 0.0, Diff: 0.0, Sum: 0.0]
      [Object Copy (ms): Min: 0.7, Avg: 0.8, Max: 0.9, Diff: 0.2, Sum: 4.7]
      [Termination (ms): Min: 0.0, Avg: 0.1, Max: 0.1, Diff: 0.1, Sum: 0.4]
         [Termination Attempts: Min: 1, Avg: 1.0, Max: 1, Diff: 0, Sum: 6]
      [GC Worker Other (ms): Min: 0.0, Avg: 0.0, Max: 0.0, Diff: 0.0, Sum: 0.0]
      [GC Worker Total (ms): Min: 1.4, Avg: 1.4, Max: 1.4, Diff: 0.0, Sum: 8.6]
      [GC Worker End (ms): Min: 1057.7, Avg: 1057.7, Max: 1057.7, Diff: 0.0]
   [Code Root Fixup: 0.0 ms]
   [Code Root Purge: 0.0 ms]
   [Clear CT: 0.0 ms]
   [Other: 0.3 ms]
      [Choose CSet: 0.0 ms]
      [Ref Proc: 0.1 ms]
      [Ref Enq: 0.0 ms]
      [Redirty Cards: 0.0 ms]
      [Humongous Register: 0.1 ms]
      [Humongous Reclaim: 0.0 ms]
      [Free CSet: 0.0 ms]
   [Eden: 24.0M(24.0M)->0.0B(21.0M) Survivors: 1024.0K->4096.0K Heap: 400.8M(512.0M)->379.1M(512.0M)]
 [Times: user=0.00 sys=0.00, real=0.00 secs] 
2021-09-25T02:12:12.926+0800: [GC pause (G1 Evacuation Pause) (mixed) (to-space exhausted), 0.0012743 secs]
   [Parallel Time: 0.9 ms, GC Workers: 6]
      [GC Worker Start (ms): Min: 1061.2, Avg: 1061.2, Max: 1061.2, Diff: 0.0]
      [Ext Root Scanning (ms): Min: 0.1, Avg: 0.1, Max: 0.2, Diff: 0.0, Sum: 0.9]
      [Update RS (ms): Min: 0.5, Avg: 0.5, Max: 0.5, Diff: 0.0, Sum: 3.2]
         [Processed Buffers: Min: 9, Avg: 10.2, Max: 11, Diff: 2, Sum: 61]
      [Scan RS (ms): Min: 0.0, Avg: 0.0, Max: 0.0, Diff: 0.0, Sum: 0.0]
      [Code Root Scanning (ms): Min: 0.0, Avg: 0.0, Max: 0.0, Diff: 0.0, Sum: 0.0]
      [Object Copy (ms): Min: 0.2, Avg: 0.2, Max: 0.2, Diff: 0.0, Sum: 0.9]
      [Termination (ms): Min: 0.0, Avg: 0.0, Max: 0.0, Diff: 0.0, Sum: 0.0]
         [Termination Attempts: Min: 1, Avg: 1.5, Max: 3, Diff: 2, Sum: 9]
      [GC Worker Other (ms): Min: 0.0, Avg: 0.0, Max: 0.0, Diff: 0.0, Sum: 0.0]
      [GC Worker Total (ms): Min: 0.8, Avg: 0.9, Max: 0.9, Diff: 0.0, Sum: 5.1]
      [GC Worker End (ms): Min: 1062.1, Avg: 1062.1, Max: 1062.1, Diff: 0.0]
   [Code Root Fixup: 0.0 ms]
   [Code Root Purge: 0.0 ms]
   [Clear CT: 0.0 ms]
   [Other: 0.3 ms]
      [Evacuation Failure: 0.1 ms]
      [Choose CSet: 0.0 ms]
      [Ref Proc: 0.1 ms]
      [Ref Enq: 0.0 ms]
      [Redirty Cards: 0.0 ms]
      [Humongous Register: 0.1 ms]
      [Humongous Reclaim: 0.0 ms]
      [Free CSet: 0.0 ms]
   [Eden: 21.0M(21.0M)->0.0B(25.0M) Survivors: 4096.0K->0.0B Heap: 406.8M(512.0M)->399.3M(512.0M)]
 [Times: user=0.00 sys=0.00, real=0.00 secs] 
2021-09-25T02:12:12.928+0800: [GC pause (G1 Humongous Allocation) (young) (initial-mark), 0.0007703 secs]
   [Parallel Time: 0.5 ms, GC Workers: 6]
      [GC Worker Start (ms): Min: 1063.2, Avg: 1063.2, Max: 1063.2, Diff: 0.0]
      [Ext Root Scanning (ms): Min: 0.2, Avg: 0.2, Max: 0.2, Diff: 0.0, Sum: 1.1]
      [Update RS (ms): Min: 0.0, Avg: 0.0, Max: 0.1, Diff: 0.0, Sum: 0.2]
         [Processed Buffers: Min: 1, Avg: 3.0, Max: 5, Diff: 4, Sum: 18]
      [Scan RS (ms): Min: 0.0, Avg: 0.0, Max: 0.0, Diff: 0.0, Sum: 0.0]
      [Code Root Scanning (ms): Min: 0.0, Avg: 0.0, Max: 0.0, Diff: 0.0, Sum: 0.0]
      [Object Copy (ms): Min: 0.2, Avg: 0.2, Max: 0.2, Diff: 0.1, Sum: 1.2]
      [Termination (ms): Min: 0.0, Avg: 0.0, Max: 0.1, Diff: 0.1, Sum: 0.2]
         [Termination Attempts: Min: 1, Avg: 1.0, Max: 1, Diff: 0, Sum: 6]
      [GC Worker Other (ms): Min: 0.0, Avg: 0.0, Max: 0.0, Diff: 0.0, Sum: 0.0]
      [GC Worker Total (ms): Min: 0.5, Avg: 0.5, Max: 0.5, Diff: 0.0, Sum: 2.8]
      [GC Worker End (ms): Min: 1063.7, Avg: 1063.7, Max: 1063.7, Diff: 0.0]
   [Code Root Fixup: 0.0 ms]
   [Code Root Purge: 0.0 ms]
   [Clear CT: 0.0 ms]
   [Other: 0.2 ms]
      [Choose CSet: 0.0 ms]
      [Ref Proc: 0.0 ms]
      [Ref Enq: 0.0 ms]
      [Redirty Cards: 0.0 ms]
      [Humongous Register: 0.1 ms]
      [Humongous Reclaim: 0.0 ms]
      [Free CSet: 0.0 ms]
   [Eden: 5120.0K(25.0M)->0.0B(23.0M) Survivors: 0.0B->2048.0K Heap: 404.3M(512.0M)->400.3M(512.0M)]
 [Times: user=0.00 sys=0.00, real=0.00 secs] 
2021-09-25T02:12:12.929+0800: [GC concurrent-root-region-scan-start]
2021-09-25T02:12:12.929+0800: [GC concurrent-root-region-scan-end, 0.0001016 secs]
2021-09-25T02:12:12.929+0800: [GC concurrent-mark-start]
2021-09-25T02:12:12.931+0800: [GC concurrent-mark-end, 0.0017449 secs]
2021-09-25T02:12:12.931+0800: [GC remark 2021-09-25T02:12:12.931+0800: [Finalize Marking, 0.0000946 secs] 2021-09-25T02:12:12.931+0800: [GC ref-proc, 0.0000599 secs] 2021-09-25T02:12:12.932+0800: [Unloading, 0.0003988 secs], 0.0010728 secs]
 [Times: user=0.00 sys=0.00, real=0.00 secs] 
2021-09-25T02:12:12.932+0800: [GC cleanup 409M->409M(512M), 0.0003165 secs]
 [Times: user=0.00 sys=0.00, real=0.00 secs] 
2021-09-25T02:12:12.933+0800: [GC pause (G1 Humongous Allocation) (young) (to-space exhausted), 0.0006085 secs]
   [Parallel Time: 0.3 ms, GC Workers: 6]
      [GC Worker Start (ms): Min: 1067.7, Avg: 1067.7, Max: 1067.7, Diff: 0.0]
      [Ext Root Scanning (ms): Min: 0.1, Avg: 0.1, Max: 0.1, Diff: 0.0, Sum: 0.7]
      [Update RS (ms): Min: 0.1, Avg: 0.1, Max: 0.1, Diff: 0.0, Sum: 0.7]
         [Processed Buffers: Min: 2, Avg: 3.2, Max: 4, Diff: 2, Sum: 19]
      [Scan RS (ms): Min: 0.0, Avg: 0.0, Max: 0.0, Diff: 0.0, Sum: 0.0]
      [Code Root Scanning (ms): Min: 0.0, Avg: 0.0, Max: 0.0, Diff: 0.0, Sum: 0.0]
      [Object Copy (ms): Min: 0.0, Avg: 0.0, Max: 0.0, Diff: 0.0, Sum: 0.2]
      [Termination (ms): Min: 0.0, Avg: 0.0, Max: 0.0, Diff: 0.0, Sum: 0.0]
         [Termination Attempts: Min: 1, Avg: 1.0, Max: 1, Diff: 0, Sum: 6]
      [GC Worker Other (ms): Min: 0.0, Avg: 0.0, Max: 0.0, Diff: 0.0, Sum: 0.0]
      [GC Worker Total (ms): Min: 0.3, Avg: 0.3, Max: 0.3, Diff: 0.0, Sum: 1.8]
      [GC Worker End (ms): Min: 1068.0, Avg: 1068.0, Max: 1068.0, Diff: 0.0]
   [Code Root Fixup: 0.0 ms]
   [Code Root Purge: 0.0 ms]
   [Clear CT: 0.0 ms]
   [Other: 0.2 ms]
      [Evacuation Failure: 0.0 ms]
      [Choose CSet: 0.0 ms]
      [Ref Proc: 0.0 ms]
      [Ref Enq: 0.0 ms]
      [Redirty Cards: 0.0 ms]
      [Humongous Register: 0.1 ms]
      [Humongous Reclaim: 0.0 ms]
      [Free CSet: 0.0 ms]
   [Eden: 8192.0K(23.0M)->0.0B(25.0M) Survivors: 2048.0K->0.0B Heap: 409.5M(512.0M)->406.8M(512.0M)]
 [Times: user=0.00 sys=0.00, real=0.00 secs] 
2021-09-25T02:12:12.934+0800: [GC pause (G1 Evacuation Pause) (mixed) (to-space exhausted), 0.0006950 secs]
   [Parallel Time: 0.4 ms, GC Workers: 6]
      [GC Worker Start (ms): Min: 1069.1, Avg: 1069.1, Max: 1069.1, Diff: 0.0]
      [Ext Root Scanning (ms): Min: 0.1, Avg: 0.1, Max: 0.1, Diff: 0.0, Sum: 0.7]
      [Update RS (ms): Min: 0.1, Avg: 0.1, Max: 0.1, Diff: 0.0, Sum: 0.4]
         [Processed Buffers: Min: 2, Avg: 3.5, Max: 5, Diff: 3, Sum: 21]
      [Scan RS (ms): Min: 0.0, Avg: 0.0, Max: 0.0, Diff: 0.0, Sum: 0.1]
      [Code Root Scanning (ms): Min: 0.0, Avg: 0.0, Max: 0.0, Diff: 0.0, Sum: 0.0]
      [Object Copy (ms): Min: 0.1, Avg: 0.1, Max: 0.1, Diff: 0.0, Sum: 0.8]
      [Termination (ms): Min: 0.0, Avg: 0.0, Max: 0.0, Diff: 0.0, Sum: 0.0]
         [Termination Attempts: Min: 1, Avg: 1.2, Max: 2, Diff: 1, Sum: 7]
      [GC Worker Other (ms): Min: 0.0, Avg: 0.0, Max: 0.0, Diff: 0.0, Sum: 0.0]
      [GC Worker Total (ms): Min: 0.3, Avg: 0.4, Max: 0.4, Diff: 0.0, Sum: 2.1]
      [GC Worker End (ms): Min: 1069.5, Avg: 1069.5, Max: 1069.5, Diff: 0.0]
   [Code Root Fixup: 0.0 ms]
   [Code Root Purge: 0.0 ms]
   [Clear CT: 0.0 ms]
   [Other: 0.3 ms]
      [Evacuation Failure: 0.1 ms]
      [Choose CSet: 0.0 ms]
      [Ref Proc: 0.0 ms]
      [Ref Enq: 0.0 ms]
      [Redirty Cards: 0.0 ms]
      [Humongous Register: 0.1 ms]
      [Humongous Reclaim: 0.0 ms]
      [Free CSet: 0.0 ms]
   [Eden: 3072.0K(25.0M)->0.0B(25.0M) Survivors: 0.0B->0.0B Heap: 410.4M(512.0M)->410.4M(512.0M)]
 [Times: user=0.00 sys=0.00, real=0.00 secs] 
2021-09-25T02:12:12.935+0800: [Full GC (Allocation Failure)  410M->360M(512M), 0.0373388 secs]
   [Eden: 0.0B(25.0M)->0.0B(25.0M) Survivors: 0.0B->0.0B Heap: 410.4M(512.0M)->360.6M(512.0M)], [Metaspace: 2844K->2844K(1056768K)]
 [Times: user=0.03 sys=0.00, real=0.04 secs] 
end all count:11705
Heap
 garbage-first heap   total 524288K, used 369292K [0x00000000e0000000, 0x00000000e0101000, 0x0000000100000000)
  region size 1024K, 1 young (1024K), 0 survivors (0K)
 Metaspace       used 2851K, capacity 4486K, committed 4864K, reserved 1056768K
  class space    used 309K, capacity 386K, committed 512K, reserved 1048576K
