start...
2021-09-25T02:12:08.315+0800: [GC (Allocation Failure) 2021-09-25T02:12:08.316+0800: [DefNew: 139776K->17472K(157248K), 0.0153923 secs] 139776K->46896K(506816K), 0.0155113 secs] [Times: user=0.02 sys=0.00, real=0.02 secs] 
2021-09-25T02:12:08.348+0800: [GC (Allocation Failure) 2021-09-25T02:12:08.348+0800: [DefNew: 156958K->17469K(157248K), 0.0200191 secs] 186382K->93097K(506816K), 0.0201296 secs] [Times: user=0.00 sys=0.03, real=0.02 secs] 
2021-09-25T02:12:08.383+0800: [GC (Allocation Failure) 2021-09-25T02:12:08.383+0800: [DefNew: 157245K->17471K(157248K), 0.0156992 secs] 232873K->135454K(506816K), 0.0157946 secs] [Times: user=0.00 sys=0.02, real=0.02 secs] 
2021-09-25T02:12:08.415+0800: [GC (Allocation Failure) 2021-09-25T02:12:08.416+0800: [DefNew: 157247K->17470K(157248K), 0.0164557 secs] 275230K->180796K(506816K), 0.0172199 secs] [Times: user=0.02 sys=0.00, real=0.02 secs] 
2021-09-25T02:12:08.449+0800: [GC (Allocation Failure) 2021-09-25T02:12:08.449+0800: [DefNew: 156699K->17470K(157248K), 0.0160158 secs] 320025K->223832K(506816K), 0.0160701 secs] [Times: user=0.00 sys=0.01, real=0.02 secs] 
2021-09-25T02:12:08.480+0800: [GC (Allocation Failure) 2021-09-25T02:12:08.480+0800: [DefNew: 157246K->17471K(157248K), 0.0155911 secs] 363608K->266421K(506816K), 0.0156372 secs] [Times: user=0.02 sys=0.00, real=0.02 secs] 
2021-09-25T02:12:08.513+0800: [GC (Allocation Failure) 2021-09-25T02:12:08.513+0800: [DefNew: 157247K->17467K(157248K), 0.0159094 secs] 406197K->310158K(506816K), 0.0159615 secs] [Times: user=0.02 sys=0.00, real=0.02 secs] 
2021-09-25T02:12:08.546+0800: [GC (Allocation Failure) 2021-09-25T02:12:08.546+0800: [DefNew: 157113K->17471K(157248K), 0.0162355 secs] 449803K->353648K(506816K), 0.0162901 secs] [Times: user=0.01 sys=0.00, real=0.02 secs] 
2021-09-25T02:12:08.578+0800: [GC (Allocation Failure) 2021-09-25T02:12:08.578+0800: [DefNew: 157247K->157247K(157248K), 0.0000207 secs]2021-09-25T02:12:08.579+0800: [Tenured: 336176K->276478K(349568K), 0.0361751 secs] 493424K->276478K(506816K), [Metaspace: 2844K->2844K(1056768K)], 0.0362669 secs] [Times: user=0.03 sys=0.00, real=0.04 secs] 
2021-09-25T02:12:08.630+0800: [GC (Allocation Failure) 2021-09-25T02:12:08.631+0800: [DefNew: 139776K->17469K(157248K), 0.0070671 secs] 416254K->324530K(506816K), 0.0071186 secs] [Times: user=0.02 sys=0.00, real=0.01 secs] 
2021-09-25T02:12:08.653+0800: [GC (Allocation Failure) 2021-09-25T02:12:08.653+0800: [DefNew: 157245K->157245K(157248K), 0.0000206 secs]2021-09-25T02:12:08.653+0800: [Tenured: 307060K->304657K(349568K), 0.0401939 secs] 464306K->304657K(506816K), [Metaspace: 2844K->2844K(1056768K)], 0.0402808 secs] [Times: user=0.03 sys=0.00, real=0.04 secs] 
2021-09-25T02:12:08.710+0800: [GC (Allocation Failure) 2021-09-25T02:12:08.710+0800: [DefNew: 139776K->17470K(157248K), 0.0070613 secs] 444433K->353156K(506816K), 0.0071066 secs] [Times: user=0.01 sys=0.00, real=0.01 secs] 
2021-09-25T02:12:08.734+0800: [GC (Allocation Failure) 2021-09-25T02:12:08.734+0800: [DefNew: 157246K->157246K(157248K), 0.0000207 secs]2021-09-25T02:12:08.734+0800: [Tenured: 335685K->322338K(349568K), 0.0420655 secs] 492932K->322338K(506816K), [Metaspace: 2844K->2844K(1056768K)], 0.0421490 secs] [Times: user=0.05 sys=0.00, real=0.04 secs] 
2021-09-25T02:12:08.794+0800: [GC (Allocation Failure) 2021-09-25T02:12:08.794+0800: [DefNew: 139776K->139776K(157248K), 0.0000199 secs]2021-09-25T02:12:08.794+0800: [Tenured: 322338K->312825K(349568K), 0.0436233 secs] 462114K->312825K(506816K), [Metaspace: 2844K->2844K(1056768K)], 0.0437081 secs] [Times: user=0.05 sys=0.00, real=0.04 secs] 
2021-09-25T02:12:08.853+0800: [GC (Allocation Failure) 2021-09-25T02:12:08.853+0800: [DefNew: 139776K->17471K(157248K), 0.0070069 secs] 452601K->356510K(506816K), 0.0070571 secs] [Times: user=0.00 sys=0.00, real=0.01 secs] 
2021-09-25T02:12:08.878+0800: [GC (Allocation Failure) 2021-09-25T02:12:08.878+0800: [DefNew: 157247K->157247K(157248K), 0.0000205 secs]2021-09-25T02:12:08.878+0800: [Tenured: 339038K->349477K(349568K), 0.0406818 secs] 496286K->350897K(506816K), [Metaspace: 2844K->2844K(1056768K)], 0.0408081 secs] [Times: user=0.05 sys=0.00, real=0.04 secs] 
2021-09-25T02:12:08.939+0800: [Full GC (Allocation Failure) 2021-09-25T02:12:08.939+0800: [Tenured: 349513K->349082K(349568K), 0.0451308 secs] 506757K->349082K(506816K), [Metaspace: 2844K->2844K(1056768K)], 0.0451883 secs] [Times: user=0.05 sys=0.00, real=0.05 secs] 
2021-09-25T02:12:09.003+0800: [GC (Allocation Failure) 2021-09-25T02:12:09.003+0800: [DefNew: 139438K->139438K(157248K), 0.0000205 secs]2021-09-25T02:12:09.003+0800: [Tenured: 349082K->347752K(349568K), 0.0447611 secs] 488520K->347752K(506816K), [Metaspace: 2844K->2844K(1056768K)], 0.0448423 secs] [Times: user=0.05 sys=0.00, real=0.05 secs] 
2021-09-25T02:12:09.065+0800: [GC (Allocation Failure) 2021-09-25T02:12:09.065+0800: [DefNew: 139776K->139776K(157248K), 0.0000207 secs]2021-09-25T02:12:09.065+0800: [Tenured: 347752K->337475K(349568K), 0.0503110 secs] 487528K->337475K(506816K), [Metaspace: 2844K->2844K(1056768K)], 0.0503961 secs] [Times: user=0.05 sys=0.00, real=0.05 secs] 
2021-09-25T02:12:09.133+0800: [GC (Allocation Failure) 2021-09-25T02:12:09.133+0800: [DefNew: 139776K->139776K(157248K), 0.0000205 secs]2021-09-25T02:12:09.133+0800: [Tenured: 337475K->349542K(349568K), 0.0308934 secs] 477251K->362322K(506816K), [Metaspace: 2844K->2844K(1056768K)], 0.0309779 secs] [Times: user=0.02 sys=0.00, real=0.03 secs] 
2021-09-25T02:12:09.182+0800: [Full GC (Allocation Failure) 2021-09-25T02:12:09.182+0800: [Tenured: 349542K->349134K(349568K), 0.0422464 secs] 506711K->373149K(506816K), [Metaspace: 2844K->2844K(1056768K)], 0.0422989 secs] [Times: user=0.03 sys=0.00, real=0.04 secs] 
2021-09-25T02:12:09.239+0800: [Full GC (Allocation Failure) 2021-09-25T02:12:09.240+0800: [Tenured: 349422K->349510K(349568K), 0.0457459 secs] 506602K->378008K(506816K), [Metaspace: 2844K->2844K(1056768K)], 0.0458176 secs] [Times: user=0.05 sys=0.00, real=0.05 secs] 
end all count:11570
Heap
 def new generation   total 157248K, used 34341K [0x00000000e0000000, 0x00000000eaaa0000, 0x00000000eaaa0000)
  eden space 139776K,  24% used [0x00000000e0000000, 0x00000000e2189688, 0x00000000e8880000)
  from space 17472K,   0% used [0x00000000e9990000, 0x00000000e9990000, 0x00000000eaaa0000)
  to   space 17472K,   0% used [0x00000000e8880000, 0x00000000e8880000, 0x00000000e9990000)
 tenured generation   total 349568K, used 349510K [0x00000000eaaa0000, 0x0000000100000000, 0x0000000100000000)
   the space 349568K,  99% used [0x00000000eaaa0000, 0x00000000ffff1880, 0x00000000ffff1a00, 0x0000000100000000)
 Metaspace       used 2851K, capacity 4486K, committed 4864K, reserved 1056768K
  class space    used 309K, capacity 386K, committed 512K, reserved 1048576K
